******************************************************************************
                  TI ARM Linker PC v20.2.5                     
******************************************************************************
>> Linked Thu Jun  2 09:11:57 2022

OUTPUT FILE NAME:   <proyecto2.out>
ENTRY POINT SYMBOL: "_c_int00_noargs"  address: 000023d1


MEMORY CONFIGURATION

         name            origin    length      used     unused   attr    fill
----------------------  --------  ---------  --------  --------  ----  --------
  FLASH                 00000000   00040000  000029f0  0003d610  R  X
  SRAM                  20000000   00008000  00001314  00006cec  RW X


SEGMENT ALLOCATION MAP

run origin  load origin   length   init length attrs members
----------  ----------- ---------- ----------- ----- -------
00000000    00000000    000029f8   000029f8    r-x
  00000000    00000000    0000026c   0000026c    r-- .intvecs
  0000026c    0000026c    00002408   00002408    r-x .text
  00002678    00002678    0000033c   0000033c    r-- .const
  000029b8    000029b8    00000040   00000040    r-- .cinit
20000000    20000000    00001318   00000000    rw-
  20000000    20000000    0000103c   00000000    rw- .bss
  20001040    20001040    00000200   00000000    rw- .stack
  20001240    20001240    000000d8   00000000    rw- .data


SECTION ALLOCATION MAP

 output                                  attributes/
section   page    origin      length       input sections
--------  ----  ----------  ----------   ----------------
.intvecs   0    00000000    0000026c     
                  00000000    0000026c     tm4c123gh6pm_startup_ccs.obj (.intvecs)

.text      0    0000026c    00002408     
                  0000026c    00000f54     proyecto.obj (.text)
                  000011c0    00000460     rtsv7M4_T_le_v4SPD16_eabi.lib : strtod.c.obj (.text:strtod)
                  00001620    000001b6                                   : fd_add_t2.asm.obj (.text)
                  000017d6    00000136                                   : fd_div_t2.asm.obj (.text)
                  0000190c    00000132     driverlib.lib : gpio.obj (.text:GPIOPadConfigSet)
                  00001a3e    00000002     --HOLE-- [fill = 0]
                  00001a40    00000110                   : sysctl.obj (.text:SysCtlClockGet)
                  00001b50    00000110     rtsv7M4_T_le_v4SPD16_eabi.lib : s_scalbn.c.obj (.text:scalbn)
                  00001c60    000000fc                                   : fd_mul_t2.asm.obj (.text)
                  00001d5c    000000f4     driverlib.lib : sysctl.obj (.text:SysCtlClockSet)
                  00001e50    0000009c     rtsv7M4_T_le_v4SPD16_eabi.lib : memcpy_t2.asm.obj (.text)
                  00001eec    00000086                                   : fd_cmp_t2.asm.obj (.text:__aeabi_cdcmple)
                  00001f72    0000007a     driverlib.lib : adc.obj (.text:ADCSequenceStepConfigure)
                  00001fec    0000007a     rtsv7M4_T_le_v4SPD16_eabi.lib : memset_t2.asm.obj (.text)
                  00002066    0000006e                                   : fd_tos_t2.asm.obj (.text)
                  000020d4    00000068     driverlib.lib : interrupt.obj (.text:IntEnable)
                  0000213c    00000068     rtsv7M4_T_le_v4SPD16_eabi.lib : copy_decompress_lzss.c.obj (.text:decompress:lzss:__TI_decompress_lzss)
                  000021a4    00000060     driverlib.lib : timer.obj (.text:TimerConfigure)
                  00002204    00000050                   : adc.obj (.text:ADCSequenceConfigure)
                  00002254    00000048                   : gpio.obj (.text:GPIOPinConfigure)
                  0000229c    00000046                   : uart.obj (.text:UARTConfigSetExpClk)
                  000022e2    00000002     --HOLE-- [fill = 0]
                  000022e4    00000044     rtsv7M4_T_le_v4SPD16_eabi.lib : autoinit.c.obj (.text:__TI_auto_init_nobinit_nopinit:__TI_auto_init_nobinit_nopinit)
                  00002328    0000003c     driverlib.lib : ssi.obj (.text:SSIConfigSetExpClk)
                  00002364    00000038                   : sysctl.obj (.text:SysCtlPeripheralReady)
                  0000239c    00000034                   : sysctl.obj (.text:SysCtlPeripheralEnable)
                  000023d0    00000034     rtsv7M4_T_le_v4SPD16_eabi.lib : boot_cortex_m.c.obj (.text:_c_int00_noargs:_c_int00_noargs)
                  00002404    0000002e     driverlib.lib : adc.obj (.text:ADCIntStatus)
                  00002432    0000002a                   : gpio.obj (.text:GPIODirModeSet)
                  0000245c    00000020                   : uart.obj (.text:UARTDisable)
                  0000247c    0000001e                   : adc.obj (.text:ADCSequenceDataGet)
                  0000249a    0000001a     rtsv7M4_T_le_v4SPD16_eabi.lib : s_copysign.c.obj (.text:copysign)
                  000024b4    00000018     driverlib.lib : adc.obj (.text:ADCProcessorTrigger)
                  000024cc    00000018                   : gpio.obj (.text:GPIOPinTypeGPIOOutput)
                  000024e4    00000014                   : uart.obj (.text:UARTEnable)
                  000024f8    00000014     rtsv7M4_T_le_v4SPD16_eabi.lib : strcpy.c.obj (.text:strcpy)
                  0000250c    00000012     driverlib.lib : gpio.obj (.text:GPIOPinTypeADC)
                  0000251e    00000012                   : gpio.obj (.text:GPIOPinTypeGPIOInput)
                  00002530    00000012                   : gpio.obj (.text:GPIOPinTypeSSI)
                  00002542    00000012                   : gpio.obj (.text:GPIOPinTypeUART)
                  00002554    00000012                   : ssi.obj (.text:SSIDataGetNonBlocking)
                  00002566    00000012                   : timer.obj (.text:TimerLoadSet)
                  00002578    00000012     rtsv7M4_T_le_v4SPD16_eabi.lib : atof.c.obj (.text:atof)
                  0000258a    00000010     driverlib.lib : interrupt.obj (.text:IntMasterEnable)
                  0000259a    0000000e                   : adc.obj (.text:ADCSequenceEnable)
                  000025a8    0000000e                   : timer.obj (.text:TimerEnable)
                  000025b6    0000000e                   : uart.obj (.text:UARTCharGetNonBlocking)
                  000025c4    0000000e                   : uart.obj (.text:UARTCharsAvail)
                  000025d2    0000000e     rtsv7M4_T_le_v4SPD16_eabi.lib : copy_decompress_none.c.obj (.text:decompress:none:__TI_decompress_none)
                  000025e0    0000000c     driverlib.lib : cpu.obj (.text:CPUcpsie)
                  000025ec    0000000c     rtsv7M4_T_le_v4SPD16_eabi.lib : copy_zero_init.c.obj (.text:decompress:ZI:__TI_zero_init)
                  000025f8    0000000c     tm4c123gh6pm_startup_ccs.obj (.text)
                  00002604    0000000a     driverlib.lib : adc.obj (.text:ADCIntClear)
                  0000260e    0000000a                   : ssi.obj (.text:SSIDataPut)
                  00002618    0000000a                   : ssi.obj (.text:SSIEnable)
                  00002622    0000000a                   : uart.obj (.text:UARTCharPut)
                  0000262c    0000000a                   : uart.obj (.text:UARTIntStatus)
                  00002636    00000008                   : ssi.obj (.text:SSIBusy)
                  0000263e    00000008                   : timer.obj (.text:TimerIntEnable)
                  00002646    00000008                   : uart.obj (.text:UARTIntEnable)
                  0000264e    00000002     --HOLE-- [fill = 0]
                  00002650    00000008     rtsv7M4_T_le_v4SPD16_eabi.lib : errno.c.obj (.text:__aeabi_errno_addr)
                  00002658    00000006     driverlib.lib : gpio.obj (.text:GPIOPinWrite)
                  0000265e    00000006                   : sysctl.obj (.text:SysCtlDelay)
                  00002664    00000004                   : timer.obj (.text:TimerIntClear)
                  00002668    00000004                   : uart.obj (.text:UARTIntClear)
                  0000266c    00000004     rtsv7M4_T_le_v4SPD16_eabi.lib : pre_init.c.obj (.text:_system_pre_init)
                  00002670    00000004                                   : exit.c.obj (.text:abort:abort)

.const     0    00002678    0000033c     
                  00002678    00000101     rtsv7M4_T_le_v4SPD16_eabi.lib : ctype.c.obj (.const:.string:_ctypes_)
                  00002779    00000007     --HOLE-- [fill = 0]
                  00002780    000000c8                                   : strtod.c.obj (.const:$O1$$)
                  00002848    00000090     driverlib.lib : gpio.obj (.const:g_pui32GPIOBaseAddrs)
                  000028d8    00000070                   : interrupt.obj (.const)
                  00002948    0000006c                   : sysctl.obj (.const:g_pui32Xtals)

.cinit     0    000029b8    00000040     
                  000029b8    00000017     (.cinit..data.load) [load image, compression = lzss]
                  000029cf    00000001     --HOLE-- [fill = 0]
                  000029d0    0000000c     (__TI_handler_table)
                  000029dc    00000004     --HOLE-- [fill = 0]
                  000029e0    00000008     (.cinit..bss.load) [load image, compression = zero_init]
                  000029e8    00000010     (__TI_cinit_table)

.init_array 
*          0    00000000    00000000     UNINITIALIZED

.bss       0    20000000    0000103c     UNINITIALIZED
                  20000000    00000fa0     (.common:grabacion)
                  20000fa0    0000000c     (.common:StrNumMuestras)
                  20000fac    00000008     (.common:StrD0)
                  20000fb4    00000008     (.common:StrD1)
                  20000fbc    00000008     (.common:StrD2)
                  20000fc4    00000008     (.common:StrD3)
                  20000fcc    00000008     (.common:StrD4)
                  20000fd4    00000008     (.common:StrD5)
                  20000fdc    00000008     (.common:StrD6)
                  20000fe4    00000008     (.common:StrD7)
                  20000fec    00000008     (.common:StrD8)
                  20000ff4    00000008     (.common:StrN0)
                  20000ffc    00000008     (.common:StrN1)
                  20001004    00000008     (.common:StrN2)
                  2000100c    00000008     (.common:StrN3)
                  20001014    00000008     (.common:StrN4)
                  2000101c    00000008     (.common:StrN5)
                  20001024    00000008     (.common:StrN6)
                  2000102c    00000008     (.common:StrN7)
                  20001034    00000008     (.common:StrN8)

.data      0    20001240    000000d8     UNINITIALIZED
                  20001240    000000d4     proyecto.obj (.data)
                  20001314    00000004     rtsv7M4_T_le_v4SPD16_eabi.lib : errno.c.obj (.data)

.stack     0    20001040    00000200     UNINITIALIZED
                  20001040    00000004     rtsv7M4_T_le_v4SPD16_eabi.lib : boot_cortex_m.c.obj (.stack)
                  20001044    000001fc     --HOLE--

__llvm_prf_cnts 
*          0    20000000    00000000     UNINITIALIZED

MODULE SUMMARY

       Module                         code   ro data   rw data
       ------                         ----   -------   -------
    .\
       proyecto.obj                   3924   0         4368   
       tm4c123gh6pm_startup_ccs.obj   12     620       0      
    +--+------------------------------+------+---------+---------+
       Total:                         3936   620       4368   
                                                              
    C:/ti/TivaWare_C_Series-2.1.4.178/driverlib/ccs/Debug/driverlib.lib
       sysctl.obj                     630    108       0      
       gpio.obj                       522    144       0      
       adc.obj                        326    0         0      
       interrupt.obj                  120    112       0      
       uart.obj                       182    0         0      
       timer.obj                      140    0         0      
       ssi.obj                        106    0         0      
       cpu.obj                        12     0         0      
    +--+------------------------------+------+---------+---------+
       Total:                         2038   364       0      
                                                              
    C:\ti\ccs1031\ccs\tools\compiler\ti-cgt-arm_20.2.5.LTS\lib\rtsv7M4_T_le_v4SPD16_eabi.lib
       strtod.c.obj                   1120   200       0      
       fd_add_t2.asm.obj              438    0         0      
       fd_div_t2.asm.obj              310    0         0      
       s_scalbn.c.obj                 272    0         0      
       ctype.c.obj                    0      257       0      
       fd_mul_t2.asm.obj              252    0         0      
       memcpy_t2.asm.obj              156    0         0      
       fd_cmp_t2.asm.obj              134    0         0      
       memset_t2.asm.obj              122    0         0      
       fd_tos_t2.asm.obj              110    0         0      
       copy_decompress_lzss.c.obj     104    0         0      
       autoinit.c.obj                 68     0         0      
       boot_cortex_m.c.obj            52     0         0      
       s_copysign.c.obj               26     0         0      
       strcpy.c.obj                   20     0         0      
       atof.c.obj                     18     0         0      
       copy_decompress_none.c.obj     14     0         0      
       copy_zero_init.c.obj           12     0         0      
       errno.c.obj                    8      0         4      
       exit.c.obj                     4      0         0      
       pre_init.c.obj                 4      0         0      
    +--+------------------------------+------+---------+---------+
       Total:                         3244   457       4      
                                                              
       Stack:                         0      0         512    
       Linker Generated:              0      59        0      
    +--+------------------------------+------+---------+---------+
       Grand Total:                   9218   1500      4884   


LINKER GENERATED COPY TABLES

__TI_cinit_table @ 000029e8 records: 2, size/record: 8, table size: 16
	.data: load addr=000029b8, load size=00000017 bytes, run addr=20001240, run size=000000d8 bytes, compression=lzss
	.bss: load addr=000029e0, load size=00000008 bytes, run addr=20000000, run size=0000103c bytes, compression=zero_init


LINKER GENERATED HANDLER TABLE

__TI_handler_table @ 000029d0 records: 3, size/record: 4, table size: 12
	index: 0, handler: __TI_decompress_lzss
	index: 1, handler: __TI_decompress_none
	index: 2, handler: __TI_zero_init


GLOBAL SYMBOLS: SORTED ALPHABETICALLY BY Name 

address   name                          
-------   ----                          
00002605  ADCIntClear                   
00002405  ADCIntStatus                  
000024b5  ADCProcessorTrigger           
00002205  ADCSequenceConfigure          
0000247d  ADCSequenceDataGet            
0000259b  ADCSequenceEnable             
00001f73  ADCSequenceStepConfigure      
00002671  C$$EXIT                       
000025e1  CPUcpsie                      
200012c4  DigCoef                       
200012c0  DigNumMues                    
00002433  GPIODirModeSet                
0000190d  GPIOPadConfigSet              
00002255  GPIOPinConfigure              
0000250d  GPIOPinTypeADC                
0000251f  GPIOPinTypeGPIOInput          
000024cd  GPIOPinTypeGPIOOutput         
00002531  GPIOPinTypeSSI                
00002543  GPIOPinTypeUART               
00002659  GPIOPinWrite                  
0000037d  InitUART                      
000020d5  IntEnable                     
0000258b  IntMasterEnable               
200012b4  MuestraR                      
200012ac  NumMuestrasD                  
200012b0  NumMuestrasR                  
000025f9  ResetISR                      
00002637  SSIBusy                       
00002329  SSIConfigSetExpClk            
00002555  SSIDataGetNonBlocking         
0000260f  SSIDataPut                    
00002619  SSIEnable                     
20000fac  StrD0                         
20000fb4  StrD1                         
20000fbc  StrD2                         
20000fc4  StrD3                         
20000fcc  StrD4                         
20000fd4  StrD5                         
20000fdc  StrD6                         
20000fe4  StrD7                         
20000fec  StrD8                         
20000ff4  StrN0                         
20000ffc  StrN1                         
20001004  StrN2                         
2000100c  StrN3                         
20001014  StrN4                         
2000101c  StrN5                         
20001024  StrN6                         
2000102c  StrN7                         
20001034  StrN8                         
20000fa0  StrNumMuestras                
00001a41  SysCtlClockGet                
00001d5d  SysCtlClockSet                
0000265f  SysCtlDelay                   
0000239d  SysCtlPeripheralEnable        
00002365  SysCtlPeripheralReady         
00000bf9  Timer0IntHandler              
000021a5  TimerConfigure                
000025a9  TimerEnable                   
00002665  TimerIntClear                 
0000263f  TimerIntEnable                
00002567  TimerLoadSet                  
000025b7  UARTCharGetNonBlocking        
00002623  UARTCharPut                   
000025c5  UARTCharsAvail                
0000229d  UARTConfigSetExpClk           
0000245d  UARTDisable                   
000024e5  UARTEnable                    
00000295  UARTInt                       
00002669  UARTIntClear                  
00002647  UARTIntEnable                 
000003cd  UARTIntHandler                
0000262d  UARTIntStatus                 
0000026d  UARTSend                      
20001240  __STACK_END                   
00000200  __STACK_SIZE                  
20001240  __STACK_TOP                   
000029e8  __TI_CINIT_Base               
000029f8  __TI_CINIT_Limit              
000029d0  __TI_Handler_Table_Base       
000029dc  __TI_Handler_Table_Limit      
000022e5  __TI_auto_init_nobinit_nopinit
0000213d  __TI_decompress_lzss          
000025d3  __TI_decompress_none          
ffffffff  __TI_pprof_out_hndl           
ffffffff  __TI_prof_data_size           
ffffffff  __TI_prof_data_start          
00000000  __TI_static_base__            
000025ed  __TI_zero_init                
00001eed  __aeabi_cdcmpeq               
00001eed  __aeabi_cdcmple               
00002067  __aeabi_d2f                   
0000162b  __aeabi_dadd                  
000017d7  __aeabi_ddiv                  
00001c61  __aeabi_dmul                  
00001621  __aeabi_dsub                  
00002651  __aeabi_errno_addr            
00001fed  __aeabi_memclr                
00001fed  __aeabi_memclr4               
00001fed  __aeabi_memclr8               
00001e51  __aeabi_memcpy                
00001e51  __aeabi_memcpy4               
00001e51  __aeabi_memcpy8               
00001fef  __aeabi_memset                
00001fef  __aeabi_memset4               
00001fef  __aeabi_memset8               
ffffffff  __binit__                     
ffffffff  __c_args__                    
UNDEFED   __mpu_init                    
20001040  __stack                       
20000000  __start___llvm_prf_cnts       
20000000  __stop___llvm_prf_cnts        
000023d1  _c_int00_noargs               
00002678  _ctypes_                      
UNDEFED   _system_post_cinit            
0000266d  _system_pre_init              
200012f0  a0                            
200012f4  a1                            
200012f8  a2                            
200012fc  a3                            
20001300  a4                            
20001304  a5                            
20001308  a6                            
2000130c  a7                            
20001310  a8                            
00002671  abort                         
00002579  atof                          
200012cc  b0                            
200012d0  b1                            
200012d4  b2                            
200012d8  b3                            
200012dc  b4                            
200012e0  b5                            
200012e4  b6                            
200012e8  b7                            
200012ec  b8                            
200012c8  banderita                     
ffffffff  binit                         
2000128c  cont                          
0000249b  copysign                      
0000249b  copysignl                     
2000129c  demand                        
200012a8  den                           
20001314  errno                         
00000000  g_pfnVectors                  
20000000  grabacion                     
200012b8  grabar                        
20001288  i                             
00001b51  ldexp                         
00001b51  ldexpl                        
20001298  live                          
00000ffd  main                          
00001e51  memcpy                        
00001ff5  memset                        
20001294  modo                          
200012a4  num                           
200012a0  proceso                       
20001290  recibido                      
2000128e  salida                        
00001b51  scalbn                        
00001b51  scalbnl                       
000024f9  strcpy                        
000011c1  strtod                        
000011c1  strtold                       
200012bc  temp                          
20001264  xn                            
20001268  xn_1                          
2000126c  xn_2                          
20001270  xn_3                          
20001274  xn_4                          
20001278  xn_5                          
2000127c  xn_6                          
20001280  xn_7                          
20001284  xn_8                          
20001240  yn                            
20001244  yn_1                          
20001248  yn_2                          
2000124c  yn_3                          
20001250  yn_4                          
20001254  yn_5                          
20001258  yn_6                          
2000125c  yn_7                          
20001260  yn_8                          


GLOBAL SYMBOLS: SORTED BY Symbol Address 

address   name                          
-------   ----                          
00000000  __TI_static_base__            
00000000  g_pfnVectors                  
00000200  __STACK_SIZE                  
0000026d  UARTSend                      
00000295  UARTInt                       
0000037d  InitUART                      
000003cd  UARTIntHandler                
00000bf9  Timer0IntHandler              
00000ffd  main                          
000011c1  strtod                        
000011c1  strtold                       
00001621  __aeabi_dsub                  
0000162b  __aeabi_dadd                  
000017d7  __aeabi_ddiv                  
0000190d  GPIOPadConfigSet              
00001a41  SysCtlClockGet                
00001b51  ldexp                         
00001b51  ldexpl                        
00001b51  scalbn                        
00001b51  scalbnl                       
00001c61  __aeabi_dmul                  
00001d5d  SysCtlClockSet                
00001e51  __aeabi_memcpy                
00001e51  __aeabi_memcpy4               
00001e51  __aeabi_memcpy8               
00001e51  memcpy                        
00001eed  __aeabi_cdcmpeq               
00001eed  __aeabi_cdcmple               
00001f73  ADCSequenceStepConfigure      
00001fed  __aeabi_memclr                
00001fed  __aeabi_memclr4               
00001fed  __aeabi_memclr8               
00001fef  __aeabi_memset                
00001fef  __aeabi_memset4               
00001fef  __aeabi_memset8               
00001ff5  memset                        
00002067  __aeabi_d2f                   
000020d5  IntEnable                     
0000213d  __TI_decompress_lzss          
000021a5  TimerConfigure                
00002205  ADCSequenceConfigure          
00002255  GPIOPinConfigure              
0000229d  UARTConfigSetExpClk           
000022e5  __TI_auto_init_nobinit_nopinit
00002329  SSIConfigSetExpClk            
00002365  SysCtlPeripheralReady         
0000239d  SysCtlPeripheralEnable        
000023d1  _c_int00_noargs               
00002405  ADCIntStatus                  
00002433  GPIODirModeSet                
0000245d  UARTDisable                   
0000247d  ADCSequenceDataGet            
0000249b  copysign                      
0000249b  copysignl                     
000024b5  ADCProcessorTrigger           
000024cd  GPIOPinTypeGPIOOutput         
000024e5  UARTEnable                    
000024f9  strcpy                        
0000250d  GPIOPinTypeADC                
0000251f  GPIOPinTypeGPIOInput          
00002531  GPIOPinTypeSSI                
00002543  GPIOPinTypeUART               
00002555  SSIDataGetNonBlocking         
00002567  TimerLoadSet                  
00002579  atof                          
0000258b  IntMasterEnable               
0000259b  ADCSequenceEnable             
000025a9  TimerEnable                   
000025b7  UARTCharGetNonBlocking        
000025c5  UARTCharsAvail                
000025d3  __TI_decompress_none          
000025e1  CPUcpsie                      
000025ed  __TI_zero_init                
000025f9  ResetISR                      
00002605  ADCIntClear                   
0000260f  SSIDataPut                    
00002619  SSIEnable                     
00002623  UARTCharPut                   
0000262d  UARTIntStatus                 
00002637  SSIBusy                       
0000263f  TimerIntEnable                
00002647  UARTIntEnable                 
00002651  __aeabi_errno_addr            
00002659  GPIOPinWrite                  
0000265f  SysCtlDelay                   
00002665  TimerIntClear                 
00002669  UARTIntClear                  
0000266d  _system_pre_init              
00002671  C$$EXIT                       
00002671  abort                         
00002678  _ctypes_                      
000029d0  __TI_Handler_Table_Base       
000029dc  __TI_Handler_Table_Limit      
000029e8  __TI_CINIT_Base               
000029f8  __TI_CINIT_Limit              
20000000  __start___llvm_prf_cnts       
20000000  __stop___llvm_prf_cnts        
20000000  grabacion                     
20000fa0  StrNumMuestras                
20000fac  StrD0                         
20000fb4  StrD1                         
20000fbc  StrD2                         
20000fc4  StrD3                         
20000fcc  StrD4                         
20000fd4  StrD5                         
20000fdc  StrD6                         
20000fe4  StrD7                         
20000fec  StrD8                         
20000ff4  StrN0                         
20000ffc  StrN1                         
20001004  StrN2                         
2000100c  StrN3                         
20001014  StrN4                         
2000101c  StrN5                         
20001024  StrN6                         
2000102c  StrN7                         
20001034  StrN8                         
20001040  __stack                       
20001240  __STACK_END                   
20001240  __STACK_TOP                   
20001240  yn                            
20001244  yn_1                          
20001248  yn_2                          
2000124c  yn_3                          
20001250  yn_4                          
20001254  yn_5                          
20001258  yn_6                          
2000125c  yn_7                          
20001260  yn_8                          
20001264  xn                            
20001268  xn_1                          
2000126c  xn_2                          
20001270  xn_3                          
20001274  xn_4                          
20001278  xn_5                          
2000127c  xn_6                          
20001280  xn_7                          
20001284  xn_8                          
20001288  i                             
2000128c  cont                          
2000128e  salida                        
20001290  recibido                      
20001294  modo                          
20001298  live                          
2000129c  demand                        
200012a0  proceso                       
200012a4  num                           
200012a8  den                           
200012ac  NumMuestrasD                  
200012b0  NumMuestrasR                  
200012b4  MuestraR                      
200012b8  grabar                        
200012bc  temp                          
200012c0  DigNumMues                    
200012c4  DigCoef                       
200012c8  banderita                     
200012cc  b0                            
200012d0  b1                            
200012d4  b2                            
200012d8  b3                            
200012dc  b4                            
200012e0  b5                            
200012e4  b6                            
200012e8  b7                            
200012ec  b8                            
200012f0  a0                            
200012f4  a1                            
200012f8  a2                            
200012fc  a3                            
20001300  a4                            
20001304  a5                            
20001308  a6                            
2000130c  a7                            
20001310  a8                            
20001314  errno                         
ffffffff  __TI_pprof_out_hndl           
ffffffff  __TI_prof_data_size           
ffffffff  __TI_prof_data_start          
ffffffff  __binit__                     
ffffffff  __c_args__                    
ffffffff  binit                         
UNDEFED   __mpu_init                    
UNDEFED   _system_post_cinit            

[183 symbols]
