******************************************************************************
                  TI ARM Linker PC v20.2.5                     
******************************************************************************
>> Linked Tue May 17 18:49:30 2022

OUTPUT FILE NAME:   <proyecto2.out>
ENTRY POINT SYMBOL: "_c_int00_noargs"  address: 000017c1


MEMORY CONFIGURATION

         name            origin    length      used     unused   attr    fill
----------------------  --------  ---------  --------  --------  ----  --------
  FLASH                 00000000   00040000  00001d9a  0003e266  R  X
  SRAM                  20000000   00008000  00000224  00007ddc  RW X


SEGMENT ALLOCATION MAP

run origin  load origin   length   init length attrs members
----------  ----------- ---------- ----------- ----- -------
00000000    00000000    00001da0   00001da0    r-x
  00000000    00000000    0000026c   0000026c    r-- .intvecs
  0000026c    0000026c    000017d2   000017d2    r-x .text
  00001a40    00001a40    0000033c   0000033c    r-- .const
  00001d80    00001d80    00000020   00000020    r-- .cinit
20000000    20000000    00000224   00000000    rw-
  20000000    20000000    00000200   00000000    rw- .stack
  20000200    20000200    00000024   00000000    rw- .data


SECTION ALLOCATION MAP

 output                                  attributes/
section   page    origin      length       input sections
--------  ----  ----------  ----------   ----------------
.intvecs   0    00000000    0000026c     
                  00000000    0000026c     tm4c123gh6pm_startup_ccs.obj (.intvecs)

.text      0    0000026c    000017d2     
                  0000026c    00000460     rtsv7M4_T_le_v4SPD16_eabi.lib : strtod.c.obj (.text:strtod)
                  000006cc    0000042c     proyecto.obj (.text)
                  00000af8    000001b6     rtsv7M4_T_le_v4SPD16_eabi.lib : fd_add_t2.asm.obj (.text)
                  00000cae    00000136                                   : fd_div_t2.asm.obj (.text)
                  00000de4    00000132     driverlib.lib : gpio.obj (.text:GPIOPadConfigSet)
                  00000f16    00000002     --HOLE-- [fill = 0]
                  00000f18    00000110                   : sysctl.obj (.text:SysCtlClockGet)
                  00001028    00000110     rtsv7M4_T_le_v4SPD16_eabi.lib : s_scalbn.c.obj (.text:scalbn)
                  00001138    000000fc                                   : fd_mul_t2.asm.obj (.text)
                  00001234    000000f4     driverlib.lib : sysctl.obj (.text:SysCtlClockSet)
                  00001328    0000009c     rtsv7M4_T_le_v4SPD16_eabi.lib : memcpy_t2.asm.obj (.text)
                  000013c4    00000086                                   : fd_cmp_t2.asm.obj (.text:__aeabi_cdcmple)
                  0000144a    0000007a     driverlib.lib : adc.obj (.text:ADCSequenceStepConfigure)
                  000014c4    00000068                   : interrupt.obj (.text:IntEnable)
                  0000152c    00000068     rtsv7M4_T_le_v4SPD16_eabi.lib : copy_decompress_lzss.c.obj (.text:decompress:lzss:__TI_decompress_lzss)
                  00001594    00000060     driverlib.lib : timer.obj (.text:TimerConfigure)
                  000015f4    00000050                   : adc.obj (.text:ADCSequenceConfigure)
                  00001644    00000048                   : gpio.obj (.text:GPIOPinConfigure)
                  0000168c    00000046                   : uart.obj (.text:UARTConfigSetExpClk)
                  000016d2    00000002     --HOLE-- [fill = 0]
                  000016d4    00000044     rtsv7M4_T_le_v4SPD16_eabi.lib : autoinit.c.obj (.text:__TI_auto_init_nobinit_nopinit:__TI_auto_init_nobinit_nopinit)
                  00001718    0000003c     driverlib.lib : ssi.obj (.text:SSIConfigSetExpClk)
                  00001754    00000038                   : sysctl.obj (.text:SysCtlPeripheralReady)
                  0000178c    00000034                   : sysctl.obj (.text:SysCtlPeripheralEnable)
                  000017c0    00000034     rtsv7M4_T_le_v4SPD16_eabi.lib : boot_cortex_m.c.obj (.text:_c_int00_noargs:_c_int00_noargs)
                  000017f4    0000002e     driverlib.lib : adc.obj (.text:ADCIntStatus)
                  00001822    0000002a                   : gpio.obj (.text:GPIODirModeSet)
                  0000184c    00000020                   : uart.obj (.text:UARTDisable)
                  0000186c    0000001e                   : adc.obj (.text:ADCSequenceDataGet)
                  0000188a    0000001a     rtsv7M4_T_le_v4SPD16_eabi.lib : s_copysign.c.obj (.text:copysign)
                  000018a4    00000018     driverlib.lib : adc.obj (.text:ADCProcessorTrigger)
                  000018bc    00000018                   : gpio.obj (.text:GPIOPinTypeGPIOOutput)
                  000018d4    00000014                   : uart.obj (.text:UARTEnable)
                  000018e8    00000012                   : gpio.obj (.text:GPIOPinTypeADC)
                  000018fa    00000012                   : gpio.obj (.text:GPIOPinTypeGPIOInput)
                  0000190c    00000012                   : gpio.obj (.text:GPIOPinTypeSSI)
                  0000191e    00000012                   : gpio.obj (.text:GPIOPinTypeUART)
                  00001930    00000012                   : ssi.obj (.text:SSIDataGetNonBlocking)
                  00001942    00000012                   : timer.obj (.text:TimerLoadSet)
                  00001954    00000012     rtsv7M4_T_le_v4SPD16_eabi.lib : atof.c.obj (.text:atof)
                  00001966    00000010     driverlib.lib : interrupt.obj (.text:IntMasterEnable)
                  00001976    0000000e                   : adc.obj (.text:ADCSequenceEnable)
                  00001984    0000000e                   : timer.obj (.text:TimerEnable)
                  00001992    0000000e                   : uart.obj (.text:UARTCharGetNonBlocking)
                  000019a0    0000000e                   : uart.obj (.text:UARTCharsAvail)
                  000019ae    0000000e     rtsv7M4_T_le_v4SPD16_eabi.lib : copy_decompress_none.c.obj (.text:decompress:none:__TI_decompress_none)
                  000019bc    0000000c     driverlib.lib : cpu.obj (.text:CPUcpsie)
                  000019c8    0000000c     tm4c123gh6pm_startup_ccs.obj (.text)
                  000019d4    0000000a     driverlib.lib : adc.obj (.text:ADCIntClear)
                  000019de    0000000a                   : ssi.obj (.text:SSIDataPut)
                  000019e8    0000000a                   : ssi.obj (.text:SSIEnable)
                  000019f2    0000000a                   : uart.obj (.text:UARTCharPut)
                  000019fc    0000000a                   : uart.obj (.text:UARTIntStatus)
                  00001a06    00000008                   : ssi.obj (.text:SSIBusy)
                  00001a0e    00000008                   : timer.obj (.text:TimerIntEnable)
                  00001a16    00000008                   : uart.obj (.text:UARTIntEnable)
                  00001a1e    00000002     --HOLE-- [fill = 0]
                  00001a20    00000008     rtsv7M4_T_le_v4SPD16_eabi.lib : errno.c.obj (.text:__aeabi_errno_addr)
                  00001a28    00000006     driverlib.lib : sysctl.obj (.text:SysCtlDelay)
                  00001a2e    00000004                   : timer.obj (.text:TimerIntClear)
                  00001a32    00000004                   : uart.obj (.text:UARTIntClear)
                  00001a36    00000004     rtsv7M4_T_le_v4SPD16_eabi.lib : pre_init.c.obj (.text:_system_pre_init)
                  00001a3a    00000004                                   : exit.c.obj (.text:abort:abort)

.const     0    00001a40    0000033c     
                  00001a40    00000101     rtsv7M4_T_le_v4SPD16_eabi.lib : ctype.c.obj (.const:.string:_ctypes_)
                  00001b41    00000007     --HOLE-- [fill = 0]
                  00001b48    000000c8                                   : strtod.c.obj (.const:$O1$$)
                  00001c10    00000090     driverlib.lib : gpio.obj (.const:g_pui32GPIOBaseAddrs)
                  00001ca0    00000070                   : interrupt.obj (.const)
                  00001d10    0000006c                   : sysctl.obj (.const:g_pui32Xtals)

.cinit     0    00001d80    00000020     
                  00001d80    00000010     (.cinit..data.load) [load image, compression = lzss]
                  00001d90    00000008     (__TI_handler_table)
                  00001d98    00000008     (__TI_cinit_table)

.init_array 
*          0    00000000    00000000     UNINITIALIZED

.data      0    20000200    00000024     UNINITIALIZED
                  20000200    00000020     proyecto.obj (.data)
                  20000220    00000004     rtsv7M4_T_le_v4SPD16_eabi.lib : errno.c.obj (.data)

.stack     0    20000000    00000200     UNINITIALIZED
                  20000000    00000004     rtsv7M4_T_le_v4SPD16_eabi.lib : boot_cortex_m.c.obj (.stack)
                  20000004    000001fc     --HOLE--

__llvm_prf_cnts 
*          0    20000000    00000000     UNINITIALIZED

MODULE SUMMARY

       Module                         code   ro data   rw data
       ------                         ----   -------   -------
    .\
       proyecto.obj                   1068   0         32     
       tm4c123gh6pm_startup_ccs.obj   12     620       0      
    +--+------------------------------+------+---------+---------+
       Total:                         1080   620       32     
                                                              
    C:/ti/TivaWare_C_Series-2.1.4.178/driverlib/ccs/Debug/driverlib.lib
       sysctl.obj                     630    108       0      
       gpio.obj                       516    144       0      
       adc.obj                        326    0         0      
       interrupt.obj                  120    112       0      
       uart.obj                       182    0         0      
       timer.obj                      140    0         0      
       ssi.obj                        106    0         0      
       cpu.obj                        12     0         0      
    +--+------------------------------+------+---------+---------+
       Total:                         2032   364       0      
                                                              
    C:\ti\ccs1031\ccs\tools\compiler\ti-cgt-arm_20.2.5.LTS\lib\rtsv7M4_T_le_v4SPD16_eabi.lib
       strtod.c.obj                   1120   200       0      
       fd_add_t2.asm.obj              438    0         0      
       fd_div_t2.asm.obj              310    0         0      
       s_scalbn.c.obj                 272    0         0      
       ctype.c.obj                    0      257       0      
       fd_mul_t2.asm.obj              252    0         0      
       memcpy_t2.asm.obj              156    0         0      
       fd_cmp_t2.asm.obj              134    0         0      
       copy_decompress_lzss.c.obj     104    0         0      
       autoinit.c.obj                 68     0         0      
       boot_cortex_m.c.obj            52     0         0      
       s_copysign.c.obj               26     0         0      
       atof.c.obj                     18     0         0      
       copy_decompress_none.c.obj     14     0         0      
       errno.c.obj                    8      0         4      
       exit.c.obj                     4      0         0      
       pre_init.c.obj                 4      0         0      
    +--+------------------------------+------+---------+---------+
       Total:                         2980   457       4      
                                                              
       Stack:                         0      0         512    
       Linker Generated:              0      32        0      
    +--+------------------------------+------+---------+---------+
       Grand Total:                   6092   1473      548    


LINKER GENERATED COPY TABLES

__TI_cinit_table @ 00001d98 records: 1, size/record: 8, table size: 8
	.data: load addr=00001d80, load size=00000010 bytes, run addr=20000200, run size=00000024 bytes, compression=lzss


LINKER GENERATED HANDLER TABLE

__TI_handler_table @ 00001d90 records: 2, size/record: 4, table size: 8
	index: 0, handler: __TI_decompress_lzss
	index: 1, handler: __TI_decompress_none


GLOBAL SYMBOLS: SORTED ALPHABETICALLY BY Name 

address   name                          
-------   ----                          
000019d5  ADCIntClear                   
000017f5  ADCIntStatus                  
000018a5  ADCProcessorTrigger           
000015f5  ADCSequenceConfigure          
0000186d  ADCSequenceDataGet            
00001977  ADCSequenceEnable             
0000144b  ADCSequenceStepConfigure      
00001a3b  C$$EXIT                       
000019bd  CPUcpsie                      
00001823  GPIODirModeSet                
00000de5  GPIOPadConfigSet              
00001645  GPIOPinConfigure              
000018e9  GPIOPinTypeADC                
000018fb  GPIOPinTypeGPIOInput          
000018bd  GPIOPinTypeGPIOOutput         
0000190d  GPIOPinTypeSSI                
0000191f  GPIOPinTypeUART               
000007b9  InitUART                      
000014c5  IntEnable                     
00001967  IntMasterEnable               
000019c9  ResetISR                      
00001a07  SSIBusy                       
00001719  SSIConfigSetExpClk            
00001931  SSIDataGetNonBlocking         
000019df  SSIDataPut                    
000019e9  SSIEnable                     
00000f19  SysCtlClockGet                
00001235  SysCtlClockSet                
00001a29  SysCtlDelay                   
0000178d  SysCtlPeripheralEnable        
00001755  SysCtlPeripheralReady         
0000084b  Timer0IntHandler              
000008af  Timer1IntHandler              
00001595  TimerConfigure                
00001985  TimerEnable                   
00001a2f  TimerIntClear                 
00001a0f  TimerIntEnable                
00001943  TimerLoadSet                  
00001993  UARTCharGetNonBlocking        
000019f3  UARTCharPut                   
000019a1  UARTCharsAvail                
0000168d  UARTConfigSetExpClk           
0000184d  UARTDisable                   
000018d5  UARTEnable                    
000006cd  UARTInt                       
00001a33  UARTIntClear                  
00001a17  UARTIntEnable                 
000007fb  UARTIntHandler                
000019fd  UARTIntStatus                 
20000200  __STACK_END                   
00000200  __STACK_SIZE                  
20000200  __STACK_TOP                   
00001d98  __TI_CINIT_Base               
00001da0  __TI_CINIT_Limit              
00001d90  __TI_Handler_Table_Base       
00001d98  __TI_Handler_Table_Limit      
000016d5  __TI_auto_init_nobinit_nopinit
0000152d  __TI_decompress_lzss          
000019af  __TI_decompress_none          
ffffffff  __TI_pprof_out_hndl           
ffffffff  __TI_prof_data_size           
ffffffff  __TI_prof_data_start          
00000000  __TI_static_base__            
000013c5  __aeabi_cdcmpeq               
000013c5  __aeabi_cdcmple               
00000b03  __aeabi_dadd                  
00000caf  __aeabi_ddiv                  
00001139  __aeabi_dmul                  
00000af9  __aeabi_dsub                  
00001a21  __aeabi_errno_addr            
00001329  __aeabi_memcpy                
00001329  __aeabi_memcpy4               
00001329  __aeabi_memcpy8               
ffffffff  __binit__                     
ffffffff  __c_args__                    
UNDEFED   __mpu_init                    
20000000  __stack                       
20000000  __start___llvm_prf_cnts       
20000000  __stop___llvm_prf_cnts        
000017c1  _c_int00_noargs               
00001a40  _ctypes_                      
UNDEFED   _system_post_cinit            
00001a37  _system_pre_init              
00001a3b  abort                         
00001955  atof                          
ffffffff  binit                         
2000020c  cont                          
0000188b  copysign                      
0000188b  copysignl                     
20000220  errno                         
00000000  g_pfnVectors                  
20000208  i                             
00001029  ldexp                         
00001029  ldexpl                        
00000911  main                          
00001329  memcpy                        
20000210  modo                          
20000214  num_coef_grab                 
2000021c  num_muestras_grab             
20000218  num_muestras_ond              
2000020e  salida                        
00001029  scalbn                        
00001029  scalbnl                       
0000026d  strtod                        
0000026d  strtold                       
20000204  x_n                           
20000200  y_n                           


GLOBAL SYMBOLS: SORTED BY Symbol Address 

address   name                          
-------   ----                          
00000000  __TI_static_base__            
00000000  g_pfnVectors                  
00000200  __STACK_SIZE                  
0000026d  strtod                        
0000026d  strtold                       
000006cd  UARTInt                       
000007b9  InitUART                      
000007fb  UARTIntHandler                
0000084b  Timer0IntHandler              
000008af  Timer1IntHandler              
00000911  main                          
00000af9  __aeabi_dsub                  
00000b03  __aeabi_dadd                  
00000caf  __aeabi_ddiv                  
00000de5  GPIOPadConfigSet              
00000f19  SysCtlClockGet                
00001029  ldexp                         
00001029  ldexpl                        
00001029  scalbn                        
00001029  scalbnl                       
00001139  __aeabi_dmul                  
00001235  SysCtlClockSet                
00001329  __aeabi_memcpy                
00001329  __aeabi_memcpy4               
00001329  __aeabi_memcpy8               
00001329  memcpy                        
000013c5  __aeabi_cdcmpeq               
000013c5  __aeabi_cdcmple               
0000144b  ADCSequenceStepConfigure      
000014c5  IntEnable                     
0000152d  __TI_decompress_lzss          
00001595  TimerConfigure                
000015f5  ADCSequenceConfigure          
00001645  GPIOPinConfigure              
0000168d  UARTConfigSetExpClk           
000016d5  __TI_auto_init_nobinit_nopinit
00001719  SSIConfigSetExpClk            
00001755  SysCtlPeripheralReady         
0000178d  SysCtlPeripheralEnable        
000017c1  _c_int00_noargs               
000017f5  ADCIntStatus                  
00001823  GPIODirModeSet                
0000184d  UARTDisable                   
0000186d  ADCSequenceDataGet            
0000188b  copysign                      
0000188b  copysignl                     
000018a5  ADCProcessorTrigger           
000018bd  GPIOPinTypeGPIOOutput         
000018d5  UARTEnable                    
000018e9  GPIOPinTypeADC                
000018fb  GPIOPinTypeGPIOInput          
0000190d  GPIOPinTypeSSI                
0000191f  GPIOPinTypeUART               
00001931  SSIDataGetNonBlocking         
00001943  TimerLoadSet                  
00001955  atof                          
00001967  IntMasterEnable               
00001977  ADCSequenceEnable             
00001985  TimerEnable                   
00001993  UARTCharGetNonBlocking        
000019a1  UARTCharsAvail                
000019af  __TI_decompress_none          
000019bd  CPUcpsie                      
000019c9  ResetISR                      
000019d5  ADCIntClear                   
000019df  SSIDataPut                    
000019e9  SSIEnable                     
000019f3  UARTCharPut                   
000019fd  UARTIntStatus                 
00001a07  SSIBusy                       
00001a0f  TimerIntEnable                
00001a17  UARTIntEnable                 
00001a21  __aeabi_errno_addr            
00001a29  SysCtlDelay                   
00001a2f  TimerIntClear                 
00001a33  UARTIntClear                  
00001a37  _system_pre_init              
00001a3b  C$$EXIT                       
00001a3b  abort                         
00001a40  _ctypes_                      
00001d90  __TI_Handler_Table_Base       
00001d98  __TI_CINIT_Base               
00001d98  __TI_Handler_Table_Limit      
00001da0  __TI_CINIT_Limit              
20000000  __stack                       
20000000  __start___llvm_prf_cnts       
20000000  __stop___llvm_prf_cnts        
20000200  __STACK_END                   
20000200  __STACK_TOP                   
20000200  y_n                           
20000204  x_n                           
20000208  i                             
2000020c  cont                          
2000020e  salida                        
20000210  modo                          
20000214  num_coef_grab                 
20000218  num_muestras_ond              
2000021c  num_muestras_grab             
20000220  errno                         
ffffffff  __TI_pprof_out_hndl           
ffffffff  __TI_prof_data_size           
ffffffff  __TI_prof_data_start          
ffffffff  __binit__                     
ffffffff  __c_args__                    
ffffffff  binit                         
UNDEFED   __mpu_init                    
UNDEFED   _system_post_cinit            

[107 symbols]
