******************************************************************************
                  TI ARM Linker PC v20.2.5                     
******************************************************************************
>> Linked Wed Jun  1 11:05:03 2022

OUTPUT FILE NAME:   <proyecto2.out>
ENTRY POINT SYMBOL: "_c_int00_noargs"  address: 00001ffd


MEMORY CONFIGURATION

         name            origin    length      used     unused   attr    fill
----------------------  --------  ---------  --------  --------  ----  --------
  FLASH                 00000000   00040000  0000261c  0003d9e4  R  X
  SRAM                  20000000   00008000  0000128c  00006d74  RW X


SEGMENT ALLOCATION MAP

run origin  load origin   length   init length attrs members
----------  ----------- ---------- ----------- ----- -------
00000000    00000000    00002620   00002620    r-x
  00000000    00000000    0000026c   0000026c    r-- .intvecs
  0000026c    0000026c    00002034   00002034    r-x .text
  000022a0    000022a0    0000033c   0000033c    r-- .const
  000025e0    000025e0    00000040   00000040    r-- .cinit
20000000    20000000    00001290   00000000    rw-
  20000000    20000000    00000ffc   00000000    rw- .bss
  20001000    20001000    00000200   00000000    rw- .stack
  20001200    20001200    00000090   00000000    rw- .data


SECTION ALLOCATION MAP

 output                                  attributes/
section   page    origin      length       input sections
--------  ----  ----------  ----------   ----------------
.intvecs   0    00000000    0000026c     
                  00000000    0000026c     tm4c123gh6pm_startup_ccs.obj (.intvecs)

.text      0    0000026c    00002034     
                  0000026c    00000b80     proyecto.obj (.text)
                  00000dec    00000460     rtsv7M4_T_le_v4SPD16_eabi.lib : strtod.c.obj (.text:strtod)
                  0000124c    000001b6                                   : fd_add_t2.asm.obj (.text)
                  00001402    00000136                                   : fd_div_t2.asm.obj (.text)
                  00001538    00000132     driverlib.lib : gpio.obj (.text:GPIOPadConfigSet)
                  0000166a    00000002     --HOLE-- [fill = 0]
                  0000166c    00000110                   : sysctl.obj (.text:SysCtlClockGet)
                  0000177c    00000110     rtsv7M4_T_le_v4SPD16_eabi.lib : s_scalbn.c.obj (.text:scalbn)
                  0000188c    000000fc                                   : fd_mul_t2.asm.obj (.text)
                  00001988    000000f4     driverlib.lib : sysctl.obj (.text:SysCtlClockSet)
                  00001a7c    0000009c     rtsv7M4_T_le_v4SPD16_eabi.lib : memcpy_t2.asm.obj (.text)
                  00001b18    00000086                                   : fd_cmp_t2.asm.obj (.text:__aeabi_cdcmple)
                  00001b9e    0000007a     driverlib.lib : adc.obj (.text:ADCSequenceStepConfigure)
                  00001c18    0000007a     rtsv7M4_T_le_v4SPD16_eabi.lib : memset_t2.asm.obj (.text)
                  00001c92    0000006e                                   : fd_tos_t2.asm.obj (.text)
                  00001d00    00000068     driverlib.lib : interrupt.obj (.text:IntEnable)
                  00001d68    00000068     rtsv7M4_T_le_v4SPD16_eabi.lib : copy_decompress_lzss.c.obj (.text:decompress:lzss:__TI_decompress_lzss)
                  00001dd0    00000060     driverlib.lib : timer.obj (.text:TimerConfigure)
                  00001e30    00000050                   : adc.obj (.text:ADCSequenceConfigure)
                  00001e80    00000048                   : gpio.obj (.text:GPIOPinConfigure)
                  00001ec8    00000046                   : uart.obj (.text:UARTConfigSetExpClk)
                  00001f0e    00000002     --HOLE-- [fill = 0]
                  00001f10    00000044     rtsv7M4_T_le_v4SPD16_eabi.lib : autoinit.c.obj (.text:__TI_auto_init_nobinit_nopinit:__TI_auto_init_nobinit_nopinit)
                  00001f54    0000003c     driverlib.lib : ssi.obj (.text:SSIConfigSetExpClk)
                  00001f90    00000038                   : sysctl.obj (.text:SysCtlPeripheralReady)
                  00001fc8    00000034                   : sysctl.obj (.text:SysCtlPeripheralEnable)
                  00001ffc    00000034     rtsv7M4_T_le_v4SPD16_eabi.lib : boot_cortex_m.c.obj (.text:_c_int00_noargs:_c_int00_noargs)
                  00002030    0000002e     driverlib.lib : adc.obj (.text:ADCIntStatus)
                  0000205e    0000002a                   : gpio.obj (.text:GPIODirModeSet)
                  00002088    00000020                   : uart.obj (.text:UARTDisable)
                  000020a8    0000001e                   : adc.obj (.text:ADCSequenceDataGet)
                  000020c6    0000001a     rtsv7M4_T_le_v4SPD16_eabi.lib : s_copysign.c.obj (.text:copysign)
                  000020e0    00000018     driverlib.lib : adc.obj (.text:ADCProcessorTrigger)
                  000020f8    00000018                   : gpio.obj (.text:GPIOPinTypeGPIOOutput)
                  00002110    00000014                   : uart.obj (.text:UARTEnable)
                  00002124    00000014     rtsv7M4_T_le_v4SPD16_eabi.lib : strcpy.c.obj (.text:strcpy)
                  00002138    00000012     driverlib.lib : gpio.obj (.text:GPIOPinTypeADC)
                  0000214a    00000012                   : gpio.obj (.text:GPIOPinTypeGPIOInput)
                  0000215c    00000012                   : gpio.obj (.text:GPIOPinTypeSSI)
                  0000216e    00000012                   : gpio.obj (.text:GPIOPinTypeUART)
                  00002180    00000012                   : ssi.obj (.text:SSIDataGetNonBlocking)
                  00002192    00000012                   : timer.obj (.text:TimerLoadSet)
                  000021a4    00000012     rtsv7M4_T_le_v4SPD16_eabi.lib : atof.c.obj (.text:atof)
                  000021b6    00000010     driverlib.lib : interrupt.obj (.text:IntMasterEnable)
                  000021c6    0000000e                   : adc.obj (.text:ADCSequenceEnable)
                  000021d4    0000000e                   : timer.obj (.text:TimerEnable)
                  000021e2    0000000e                   : uart.obj (.text:UARTCharGetNonBlocking)
                  000021f0    0000000e                   : uart.obj (.text:UARTCharsAvail)
                  000021fe    0000000e     rtsv7M4_T_le_v4SPD16_eabi.lib : copy_decompress_none.c.obj (.text:decompress:none:__TI_decompress_none)
                  0000220c    0000000c     driverlib.lib : cpu.obj (.text:CPUcpsie)
                  00002218    0000000c     rtsv7M4_T_le_v4SPD16_eabi.lib : copy_zero_init.c.obj (.text:decompress:ZI:__TI_zero_init)
                  00002224    0000000c     tm4c123gh6pm_startup_ccs.obj (.text)
                  00002230    0000000a     driverlib.lib : adc.obj (.text:ADCIntClear)
                  0000223a    0000000a                   : ssi.obj (.text:SSIDataPut)
                  00002244    0000000a                   : ssi.obj (.text:SSIEnable)
                  0000224e    0000000a                   : uart.obj (.text:UARTCharPut)
                  00002258    0000000a                   : uart.obj (.text:UARTIntStatus)
                  00002262    00000008                   : ssi.obj (.text:SSIBusy)
                  0000226a    00000008                   : timer.obj (.text:TimerIntEnable)
                  00002272    00000008                   : uart.obj (.text:UARTIntEnable)
                  0000227a    00000002     --HOLE-- [fill = 0]
                  0000227c    00000008     rtsv7M4_T_le_v4SPD16_eabi.lib : errno.c.obj (.text:__aeabi_errno_addr)
                  00002284    00000006     driverlib.lib : gpio.obj (.text:GPIOPinWrite)
                  0000228a    00000006                   : sysctl.obj (.text:SysCtlDelay)
                  00002290    00000004                   : timer.obj (.text:TimerIntClear)
                  00002294    00000004                   : uart.obj (.text:UARTIntClear)
                  00002298    00000004     rtsv7M4_T_le_v4SPD16_eabi.lib : pre_init.c.obj (.text:_system_pre_init)
                  0000229c    00000004                                   : exit.c.obj (.text:abort:abort)

.const     0    000022a0    0000033c     
                  000022a0    00000101     rtsv7M4_T_le_v4SPD16_eabi.lib : ctype.c.obj (.const:.string:_ctypes_)
                  000023a1    00000007     --HOLE-- [fill = 0]
                  000023a8    000000c8                                   : strtod.c.obj (.const:$O1$$)
                  00002470    00000090     driverlib.lib : gpio.obj (.const:g_pui32GPIOBaseAddrs)
                  00002500    00000070                   : interrupt.obj (.const)
                  00002570    0000006c                   : sysctl.obj (.const:g_pui32Xtals)

.cinit     0    000025e0    00000040     
                  000025e0    00000017     (.cinit..data.load) [load image, compression = lzss]
                  000025f7    00000001     --HOLE-- [fill = 0]
                  000025f8    0000000c     (__TI_handler_table)
                  00002604    00000004     --HOLE-- [fill = 0]
                  00002608    00000008     (.cinit..bss.load) [load image, compression = zero_init]
                  00002610    00000010     (__TI_cinit_table)

.init_array 
*          0    00000000    00000000     UNINITIALIZED

.bss       0    20000000    00000ffc     UNINITIALIZED
                  20000000    00000fa0     (.common:grabacion)
                  20000fa0    0000000c     (.common:StrNumMuestras)
                  20000fac    00000008     (.common:StrD0)
                  20000fb4    00000008     (.common:StrD1)
                  20000fbc    00000008     (.common:StrD2)
                  20000fc4    00000008     (.common:StrD3)
                  20000fcc    00000008     (.common:StrD4)
                  20000fd4    00000008     (.common:StrN0)
                  20000fdc    00000008     (.common:StrN1)
                  20000fe4    00000008     (.common:StrN2)
                  20000fec    00000008     (.common:StrN3)
                  20000ff4    00000008     (.common:StrN4)

.data      0    20001200    00000090     UNINITIALIZED
                  20001200    0000008c     proyecto.obj (.data)
                  2000128c    00000004     rtsv7M4_T_le_v4SPD16_eabi.lib : errno.c.obj (.data)

.stack     0    20001000    00000200     UNINITIALIZED
                  20001000    00000004     rtsv7M4_T_le_v4SPD16_eabi.lib : boot_cortex_m.c.obj (.stack)
                  20001004    000001fc     --HOLE--

__llvm_prf_cnts 
*          0    20000000    00000000     UNINITIALIZED

MODULE SUMMARY

       Module                         code   ro data   rw data
       ------                         ----   -------   -------
    .\
       proyecto.obj                   2944   0         4232   
       tm4c123gh6pm_startup_ccs.obj   12     620       0      
    +--+------------------------------+------+---------+---------+
       Total:                         2956   620       4232   
                                                              
    C:/ti/TivaWare_C_Series-2.1.4.178/driverlib/ccs/Debug/driverlib.lib
       sysctl.obj                     630    108       0      
       gpio.obj                       522    144       0      
       adc.obj                        326    0         0      
       interrupt.obj                  120    112       0      
       uart.obj                       182    0         0      
       timer.obj                      140    0         0      
       ssi.obj                        106    0         0      
       cpu.obj                        12     0         0      
    +--+------------------------------+------+---------+---------+
       Total:                         2038   364       0      
                                                              
    C:\ti\ccs1031\ccs\tools\compiler\ti-cgt-arm_20.2.5.LTS\lib\rtsv7M4_T_le_v4SPD16_eabi.lib
       strtod.c.obj                   1120   200       0      
       fd_add_t2.asm.obj              438    0         0      
       fd_div_t2.asm.obj              310    0         0      
       s_scalbn.c.obj                 272    0         0      
       ctype.c.obj                    0      257       0      
       fd_mul_t2.asm.obj              252    0         0      
       memcpy_t2.asm.obj              156    0         0      
       fd_cmp_t2.asm.obj              134    0         0      
       memset_t2.asm.obj              122    0         0      
       fd_tos_t2.asm.obj              110    0         0      
       copy_decompress_lzss.c.obj     104    0         0      
       autoinit.c.obj                 68     0         0      
       boot_cortex_m.c.obj            52     0         0      
       s_copysign.c.obj               26     0         0      
       strcpy.c.obj                   20     0         0      
       atof.c.obj                     18     0         0      
       copy_decompress_none.c.obj     14     0         0      
       copy_zero_init.c.obj           12     0         0      
       errno.c.obj                    8      0         4      
       exit.c.obj                     4      0         0      
       pre_init.c.obj                 4      0         0      
    +--+------------------------------+------+---------+---------+
       Total:                         3244   457       4      
                                                              
       Stack:                         0      0         512    
       Linker Generated:              0      59        0      
    +--+------------------------------+------+---------+---------+
       Grand Total:                   8238   1500      4748   


LINKER GENERATED COPY TABLES

__TI_cinit_table @ 00002610 records: 2, size/record: 8, table size: 16
	.data: load addr=000025e0, load size=00000017 bytes, run addr=20001200, run size=00000090 bytes, compression=lzss
	.bss: load addr=00002608, load size=00000008 bytes, run addr=20000000, run size=00000ffc bytes, compression=zero_init


LINKER GENERATED HANDLER TABLE

__TI_handler_table @ 000025f8 records: 3, size/record: 4, table size: 12
	index: 0, handler: __TI_decompress_lzss
	index: 1, handler: __TI_decompress_none
	index: 2, handler: __TI_zero_init


GLOBAL SYMBOLS: SORTED ALPHABETICALLY BY Name 

address   name                          
-------   ----                          
00002231  ADCIntClear                   
00002031  ADCIntStatus                  
000020e1  ADCProcessorTrigger           
00001e31  ADCSequenceConfigure          
000020a9  ADCSequenceDataGet            
000021c7  ADCSequenceEnable             
00001b9f  ADCSequenceStepConfigure      
0000229d  C$$EXIT                       
0000220d  CPUcpsie                      
2000125c  DigCoef                       
20001258  DigNumMues                    
0000205f  GPIODirModeSet                
00001539  GPIOPadConfigSet              
00001e81  GPIOPinConfigure              
00002139  GPIOPinTypeADC                
0000214b  GPIOPinTypeGPIOInput          
000020f9  GPIOPinTypeGPIOOutput         
0000215d  GPIOPinTypeSSI                
0000216f  GPIOPinTypeUART               
00002285  GPIOPinWrite                  
0000037d  InitUART                      
00001d01  IntEnable                     
000021b7  IntMasterEnable               
2000124c  MuestraR                      
20001244  NumMuestrasD                  
20001248  NumMuestrasR                  
00002225  ResetISR                      
00002263  SSIBusy                       
00001f55  SSIConfigSetExpClk            
00002181  SSIDataGetNonBlocking         
0000223b  SSIDataPut                    
00002245  SSIEnable                     
20000fac  StrD0                         
20000fb4  StrD1                         
20000fbc  StrD2                         
20000fc4  StrD3                         
20000fcc  StrD4                         
20000fd4  StrN0                         
20000fdc  StrN1                         
20000fe4  StrN2                         
20000fec  StrN3                         
20000ff4  StrN4                         
20000fa0  StrNumMuestras                
0000166d  SysCtlClockGet                
00001989  SysCtlClockSet                
0000228b  SysCtlDelay                   
00001fc9  SysCtlPeripheralEnable        
00001f91  SysCtlPeripheralReady         
00000969  Timer0IntHandler              
00001dd1  TimerConfigure                
000021d5  TimerEnable                   
00002291  TimerIntClear                 
0000226b  TimerIntEnable                
00002193  TimerLoadSet                  
000021e3  UARTCharGetNonBlocking        
0000224f  UARTCharPut                   
000021f1  UARTCharsAvail                
00001ec9  UARTConfigSetExpClk           
00002089  UARTDisable                   
00002111  UARTEnable                    
00000295  UARTInt                       
00002295  UARTIntClear                  
00002273  UARTIntEnable                 
000003cd  UARTIntHandler                
00002259  UARTIntStatus                 
0000026d  UARTSend                      
20001200  __STACK_END                   
00000200  __STACK_SIZE                  
20001200  __STACK_TOP                   
00002610  __TI_CINIT_Base               
00002620  __TI_CINIT_Limit              
000025f8  __TI_Handler_Table_Base       
00002604  __TI_Handler_Table_Limit      
00001f11  __TI_auto_init_nobinit_nopinit
00001d69  __TI_decompress_lzss          
000021ff  __TI_decompress_none          
ffffffff  __TI_pprof_out_hndl           
ffffffff  __TI_prof_data_size           
ffffffff  __TI_prof_data_start          
00000000  __TI_static_base__            
00002219  __TI_zero_init                
00001b19  __aeabi_cdcmpeq               
00001b19  __aeabi_cdcmple               
00001c93  __aeabi_d2f                   
00001257  __aeabi_dadd                  
00001403  __aeabi_ddiv                  
0000188d  __aeabi_dmul                  
0000124d  __aeabi_dsub                  
0000227d  __aeabi_errno_addr            
00001c19  __aeabi_memclr                
00001c19  __aeabi_memclr4               
00001c19  __aeabi_memclr8               
00001a7d  __aeabi_memcpy                
00001a7d  __aeabi_memcpy4               
00001a7d  __aeabi_memcpy8               
00001c1b  __aeabi_memset                
00001c1b  __aeabi_memset4               
00001c1b  __aeabi_memset8               
ffffffff  __binit__                     
ffffffff  __c_args__                    
UNDEFED   __mpu_init                    
20001000  __stack                       
20000000  __start___llvm_prf_cnts       
20000000  __stop___llvm_prf_cnts        
00001ffd  _c_int00_noargs               
000022a0  _ctypes_                      
UNDEFED   _system_post_cinit            
00002299  _system_pre_init              
20001278  a0                            
2000127c  a1                            
20001280  a2                            
20001284  a3                            
20001288  a4                            
0000229d  abort                         
000021a5  atof                          
20001264  b0                            
20001268  b1                            
2000126c  b2                            
20001270  b3                            
20001274  b4                            
20001260  banderita                     
ffffffff  binit                         
2000122c  cont                          
000020c7  copysign                      
000020c7  copysignl                     
2000123c  demand                        
2000128c  errno                         
00000000  g_pfnVectors                  
20000000  grabacion                     
20001250  grabar                        
20001228  i                             
0000177d  ldexp                         
0000177d  ldexpl                        
20001238  live                          
00000bd9  main                          
00001a7d  memcpy                        
00001c21  memset                        
20001234  modo                          
20001240  proceso                       
20001230  recibido                      
2000122e  salida                        
0000177d  scalbn                        
0000177d  scalbnl                       
00002125  strcpy                        
00000ded  strtod                        
00000ded  strtold                       
20001254  temp                          
20001214  xn                            
20001218  xn_1                          
2000121c  xn_2                          
20001220  xn_3                          
20001224  xn_4                          
20001200  yn                            
20001204  yn_1                          
20001208  yn_2                          
2000120c  yn_3                          
20001210  yn_4                          


GLOBAL SYMBOLS: SORTED BY Symbol Address 

address   name                          
-------   ----                          
00000000  __TI_static_base__            
00000000  g_pfnVectors                  
00000200  __STACK_SIZE                  
0000026d  UARTSend                      
00000295  UARTInt                       
0000037d  InitUART                      
000003cd  UARTIntHandler                
00000969  Timer0IntHandler              
00000bd9  main                          
00000ded  strtod                        
00000ded  strtold                       
0000124d  __aeabi_dsub                  
00001257  __aeabi_dadd                  
00001403  __aeabi_ddiv                  
00001539  GPIOPadConfigSet              
0000166d  SysCtlClockGet                
0000177d  ldexp                         
0000177d  ldexpl                        
0000177d  scalbn                        
0000177d  scalbnl                       
0000188d  __aeabi_dmul                  
00001989  SysCtlClockSet                
00001a7d  __aeabi_memcpy                
00001a7d  __aeabi_memcpy4               
00001a7d  __aeabi_memcpy8               
00001a7d  memcpy                        
00001b19  __aeabi_cdcmpeq               
00001b19  __aeabi_cdcmple               
00001b9f  ADCSequenceStepConfigure      
00001c19  __aeabi_memclr                
00001c19  __aeabi_memclr4               
00001c19  __aeabi_memclr8               
00001c1b  __aeabi_memset                
00001c1b  __aeabi_memset4               
00001c1b  __aeabi_memset8               
00001c21  memset                        
00001c93  __aeabi_d2f                   
00001d01  IntEnable                     
00001d69  __TI_decompress_lzss          
00001dd1  TimerConfigure                
00001e31  ADCSequenceConfigure          
00001e81  GPIOPinConfigure              
00001ec9  UARTConfigSetExpClk           
00001f11  __TI_auto_init_nobinit_nopinit
00001f55  SSIConfigSetExpClk            
00001f91  SysCtlPeripheralReady         
00001fc9  SysCtlPeripheralEnable        
00001ffd  _c_int00_noargs               
00002031  ADCIntStatus                  
0000205f  GPIODirModeSet                
00002089  UARTDisable                   
000020a9  ADCSequenceDataGet            
000020c7  copysign                      
000020c7  copysignl                     
000020e1  ADCProcessorTrigger           
000020f9  GPIOPinTypeGPIOOutput         
00002111  UARTEnable                    
00002125  strcpy                        
00002139  GPIOPinTypeADC                
0000214b  GPIOPinTypeGPIOInput          
0000215d  GPIOPinTypeSSI                
0000216f  GPIOPinTypeUART               
00002181  SSIDataGetNonBlocking         
00002193  TimerLoadSet                  
000021a5  atof                          
000021b7  IntMasterEnable               
000021c7  ADCSequenceEnable             
000021d5  TimerEnable                   
000021e3  UARTCharGetNonBlocking        
000021f1  UARTCharsAvail                
000021ff  __TI_decompress_none          
0000220d  CPUcpsie                      
00002219  __TI_zero_init                
00002225  ResetISR                      
00002231  ADCIntClear                   
0000223b  SSIDataPut                    
00002245  SSIEnable                     
0000224f  UARTCharPut                   
00002259  UARTIntStatus                 
00002263  SSIBusy                       
0000226b  TimerIntEnable                
00002273  UARTIntEnable                 
0000227d  __aeabi_errno_addr            
00002285  GPIOPinWrite                  
0000228b  SysCtlDelay                   
00002291  TimerIntClear                 
00002295  UARTIntClear                  
00002299  _system_pre_init              
0000229d  C$$EXIT                       
0000229d  abort                         
000022a0  _ctypes_                      
000025f8  __TI_Handler_Table_Base       
00002604  __TI_Handler_Table_Limit      
00002610  __TI_CINIT_Base               
00002620  __TI_CINIT_Limit              
20000000  __start___llvm_prf_cnts       
20000000  __stop___llvm_prf_cnts        
20000000  grabacion                     
20000fa0  StrNumMuestras                
20000fac  StrD0                         
20000fb4  StrD1                         
20000fbc  StrD2                         
20000fc4  StrD3                         
20000fcc  StrD4                         
20000fd4  StrN0                         
20000fdc  StrN1                         
20000fe4  StrN2                         
20000fec  StrN3                         
20000ff4  StrN4                         
20001000  __stack                       
20001200  __STACK_END                   
20001200  __STACK_TOP                   
20001200  yn                            
20001204  yn_1                          
20001208  yn_2                          
2000120c  yn_3                          
20001210  yn_4                          
20001214  xn                            
20001218  xn_1                          
2000121c  xn_2                          
20001220  xn_3                          
20001224  xn_4                          
20001228  i                             
2000122c  cont                          
2000122e  salida                        
20001230  recibido                      
20001234  modo                          
20001238  live                          
2000123c  demand                        
20001240  proceso                       
20001244  NumMuestrasD                  
20001248  NumMuestrasR                  
2000124c  MuestraR                      
20001250  grabar                        
20001254  temp                          
20001258  DigNumMues                    
2000125c  DigCoef                       
20001260  banderita                     
20001264  b0                            
20001268  b1                            
2000126c  b2                            
20001270  b3                            
20001274  b4                            
20001278  a0                            
2000127c  a1                            
20001280  a2                            
20001284  a3                            
20001288  a4                            
2000128c  errno                         
ffffffff  __TI_pprof_out_hndl           
ffffffff  __TI_prof_data_size           
ffffffff  __TI_prof_data_start          
ffffffff  __binit__                     
ffffffff  __c_args__                    
ffffffff  binit                         
UNDEFED   __mpu_init                    
UNDEFED   _system_post_cinit            

[157 symbols]
