******************************************************************************
                  TI ARM Linker PC v20.2.5                     
******************************************************************************
>> Linked Thu May 19 18:02:20 2022

OUTPUT FILE NAME:   <proyecto2.out>
ENTRY POINT SYMBOL: "_c_int00_noargs"  address: 00001c69


MEMORY CONFIGURATION

         name            origin    length      used     unused   attr    fill
----------------------  --------  ---------  --------  --------  ----  --------
  FLASH                 00000000   00040000  000022ac  0003dd54  R  X
  SRAM                  20000000   00008000  00000278  00007d88  RW X


SEGMENT ALLOCATION MAP

run origin  load origin   length   init length attrs members
----------  ----------- ---------- ----------- ----- -------
00000000    00000000    000022b0   000022b0    r-x
  00000000    00000000    0000026c   0000026c    r-- .intvecs
  0000026c    0000026c    00001ccc   00001ccc    r-x .text
  00001f38    00001f38    0000033c   0000033c    r-- .const
  00002278    00002278    00000038   00000038    r-- .cinit
20000000    20000000    00000278   00000000    rw-
  20000000    20000000    00000200   00000000    rw- .stack
  20000200    20000200    0000004c   00000000    rw- .data
  2000024c    2000024c    0000002c   00000000    rw- .bss


SECTION ALLOCATION MAP

 output                                  attributes/
section   page    origin      length       input sections
--------  ----  ----------  ----------   ----------------
.intvecs   0    00000000    0000026c     
                  00000000    0000026c     tm4c123gh6pm_startup_ccs.obj (.intvecs)

.text      0    0000026c    00001ccc     
                  0000026c    0000081c     proyecto.obj (.text)
                  00000a88    00000460     rtsv7M4_T_le_v4SPD16_eabi.lib : strtod.c.obj (.text:strtod)
                  00000ee8    000001b6                                   : fd_add_t2.asm.obj (.text)
                  0000109e    00000136                                   : fd_div_t2.asm.obj (.text)
                  000011d4    00000132     driverlib.lib : gpio.obj (.text:GPIOPadConfigSet)
                  00001306    00000002     --HOLE-- [fill = 0]
                  00001308    00000110                   : sysctl.obj (.text:SysCtlClockGet)
                  00001418    00000110     rtsv7M4_T_le_v4SPD16_eabi.lib : s_scalbn.c.obj (.text:scalbn)
                  00001528    000000fc                                   : fd_mul_t2.asm.obj (.text)
                  00001624    000000f4     driverlib.lib : sysctl.obj (.text:SysCtlClockSet)
                  00001718    0000009c     rtsv7M4_T_le_v4SPD16_eabi.lib : memcpy_t2.asm.obj (.text)
                  000017b4    00000086                                   : fd_cmp_t2.asm.obj (.text:__aeabi_cdcmple)
                  0000183a    0000007a     driverlib.lib : adc.obj (.text:ADCSequenceStepConfigure)
                  000018b4    0000006e     rtsv7M4_T_le_v4SPD16_eabi.lib : fd_tos_t2.asm.obj (.text)
                  00001922    00000002     --HOLE-- [fill = 0]
                  00001924    00000068     driverlib.lib : interrupt.obj (.text:IntEnable)
                  0000198c    00000068     rtsv7M4_T_le_v4SPD16_eabi.lib : copy_decompress_lzss.c.obj (.text:decompress:lzss:__TI_decompress_lzss)
                  000019f4    00000060     driverlib.lib : timer.obj (.text:TimerConfigure)
                  00001a54    00000050                   : adc.obj (.text:ADCSequenceConfigure)
                  00001aa4    00000048                   : gpio.obj (.text:GPIOPinConfigure)
                  00001aec    00000048     rtsv7M4_T_le_v4SPD16_eabi.lib : fd_toi_t2.asm.obj (.text)
                  00001b34    00000046     driverlib.lib : uart.obj (.text:UARTConfigSetExpClk)
                  00001b7a    00000002     --HOLE-- [fill = 0]
                  00001b7c    00000044     rtsv7M4_T_le_v4SPD16_eabi.lib : autoinit.c.obj (.text:__TI_auto_init_nobinit_nopinit:__TI_auto_init_nobinit_nopinit)
                  00001bc0    0000003c     driverlib.lib : ssi.obj (.text:SSIConfigSetExpClk)
                  00001bfc    00000038                   : sysctl.obj (.text:SysCtlPeripheralReady)
                  00001c34    00000034                   : sysctl.obj (.text:SysCtlPeripheralEnable)
                  00001c68    00000034     rtsv7M4_T_le_v4SPD16_eabi.lib : boot_cortex_m.c.obj (.text:_c_int00_noargs:_c_int00_noargs)
                  00001c9c    0000002e     driverlib.lib : adc.obj (.text:ADCIntStatus)
                  00001cca    0000002a                   : gpio.obj (.text:GPIODirModeSet)
                  00001cf4    00000020                   : uart.obj (.text:UARTDisable)
                  00001d14    0000001e                   : adc.obj (.text:ADCSequenceDataGet)
                  00001d32    0000001e     rtsv7M4_T_le_v4SPD16_eabi.lib : strcat.c.obj (.text:strcat)
                  00001d50    0000001c                                   : copy_zero_init.c.obj (.text:decompress:ZI:__TI_zero_init_nomemset:__TI_zero_init_nomemset)
                  00001d6c    0000001a                                   : s_copysign.c.obj (.text:copysign)
                  00001d86    00000018     driverlib.lib : adc.obj (.text:ADCProcessorTrigger)
                  00001d9e    00000018                   : gpio.obj (.text:GPIOPinTypeGPIOOutput)
                  00001db6    00000014                   : uart.obj (.text:UARTEnable)
                  00001dca    00000014     rtsv7M4_T_le_v4SPD16_eabi.lib : strcpy.c.obj (.text:strcpy)
                  00001dde    00000012     driverlib.lib : gpio.obj (.text:GPIOPinTypeADC)
                  00001df0    00000012                   : gpio.obj (.text:GPIOPinTypeGPIOInput)
                  00001e02    00000012                   : gpio.obj (.text:GPIOPinTypeSSI)
                  00001e14    00000012                   : gpio.obj (.text:GPIOPinTypeUART)
                  00001e26    00000012                   : ssi.obj (.text:SSIDataGetNonBlocking)
                  00001e38    00000012                   : timer.obj (.text:TimerLoadSet)
                  00001e4a    00000012     rtsv7M4_T_le_v4SPD16_eabi.lib : atof.c.obj (.text:atof)
                  00001e5c    00000010     driverlib.lib : interrupt.obj (.text:IntMasterEnable)
                  00001e6c    0000000e                   : adc.obj (.text:ADCSequenceEnable)
                  00001e7a    0000000e                   : timer.obj (.text:TimerEnable)
                  00001e88    0000000e                   : uart.obj (.text:UARTCharGetNonBlocking)
                  00001e96    0000000e                   : uart.obj (.text:UARTCharsAvail)
                  00001ea4    0000000e     rtsv7M4_T_le_v4SPD16_eabi.lib : copy_decompress_none.c.obj (.text:decompress:none:__TI_decompress_none)
                  00001eb2    0000000c     driverlib.lib : cpu.obj (.text:CPUcpsie)
                  00001ebe    0000000c     tm4c123gh6pm_startup_ccs.obj (.text)
                  00001eca    0000000a     driverlib.lib : adc.obj (.text:ADCIntClear)
                  00001ed4    0000000a                   : ssi.obj (.text:SSIDataPut)
                  00001ede    0000000a                   : ssi.obj (.text:SSIEnable)
                  00001ee8    0000000a                   : uart.obj (.text:UARTCharPut)
                  00001ef2    0000000a                   : uart.obj (.text:UARTIntStatus)
                  00001efc    00000008                   : ssi.obj (.text:SSIBusy)
                  00001f04    00000008                   : timer.obj (.text:TimerIntEnable)
                  00001f0c    00000008                   : uart.obj (.text:UARTIntEnable)
                  00001f14    00000008     rtsv7M4_T_le_v4SPD16_eabi.lib : errno.c.obj (.text:__aeabi_errno_addr)
                  00001f1c    00000006     driverlib.lib : gpio.obj (.text:GPIOPinWrite)
                  00001f22    00000006                   : sysctl.obj (.text:SysCtlDelay)
                  00001f28    00000004                   : timer.obj (.text:TimerIntClear)
                  00001f2c    00000004                   : uart.obj (.text:UARTIntClear)
                  00001f30    00000004     rtsv7M4_T_le_v4SPD16_eabi.lib : pre_init.c.obj (.text:_system_pre_init)
                  00001f34    00000004                                   : exit.c.obj (.text:abort:abort)

.const     0    00001f38    0000033c     
                  00001f38    00000101     rtsv7M4_T_le_v4SPD16_eabi.lib : ctype.c.obj (.const:.string:_ctypes_)
                  00002039    00000007     --HOLE-- [fill = 0]
                  00002040    000000c8                                   : strtod.c.obj (.const:$O1$$)
                  00002108    00000090     driverlib.lib : gpio.obj (.const:g_pui32GPIOBaseAddrs)
                  00002198    00000070                   : interrupt.obj (.const)
                  00002208    0000006c                   : sysctl.obj (.const:g_pui32Xtals)

.cinit     0    00002278    00000038     
                  00002278    00000010     (.cinit..data.load) [load image, compression = lzss]
                  00002288    0000000c     (__TI_handler_table)
                  00002294    00000004     --HOLE-- [fill = 0]
                  00002298    00000008     (.cinit..bss.load) [load image, compression = zero_init]
                  000022a0    00000010     (__TI_cinit_table)

.init_array 
*          0    00000000    00000000     UNINITIALIZED

.data      0    20000200    0000004c     UNINITIALIZED
                  20000200    00000048     proyecto.obj (.data)
                  20000248    00000004     rtsv7M4_T_le_v4SPD16_eabi.lib : errno.c.obj (.data)

.bss       0    2000024c    0000002c     UNINITIALIZED
                  2000024c    00000004     (.common:StrD0)
                  20000250    00000004     (.common:StrD1)
                  20000254    00000004     (.common:StrD2)
                  20000258    00000004     (.common:StrD3)
                  2000025c    00000004     (.common:StrD4)
                  20000260    00000004     (.common:StrN0)
                  20000264    00000004     (.common:StrN1)
                  20000268    00000004     (.common:StrN2)
                  2000026c    00000004     (.common:StrN3)
                  20000270    00000004     (.common:StrN4)
                  20000274    00000004     (.common:StrNumMuestras)

.stack     0    20000000    00000200     UNINITIALIZED
                  20000000    00000004     rtsv7M4_T_le_v4SPD16_eabi.lib : boot_cortex_m.c.obj (.stack)
                  20000004    000001fc     --HOLE--

__llvm_prf_cnts 
*          0    20000000    00000000     UNINITIALIZED

MODULE SUMMARY

       Module                         code   ro data   rw data
       ------                         ----   -------   -------
    .\
       proyecto.obj                   2076   0         116    
       tm4c123gh6pm_startup_ccs.obj   12     620       0      
    +--+------------------------------+------+---------+---------+
       Total:                         2088   620       116    
                                                              
    C:/ti/TivaWare_C_Series-2.1.4.178/driverlib/ccs/Debug/driverlib.lib
       sysctl.obj                     630    108       0      
       gpio.obj                       522    144       0      
       adc.obj                        326    0         0      
       interrupt.obj                  120    112       0      
       uart.obj                       182    0         0      
       timer.obj                      140    0         0      
       ssi.obj                        106    0         0      
       cpu.obj                        12     0         0      
    +--+------------------------------+------+---------+---------+
       Total:                         2038   364       0      
                                                              
    C:\ti\ccs1031\ccs\tools\compiler\ti-cgt-arm_20.2.5.LTS\lib\rtsv7M4_T_le_v4SPD16_eabi.lib
       strtod.c.obj                   1120   200       0      
       fd_add_t2.asm.obj              438    0         0      
       fd_div_t2.asm.obj              310    0         0      
       s_scalbn.c.obj                 272    0         0      
       ctype.c.obj                    0      257       0      
       fd_mul_t2.asm.obj              252    0         0      
       memcpy_t2.asm.obj              156    0         0      
       fd_cmp_t2.asm.obj              134    0         0      
       fd_tos_t2.asm.obj              110    0         0      
       copy_decompress_lzss.c.obj     104    0         0      
       fd_toi_t2.asm.obj              72     0         0      
       autoinit.c.obj                 68     0         0      
       boot_cortex_m.c.obj            52     0         0      
       strcat.c.obj                   30     0         0      
       copy_zero_init.c.obj           28     0         0      
       s_copysign.c.obj               26     0         0      
       strcpy.c.obj                   20     0         0      
       atof.c.obj                     18     0         0      
       copy_decompress_none.c.obj     14     0         0      
       errno.c.obj                    8      0         4      
       exit.c.obj                     4      0         0      
       pre_init.c.obj                 4      0         0      
    +--+------------------------------+------+---------+---------+
       Total:                         3240   457       4      
                                                              
       Stack:                         0      0         512    
       Linker Generated:              0      52        0      
    +--+------------------------------+------+---------+---------+
       Grand Total:                   7366   1493      632    


LINKER GENERATED COPY TABLES

__TI_cinit_table @ 000022a0 records: 2, size/record: 8, table size: 16
	.data: load addr=00002278, load size=00000010 bytes, run addr=20000200, run size=0000004c bytes, compression=lzss
	.bss: load addr=00002298, load size=00000008 bytes, run addr=2000024c, run size=0000002c bytes, compression=zero_init


LINKER GENERATED HANDLER TABLE

__TI_handler_table @ 00002288 records: 3, size/record: 4, table size: 12
	index: 0, handler: __TI_decompress_lzss
	index: 1, handler: __TI_decompress_none
	index: 2, handler: __TI_zero_init


GLOBAL SYMBOLS: SORTED ALPHABETICALLY BY Name 

address   name                          
-------   ----                          
00001ecb  ADCIntClear                   
00001c9d  ADCIntStatus                  
00001d87  ADCProcessorTrigger           
00001a55  ADCSequenceConfigure          
00001d15  ADCSequenceDataGet            
00001e6d  ADCSequenceEnable             
0000183b  ADCSequenceStepConfigure      
00001f35  C$$EXIT                       
00001eb3  CPUcpsie                      
00001ccb  GPIODirModeSet                
000011d5  GPIOPadConfigSet              
00001aa5  GPIOPinConfigure              
00001ddf  GPIOPinTypeADC                
00001df1  GPIOPinTypeGPIOInput          
00001d9f  GPIOPinTypeGPIOOutput         
00001e03  GPIOPinTypeSSI                
00001e15  GPIOPinTypeUART               
00001f1d  GPIOPinWrite                  
00000381  InitUART                      
00001925  IntEnable                     
00001e5d  IntMasterEnable               
00001ebf  ResetISR                      
00001efd  SSIBusy                       
00001bc1  SSIConfigSetExpClk            
00001e27  SSIDataGetNonBlocking         
00001ed5  SSIDataPut                    
00001edf  SSIEnable                     
2000024c  StrD0                         
20000250  StrD1                         
20000254  StrD2                         
20000258  StrD3                         
2000025c  StrD4                         
20000260  StrN0                         
20000264  StrN1                         
20000268  StrN2                         
2000026c  StrN3                         
20000270  StrN4                         
20000274  StrNumMuestras                
00001309  SysCtlClockGet                
00001625  SysCtlClockSet                
00001f23  SysCtlDelay                   
00001c35  SysCtlPeripheralEnable        
00001bfd  SysCtlPeripheralReady         
0000079d  Timer0IntHandler              
00000801  Timer1IntHandler              
000019f5  TimerConfigure                
00001e7b  TimerEnable                   
00001f29  TimerIntClear                 
00001f05  TimerIntEnable                
00001e39  TimerLoadSet                  
00001e89  UARTCharGetNonBlocking        
00001ee9  UARTCharPut                   
00001e97  UARTCharsAvail                
00001b35  UARTConfigSetExpClk           
00001cf5  UARTDisable                   
00001db7  UARTEnable                    
00000295  UARTInt                       
00001f2d  UARTIntClear                  
00001f0d  UARTIntEnable                 
000003cd  UARTIntHandler                
00001ef3  UARTIntStatus                 
0000026d  UARTSend                      
20000200  __STACK_END                   
00000200  __STACK_SIZE                  
20000200  __STACK_TOP                   
000022a0  __TI_CINIT_Base               
000022b0  __TI_CINIT_Limit              
00002288  __TI_Handler_Table_Base       
00002294  __TI_Handler_Table_Limit      
00001b7d  __TI_auto_init_nobinit_nopinit
0000198d  __TI_decompress_lzss          
00001ea5  __TI_decompress_none          
ffffffff  __TI_pprof_out_hndl           
ffffffff  __TI_prof_data_size           
ffffffff  __TI_prof_data_start          
00000000  __TI_static_base__            
00001d51  __TI_zero_init_nomemset       
000017b5  __aeabi_cdcmpeq               
000017b5  __aeabi_cdcmple               
000018b5  __aeabi_d2f                   
00001aed  __aeabi_d2iz                  
00000ef3  __aeabi_dadd                  
0000109f  __aeabi_ddiv                  
00001529  __aeabi_dmul                  
00000ee9  __aeabi_dsub                  
00001f15  __aeabi_errno_addr            
00001719  __aeabi_memcpy                
00001719  __aeabi_memcpy4               
00001719  __aeabi_memcpy8               
ffffffff  __binit__                     
ffffffff  __c_args__                    
UNDEFED   __mpu_init                    
20000000  __stack                       
20000000  __start___llvm_prf_cnts       
20000000  __stop___llvm_prf_cnts        
00001c69  _c_int00_noargs               
00001f38  _ctypes_                      
UNDEFED   _system_post_cinit            
00001f31  _system_pre_init              
00001f35  abort                         
00001e4b  atof                          
ffffffff  binit                         
2000020c  cont                          
00001d6d  copysign                      
00001d6d  copysignl                     
20000234  d0                            
20000238  d1                            
2000023c  d2                            
20000240  d3                            
20000244  d4                            
20000248  errno                         
00000000  g_pfnVectors                  
20000208  i                             
00001419  ldexp                         
00001419  ldexpl                        
0000085d  main                          
00001719  memcpy                        
20000214  modo                          
20000220  n0                            
20000224  n1                            
20000228  n2                            
2000022c  n3                            
20000230  n4                            
2000021c  num_muestras_ond              
20000218  proceso                       
20000210  recibido                      
2000020e  salida                        
00001419  scalbn                        
00001419  scalbnl                       
00001d33  strcat                        
00001dcb  strcpy                        
00000a89  strtod                        
00000a89  strtold                       
20000204  x_n                           
20000200  y_n                           


GLOBAL SYMBOLS: SORTED BY Symbol Address 

address   name                          
-------   ----                          
00000000  __TI_static_base__            
00000000  g_pfnVectors                  
00000200  __STACK_SIZE                  
0000026d  UARTSend                      
00000295  UARTInt                       
00000381  InitUART                      
000003cd  UARTIntHandler                
0000079d  Timer0IntHandler              
00000801  Timer1IntHandler              
0000085d  main                          
00000a89  strtod                        
00000a89  strtold                       
00000ee9  __aeabi_dsub                  
00000ef3  __aeabi_dadd                  
0000109f  __aeabi_ddiv                  
000011d5  GPIOPadConfigSet              
00001309  SysCtlClockGet                
00001419  ldexp                         
00001419  ldexpl                        
00001419  scalbn                        
00001419  scalbnl                       
00001529  __aeabi_dmul                  
00001625  SysCtlClockSet                
00001719  __aeabi_memcpy                
00001719  __aeabi_memcpy4               
00001719  __aeabi_memcpy8               
00001719  memcpy                        
000017b5  __aeabi_cdcmpeq               
000017b5  __aeabi_cdcmple               
0000183b  ADCSequenceStepConfigure      
000018b5  __aeabi_d2f                   
00001925  IntEnable                     
0000198d  __TI_decompress_lzss          
000019f5  TimerConfigure                
00001a55  ADCSequenceConfigure          
00001aa5  GPIOPinConfigure              
00001aed  __aeabi_d2iz                  
00001b35  UARTConfigSetExpClk           
00001b7d  __TI_auto_init_nobinit_nopinit
00001bc1  SSIConfigSetExpClk            
00001bfd  SysCtlPeripheralReady         
00001c35  SysCtlPeripheralEnable        
00001c69  _c_int00_noargs               
00001c9d  ADCIntStatus                  
00001ccb  GPIODirModeSet                
00001cf5  UARTDisable                   
00001d15  ADCSequenceDataGet            
00001d33  strcat                        
00001d51  __TI_zero_init_nomemset       
00001d6d  copysign                      
00001d6d  copysignl                     
00001d87  ADCProcessorTrigger           
00001d9f  GPIOPinTypeGPIOOutput         
00001db7  UARTEnable                    
00001dcb  strcpy                        
00001ddf  GPIOPinTypeADC                
00001df1  GPIOPinTypeGPIOInput          
00001e03  GPIOPinTypeSSI                
00001e15  GPIOPinTypeUART               
00001e27  SSIDataGetNonBlocking         
00001e39  TimerLoadSet                  
00001e4b  atof                          
00001e5d  IntMasterEnable               
00001e6d  ADCSequenceEnable             
00001e7b  TimerEnable                   
00001e89  UARTCharGetNonBlocking        
00001e97  UARTCharsAvail                
00001ea5  __TI_decompress_none          
00001eb3  CPUcpsie                      
00001ebf  ResetISR                      
00001ecb  ADCIntClear                   
00001ed5  SSIDataPut                    
00001edf  SSIEnable                     
00001ee9  UARTCharPut                   
00001ef3  UARTIntStatus                 
00001efd  SSIBusy                       
00001f05  TimerIntEnable                
00001f0d  UARTIntEnable                 
00001f15  __aeabi_errno_addr            
00001f1d  GPIOPinWrite                  
00001f23  SysCtlDelay                   
00001f29  TimerIntClear                 
00001f2d  UARTIntClear                  
00001f31  _system_pre_init              
00001f35  C$$EXIT                       
00001f35  abort                         
00001f38  _ctypes_                      
00002288  __TI_Handler_Table_Base       
00002294  __TI_Handler_Table_Limit      
000022a0  __TI_CINIT_Base               
000022b0  __TI_CINIT_Limit              
20000000  __stack                       
20000000  __start___llvm_prf_cnts       
20000000  __stop___llvm_prf_cnts        
20000200  __STACK_END                   
20000200  __STACK_TOP                   
20000200  y_n                           
20000204  x_n                           
20000208  i                             
2000020c  cont                          
2000020e  salida                        
20000210  recibido                      
20000214  modo                          
20000218  proceso                       
2000021c  num_muestras_ond              
20000220  n0                            
20000224  n1                            
20000228  n2                            
2000022c  n3                            
20000230  n4                            
20000234  d0                            
20000238  d1                            
2000023c  d2                            
20000240  d3                            
20000244  d4                            
20000248  errno                         
2000024c  StrD0                         
20000250  StrD1                         
20000254  StrD2                         
20000258  StrD3                         
2000025c  StrD4                         
20000260  StrN0                         
20000264  StrN1                         
20000268  StrN2                         
2000026c  StrN3                         
20000270  StrN4                         
20000274  StrNumMuestras                
ffffffff  __TI_pprof_out_hndl           
ffffffff  __TI_prof_data_size           
ffffffff  __TI_prof_data_start          
ffffffff  __binit__                     
ffffffff  __c_args__                    
ffffffff  binit                         
UNDEFED   __mpu_init                    
UNDEFED   _system_post_cinit            

[135 symbols]
