<?xml version="1.0" encoding="ISO-8859-1" ?>
<link_info>
   <banner>TI ARM Linker PC v20.2.5.LTS</banner>
   <copyright>Copyright (c) 1996-2018 Texas Instruments Incorporated</copyright>
   <link_time>0x628d678e</link_time>
   <link_errors>0x0</link_errors>
   <output_file>proyecto2.out</output_file>
   <entry_point>
      <name>_c_int00_noargs</name>
      <address>0x201d</address>
   </entry_point>
   <input_file_list>
      <input_file id="fl-2">
         <path>.\</path>
         <kind>object</kind>
         <file>proyecto.obj</file>
         <name>proyecto.obj</name>
      </input_file>
      <input_file id="fl-3">
         <path>.\</path>
         <kind>object</kind>
         <file>tm4c123gh6pm_startup_ccs.obj</file>
         <name>tm4c123gh6pm_startup_ccs.obj</name>
      </input_file>
      <input_file id="fl-4">
         <path>.\</path>
         <kind>object</kind>
         <file>uartstdio.obj</file>
         <name>uartstdio.obj</name>
      </input_file>
      <input_file id="fl-9">
         <kind>object</kind>
         <file>&lt;internal&gt;</file>
         <name>&lt;internal&gt;</name>
      </input_file>
      <input_file id="fl-a">
         <path>C:\ti\TivaWare_C_Series-2.1.4.178\driverlib\ccs\Debug\</path>
         <kind>archive</kind>
         <file>driverlib.lib</file>
         <name>adc.obj</name>
      </input_file>
      <input_file id="fl-b">
         <path>C:\ti\TivaWare_C_Series-2.1.4.178\driverlib\ccs\Debug\</path>
         <kind>archive</kind>
         <file>driverlib.lib</file>
         <name>gpio.obj</name>
      </input_file>
      <input_file id="fl-c">
         <path>C:\ti\TivaWare_C_Series-2.1.4.178\driverlib\ccs\Debug\</path>
         <kind>archive</kind>
         <file>driverlib.lib</file>
         <name>interrupt.obj</name>
      </input_file>
      <input_file id="fl-d">
         <path>C:\ti\TivaWare_C_Series-2.1.4.178\driverlib\ccs\Debug\</path>
         <kind>archive</kind>
         <file>driverlib.lib</file>
         <name>ssi.obj</name>
      </input_file>
      <input_file id="fl-e">
         <path>C:\ti\TivaWare_C_Series-2.1.4.178\driverlib\ccs\Debug\</path>
         <kind>archive</kind>
         <file>driverlib.lib</file>
         <name>sysctl.obj</name>
      </input_file>
      <input_file id="fl-f">
         <path>C:\ti\TivaWare_C_Series-2.1.4.178\driverlib\ccs\Debug\</path>
         <kind>archive</kind>
         <file>driverlib.lib</file>
         <name>timer.obj</name>
      </input_file>
      <input_file id="fl-10">
         <path>C:\ti\TivaWare_C_Series-2.1.4.178\driverlib\ccs\Debug\</path>
         <kind>archive</kind>
         <file>driverlib.lib</file>
         <name>uart.obj</name>
      </input_file>
      <input_file id="fl-11">
         <path>C:\ti\TivaWare_C_Series-2.1.4.178\driverlib\ccs\Debug\</path>
         <kind>archive</kind>
         <file>driverlib.lib</file>
         <name>cpu.obj</name>
      </input_file>
      <input_file id="fl-c7">
         <path>C:\ti\ccs1031\ccs\tools\compiler\ti-cgt-arm_20.2.5.LTS\lib\</path>
         <kind>archive</kind>
         <file>rtsv7M4_T_le_v4SPD16_eabi.lib</file>
         <name>fd_tos_t2.asm.obj</name>
      </input_file>
      <input_file id="fl-c8">
         <path>C:\ti\ccs1031\ccs\tools\compiler\ti-cgt-arm_20.2.5.LTS\lib\</path>
         <kind>archive</kind>
         <file>rtsv7M4_T_le_v4SPD16_eabi.lib</file>
         <name>u_divt2.asm.obj</name>
      </input_file>
      <input_file id="fl-c9">
         <path>C:\ti\ccs1031\ccs\tools\compiler\ti-cgt-arm_20.2.5.LTS\lib\</path>
         <kind>archive</kind>
         <file>rtsv7M4_T_le_v4SPD16_eabi.lib</file>
         <name>copy_zero_init.c.obj</name>
      </input_file>
      <input_file id="fl-ca">
         <path>C:\ti\ccs1031\ccs\tools\compiler\ti-cgt-arm_20.2.5.LTS\lib\</path>
         <kind>archive</kind>
         <file>rtsv7M4_T_le_v4SPD16_eabi.lib</file>
         <name>copy_decompress_none.c.obj</name>
      </input_file>
      <input_file id="fl-cb">
         <path>C:\ti\ccs1031\ccs\tools\compiler\ti-cgt-arm_20.2.5.LTS\lib\</path>
         <kind>archive</kind>
         <file>rtsv7M4_T_le_v4SPD16_eabi.lib</file>
         <name>copy_decompress_lzss.c.obj</name>
      </input_file>
      <input_file id="fl-cc">
         <path>C:\ti\ccs1031\ccs\tools\compiler\ti-cgt-arm_20.2.5.LTS\lib\</path>
         <kind>archive</kind>
         <file>rtsv7M4_T_le_v4SPD16_eabi.lib</file>
         <name>atof.c.obj</name>
      </input_file>
      <input_file id="fl-cd">
         <path>C:\ti\ccs1031\ccs\tools\compiler\ti-cgt-arm_20.2.5.LTS\lib\</path>
         <kind>archive</kind>
         <file>rtsv7M4_T_le_v4SPD16_eabi.lib</file>
         <name>strcpy.c.obj</name>
      </input_file>
      <input_file id="fl-ce">
         <path>C:\ti\ccs1031\ccs\tools\compiler\ti-cgt-arm_20.2.5.LTS\lib\</path>
         <kind>archive</kind>
         <file>rtsv7M4_T_le_v4SPD16_eabi.lib</file>
         <name>strtod.c.obj</name>
      </input_file>
      <input_file id="fl-cf">
         <path>C:\ti\ccs1031\ccs\tools\compiler\ti-cgt-arm_20.2.5.LTS\lib\</path>
         <kind>archive</kind>
         <file>rtsv7M4_T_le_v4SPD16_eabi.lib</file>
         <name>errno.c.obj</name>
      </input_file>
      <input_file id="fl-d0">
         <path>C:\ti\ccs1031\ccs\tools\compiler\ti-cgt-arm_20.2.5.LTS\lib\</path>
         <kind>archive</kind>
         <file>rtsv7M4_T_le_v4SPD16_eabi.lib</file>
         <name>boot_cortex_m.c.obj</name>
      </input_file>
      <input_file id="fl-d1">
         <path>C:\ti\ccs1031\ccs\tools\compiler\ti-cgt-arm_20.2.5.LTS\lib\</path>
         <kind>archive</kind>
         <file>rtsv7M4_T_le_v4SPD16_eabi.lib</file>
         <name>s_scalbn.c.obj</name>
      </input_file>
      <input_file id="fl-d2">
         <path>C:\ti\ccs1031\ccs\tools\compiler\ti-cgt-arm_20.2.5.LTS\lib\</path>
         <kind>archive</kind>
         <file>rtsv7M4_T_le_v4SPD16_eabi.lib</file>
         <name>div0.asm.obj</name>
      </input_file>
      <input_file id="fl-d3">
         <path>C:\ti\ccs1031\ccs\tools\compiler\ti-cgt-arm_20.2.5.LTS\lib\</path>
         <kind>archive</kind>
         <file>rtsv7M4_T_le_v4SPD16_eabi.lib</file>
         <name>fd_add_t2.asm.obj</name>
      </input_file>
      <input_file id="fl-d4">
         <path>C:\ti\ccs1031\ccs\tools\compiler\ti-cgt-arm_20.2.5.LTS\lib\</path>
         <kind>archive</kind>
         <file>rtsv7M4_T_le_v4SPD16_eabi.lib</file>
         <name>fd_cmp_t2.asm.obj</name>
      </input_file>
      <input_file id="fl-d5">
         <path>C:\ti\ccs1031\ccs\tools\compiler\ti-cgt-arm_20.2.5.LTS\lib\</path>
         <kind>archive</kind>
         <file>rtsv7M4_T_le_v4SPD16_eabi.lib</file>
         <name>fd_div_t2.asm.obj</name>
      </input_file>
      <input_file id="fl-d6">
         <path>C:\ti\ccs1031\ccs\tools\compiler\ti-cgt-arm_20.2.5.LTS\lib\</path>
         <kind>archive</kind>
         <file>rtsv7M4_T_le_v4SPD16_eabi.lib</file>
         <name>fd_mul_t2.asm.obj</name>
      </input_file>
      <input_file id="fl-d7">
         <path>C:\ti\ccs1031\ccs\tools\compiler\ti-cgt-arm_20.2.5.LTS\lib\</path>
         <kind>archive</kind>
         <file>rtsv7M4_T_le_v4SPD16_eabi.lib</file>
         <name>memcpy_t2.asm.obj</name>
      </input_file>
      <input_file id="fl-d8">
         <path>C:\ti\ccs1031\ccs\tools\compiler\ti-cgt-arm_20.2.5.LTS\lib\</path>
         <kind>archive</kind>
         <file>rtsv7M4_T_le_v4SPD16_eabi.lib</file>
         <name>memset_t2.asm.obj</name>
      </input_file>
      <input_file id="fl-d9">
         <path>C:\ti\ccs1031\ccs\tools\compiler\ti-cgt-arm_20.2.5.LTS\lib\</path>
         <kind>archive</kind>
         <file>rtsv7M4_T_le_v4SPD16_eabi.lib</file>
         <name>autoinit.c.obj</name>
      </input_file>
      <input_file id="fl-da">
         <path>C:\ti\ccs1031\ccs\tools\compiler\ti-cgt-arm_20.2.5.LTS\lib\</path>
         <kind>archive</kind>
         <file>rtsv7M4_T_le_v4SPD16_eabi.lib</file>
         <name>pre_init.c.obj</name>
      </input_file>
      <input_file id="fl-db">
         <path>C:\ti\ccs1031\ccs\tools\compiler\ti-cgt-arm_20.2.5.LTS\lib\</path>
         <kind>archive</kind>
         <file>rtsv7M4_T_le_v4SPD16_eabi.lib</file>
         <name>cpy_tbl.c.obj</name>
      </input_file>
      <input_file id="fl-dc">
         <path>C:\ti\ccs1031\ccs\tools\compiler\ti-cgt-arm_20.2.5.LTS\lib\</path>
         <kind>archive</kind>
         <file>rtsv7M4_T_le_v4SPD16_eabi.lib</file>
         <name>exit.c.obj</name>
      </input_file>
      <input_file id="fl-dd">
         <path>C:\ti\ccs1031\ccs\tools\compiler\ti-cgt-arm_20.2.5.LTS\lib\</path>
         <kind>archive</kind>
         <file>rtsv7M4_T_le_v4SPD16_eabi.lib</file>
         <name>_lock.c.obj</name>
      </input_file>
      <input_file id="fl-de">
         <path>C:\ti\ccs1031\ccs\tools\compiler\ti-cgt-arm_20.2.5.LTS\lib\</path>
         <kind>archive</kind>
         <file>rtsv7M4_T_le_v4SPD16_eabi.lib</file>
         <name>args_main.c.obj</name>
      </input_file>
      <input_file id="fl-df">
         <path>C:\ti\ccs1031\ccs\tools\compiler\ti-cgt-arm_20.2.5.LTS\lib\</path>
         <kind>archive</kind>
         <file>rtsv7M4_T_le_v4SPD16_eabi.lib</file>
         <name>ctype.c.obj</name>
      </input_file>
      <input_file id="fl-e0">
         <path>C:\ti\ccs1031\ccs\tools\compiler\ti-cgt-arm_20.2.5.LTS\lib\</path>
         <kind>archive</kind>
         <file>rtsv7M4_T_le_v4SPD16_eabi.lib</file>
         <name>s_copysign.c.obj</name>
      </input_file>
   </input_file_list>
   <object_component_list>
      <object_component id="oc-12">
         <name>.intvecs</name>
         <load_address>0x0</load_address>
         <run_address>0x0</run_address>
         <size>0x26c</size>
         <input_file_ref idref="fl-3"/>
      </object_component>
      <object_component id="oc-2d">
         <name>.text</name>
         <load_address>0x26c</load_address>
         <run_address>0x26c</run_address>
         <size>0xba0</size>
         <input_file_ref idref="fl-2"/>
      </object_component>
      <object_component id="oc-1e6">
         <name>.text:strtod</name>
         <load_address>0xe0c</load_address>
         <run_address>0xe0c</run_address>
         <size>0x460</size>
         <input_file_ref idref="fl-ce"/>
      </object_component>
      <object_component id="oc-28e">
         <name>.text</name>
         <load_address>0x126c</load_address>
         <run_address>0x126c</run_address>
         <size>0x1b6</size>
         <input_file_ref idref="fl-d3"/>
      </object_component>
      <object_component id="oc-298">
         <name>.text</name>
         <load_address>0x1422</load_address>
         <run_address>0x1422</run_address>
         <size>0x136</size>
         <input_file_ref idref="fl-d5"/>
      </object_component>
      <object_component id="oc-1c7">
         <name>.text:GPIOPadConfigSet</name>
         <load_address>0x1558</load_address>
         <run_address>0x1558</run_address>
         <size>0x132</size>
         <input_file_ref idref="fl-b"/>
      </object_component>
      <object_component id="oc-7a">
         <name>.text:SysCtlClockGet</name>
         <load_address>0x168c</load_address>
         <run_address>0x168c</run_address>
         <size>0x110</size>
         <input_file_ref idref="fl-e"/>
      </object_component>
      <object_component id="oc-2a3">
         <name>.text:scalbn</name>
         <load_address>0x179c</load_address>
         <run_address>0x179c</run_address>
         <size>0x110</size>
         <input_file_ref idref="fl-d1"/>
      </object_component>
      <object_component id="oc-289">
         <name>.text</name>
         <load_address>0x18ac</load_address>
         <run_address>0x18ac</run_address>
         <size>0xfc</size>
         <input_file_ref idref="fl-d6"/>
      </object_component>
      <object_component id="oc-108">
         <name>.text:SysCtlClockSet</name>
         <load_address>0x19a8</load_address>
         <run_address>0x19a8</run_address>
         <size>0xf4</size>
         <input_file_ref idref="fl-e"/>
      </object_component>
      <object_component id="oc-41">
         <name>.text</name>
         <load_address>0x1a9c</load_address>
         <run_address>0x1a9c</run_address>
         <size>0x9c</size>
         <input_file_ref idref="fl-d7"/>
      </object_component>
      <object_component id="oc-293">
         <name>.text:__aeabi_cdcmple</name>
         <load_address>0x1b38</load_address>
         <run_address>0x1b38</run_address>
         <size>0x86</size>
         <input_file_ref idref="fl-d4"/>
      </object_component>
      <object_component id="oc-11a">
         <name>.text:ADCSequenceStepConfigure</name>
         <load_address>0x1bbe</load_address>
         <run_address>0x1bbe</run_address>
         <size>0x7a</size>
         <input_file_ref idref="fl-a"/>
      </object_component>
      <object_component id="oc-19c">
         <name>.text</name>
         <load_address>0x1c38</load_address>
         <run_address>0x1c38</run_address>
         <size>0x7a</size>
         <input_file_ref idref="fl-d8"/>
      </object_component>
      <object_component id="oc-bd">
         <name>.text</name>
         <load_address>0x1cb2</load_address>
         <run_address>0x1cb2</run_address>
         <size>0x6e</size>
         <input_file_ref idref="fl-c7"/>
      </object_component>
      <object_component id="oc-99">
         <name>.text:IntEnable</name>
         <load_address>0x1d20</load_address>
         <run_address>0x1d20</run_address>
         <size>0x68</size>
         <input_file_ref idref="fl-c"/>
      </object_component>
      <object_component id="oc-15">
         <name>.text:decompress:lzss:__TI_decompress_lzss</name>
         <load_address>0x1d88</load_address>
         <run_address>0x1d88</run_address>
         <size>0x68</size>
         <input_file_ref idref="fl-cb"/>
      </object_component>
      <object_component id="oc-12c">
         <name>.text:TimerConfigure</name>
         <load_address>0x1df0</load_address>
         <run_address>0x1df0</run_address>
         <size>0x60</size>
         <input_file_ref idref="fl-f"/>
      </object_component>
      <object_component id="oc-114">
         <name>.text:ADCSequenceConfigure</name>
         <load_address>0x1e50</load_address>
         <run_address>0x1e50</run_address>
         <size>0x50</size>
         <input_file_ref idref="fl-a"/>
      </object_component>
      <object_component id="oc-156">
         <name>.text:GPIOPinConfigure</name>
         <load_address>0x1ea0</load_address>
         <run_address>0x1ea0</run_address>
         <size>0x48</size>
         <input_file_ref idref="fl-b"/>
      </object_component>
      <object_component id="oc-8d">
         <name>.text:UARTConfigSetExpClk</name>
         <load_address>0x1ee8</load_address>
         <run_address>0x1ee8</run_address>
         <size>0x46</size>
         <input_file_ref idref="fl-10"/>
      </object_component>
      <object_component id="oc-242">
         <name>.text:__TI_auto_init_nobinit_nopinit:__TI_auto_init_nobinit_nopinit</name>
         <load_address>0x1f30</load_address>
         <run_address>0x1f30</run_address>
         <size>0x44</size>
         <input_file_ref idref="fl-d9"/>
      </object_component>
      <object_component id="oc-162">
         <name>.text:SSIConfigSetExpClk</name>
         <load_address>0x1f74</load_address>
         <run_address>0x1f74</run_address>
         <size>0x3c</size>
         <input_file_ref idref="fl-d"/>
      </object_component>
      <object_component id="oc-144">
         <name>.text:SysCtlPeripheralReady</name>
         <load_address>0x1fb0</load_address>
         <run_address>0x1fb0</run_address>
         <size>0x38</size>
         <input_file_ref idref="fl-e"/>
      </object_component>
      <object_component id="oc-81">
         <name>.text:SysCtlPeripheralEnable</name>
         <load_address>0x1fe8</load_address>
         <run_address>0x1fe8</run_address>
         <size>0x34</size>
         <input_file_ref idref="fl-e"/>
      </object_component>
      <object_component id="oc-5f">
         <name>.text:_c_int00_noargs:_c_int00_noargs</name>
         <load_address>0x201c</load_address>
         <run_address>0x201c</run_address>
         <size>0x34</size>
         <input_file_ref idref="fl-d0"/>
      </object_component>
      <object_component id="oc-f6">
         <name>.text:ADCIntStatus</name>
         <load_address>0x2050</load_address>
         <run_address>0x2050</run_address>
         <size>0x2e</size>
         <input_file_ref idref="fl-a"/>
      </object_component>
      <object_component id="oc-1c1">
         <name>.text:GPIODirModeSet</name>
         <load_address>0x207e</load_address>
         <run_address>0x207e</run_address>
         <size>0x2a</size>
         <input_file_ref idref="fl-b"/>
      </object_component>
      <object_component id="oc-1ce">
         <name>.text:UARTDisable</name>
         <load_address>0x20a8</load_address>
         <run_address>0x20a8</run_address>
         <size>0x20</size>
         <input_file_ref idref="fl-10"/>
      </object_component>
      <object_component id="oc-102">
         <name>.text:ADCSequenceDataGet</name>
         <load_address>0x20c8</load_address>
         <run_address>0x20c8</run_address>
         <size>0x1e</size>
         <input_file_ref idref="fl-a"/>
      </object_component>
      <object_component id="oc-2e8">
         <name>.text:copysign</name>
         <load_address>0x20e6</load_address>
         <run_address>0x20e6</run_address>
         <size>0x1a</size>
         <input_file_ref idref="fl-e0"/>
      </object_component>
      <object_component id="oc-f0">
         <name>.text:ADCProcessorTrigger</name>
         <load_address>0x2100</load_address>
         <run_address>0x2100</run_address>
         <size>0x18</size>
         <input_file_ref idref="fl-a"/>
      </object_component>
      <object_component id="oc-14a">
         <name>.text:GPIOPinTypeGPIOOutput</name>
         <load_address>0x2118</load_address>
         <run_address>0x2118</run_address>
         <size>0x18</size>
         <input_file_ref idref="fl-b"/>
      </object_component>
      <object_component id="oc-1d4">
         <name>.text:UARTEnable</name>
         <load_address>0x2130</load_address>
         <run_address>0x2130</run_address>
         <size>0x14</size>
         <input_file_ref idref="fl-10"/>
      </object_component>
      <object_component id="oc-cb">
         <name>.text:strcpy</name>
         <load_address>0x2144</load_address>
         <run_address>0x2144</run_address>
         <size>0x14</size>
         <input_file_ref idref="fl-cd"/>
      </object_component>
      <object_component id="oc-10e">
         <name>.text:GPIOPinTypeADC</name>
         <load_address>0x2158</load_address>
         <run_address>0x2158</run_address>
         <size>0x12</size>
         <input_file_ref idref="fl-b"/>
      </object_component>
      <object_component id="oc-150">
         <name>.text:GPIOPinTypeGPIOInput</name>
         <load_address>0x216a</load_address>
         <run_address>0x216a</run_address>
         <size>0x12</size>
         <input_file_ref idref="fl-b"/>
      </object_component>
      <object_component id="oc-15c">
         <name>.text:GPIOPinTypeSSI</name>
         <load_address>0x217c</load_address>
         <run_address>0x217c</run_address>
         <size>0x12</size>
         <input_file_ref idref="fl-b"/>
      </object_component>
      <object_component id="oc-87">
         <name>.text:GPIOPinTypeUART</name>
         <load_address>0x218e</load_address>
         <run_address>0x218e</run_address>
         <size>0x12</size>
         <input_file_ref idref="fl-b"/>
      </object_component>
      <object_component id="oc-16e">
         <name>.text:SSIDataGetNonBlocking</name>
         <load_address>0x21a0</load_address>
         <run_address>0x21a0</run_address>
         <size>0x12</size>
         <input_file_ref idref="fl-d"/>
      </object_component>
      <object_component id="oc-132">
         <name>.text:TimerLoadSet</name>
         <load_address>0x21b2</load_address>
         <run_address>0x21b2</run_address>
         <size>0x12</size>
         <input_file_ref idref="fl-f"/>
      </object_component>
      <object_component id="oc-b7">
         <name>.text:atof</name>
         <load_address>0x21c4</load_address>
         <run_address>0x21c4</run_address>
         <size>0x12</size>
         <input_file_ref idref="fl-cc"/>
      </object_component>
      <object_component id="oc-126">
         <name>.text:IntMasterEnable</name>
         <load_address>0x21d6</load_address>
         <run_address>0x21d6</run_address>
         <size>0x10</size>
         <input_file_ref idref="fl-c"/>
      </object_component>
      <object_component id="oc-120">
         <name>.text:ADCSequenceEnable</name>
         <load_address>0x21e6</load_address>
         <run_address>0x21e6</run_address>
         <size>0xe</size>
         <input_file_ref idref="fl-a"/>
      </object_component>
      <object_component id="oc-13e">
         <name>.text:TimerEnable</name>
         <load_address>0x21f4</load_address>
         <run_address>0x21f4</run_address>
         <size>0xe</size>
         <input_file_ref idref="fl-f"/>
      </object_component>
      <object_component id="oc-ab">
         <name>.text:UARTCharGetNonBlocking</name>
         <load_address>0x2202</load_address>
         <run_address>0x2202</run_address>
         <size>0xe</size>
         <input_file_ref idref="fl-10"/>
      </object_component>
      <object_component id="oc-d4">
         <name>.text:UARTCharsAvail</name>
         <load_address>0x2210</load_address>
         <run_address>0x2210</run_address>
         <size>0xe</size>
         <input_file_ref idref="fl-10"/>
      </object_component>
      <object_component id="oc-1b">
         <name>.text:decompress:none:__TI_decompress_none</name>
         <load_address>0x221e</load_address>
         <run_address>0x221e</run_address>
         <size>0xe</size>
         <input_file_ref idref="fl-ca"/>
      </object_component>
      <object_component id="oc-20b">
         <name>.text:CPUcpsie</name>
         <load_address>0x222c</load_address>
         <run_address>0x222c</run_address>
         <size>0xc</size>
         <input_file_ref idref="fl-11"/>
      </object_component>
      <object_component id="oc-53">
         <name>.text:decompress:ZI:__TI_zero_init</name>
         <load_address>0x2238</load_address>
         <run_address>0x2238</run_address>
         <size>0xc</size>
         <input_file_ref idref="fl-c9"/>
      </object_component>
      <object_component id="oc-27">
         <name>.text</name>
         <load_address>0x2244</load_address>
         <run_address>0x2244</run_address>
         <size>0xc</size>
         <input_file_ref idref="fl-3"/>
      </object_component>
      <object_component id="oc-fc">
         <name>.text:ADCIntClear</name>
         <load_address>0x2250</load_address>
         <run_address>0x2250</run_address>
         <size>0xa</size>
         <input_file_ref idref="fl-a"/>
      </object_component>
      <object_component id="oc-e2">
         <name>.text:SSIDataPut</name>
         <load_address>0x225a</load_address>
         <run_address>0x225a</run_address>
         <size>0xa</size>
         <input_file_ref idref="fl-d"/>
      </object_component>
      <object_component id="oc-168">
         <name>.text:SSIEnable</name>
         <load_address>0x2264</load_address>
         <run_address>0x2264</run_address>
         <size>0xa</size>
         <input_file_ref idref="fl-d"/>
      </object_component>
      <object_component id="oc-74">
         <name>.text:UARTCharPut</name>
         <load_address>0x226e</load_address>
         <run_address>0x226e</run_address>
         <size>0xa</size>
         <input_file_ref idref="fl-10"/>
      </object_component>
      <object_component id="oc-9f">
         <name>.text:UARTIntStatus</name>
         <load_address>0x2278</load_address>
         <run_address>0x2278</run_address>
         <size>0xa</size>
         <input_file_ref idref="fl-10"/>
      </object_component>
      <object_component id="oc-e8">
         <name>.text:SSIBusy</name>
         <load_address>0x2282</load_address>
         <run_address>0x2282</run_address>
         <size>0x8</size>
         <input_file_ref idref="fl-d"/>
      </object_component>
      <object_component id="oc-138">
         <name>.text:TimerIntEnable</name>
         <load_address>0x228a</load_address>
         <run_address>0x228a</run_address>
         <size>0x8</size>
         <input_file_ref idref="fl-f"/>
      </object_component>
      <object_component id="oc-93">
         <name>.text:UARTIntEnable</name>
         <load_address>0x2292</load_address>
         <run_address>0x2292</run_address>
         <size>0x8</size>
         <input_file_ref idref="fl-10"/>
      </object_component>
      <object_component id="oc-29d">
         <name>.text:__aeabi_errno_addr</name>
         <load_address>0x229c</load_address>
         <run_address>0x229c</run_address>
         <size>0x8</size>
         <input_file_ref idref="fl-cf"/>
      </object_component>
      <object_component id="oc-b1">
         <name>.text:GPIOPinWrite</name>
         <load_address>0x22a4</load_address>
         <run_address>0x22a4</run_address>
         <size>0x6</size>
         <input_file_ref idref="fl-b"/>
      </object_component>
      <object_component id="oc-80">
         <name>.text:SysCtlDelay</name>
         <load_address>0x22aa</load_address>
         <run_address>0x22aa</run_address>
         <size>0x6</size>
         <input_file_ref idref="fl-e"/>
      </object_component>
      <object_component id="oc-dc">
         <name>.text:TimerIntClear</name>
         <load_address>0x22b0</load_address>
         <run_address>0x22b0</run_address>
         <size>0x4</size>
         <input_file_ref idref="fl-f"/>
      </object_component>
      <object_component id="oc-a5">
         <name>.text:UARTIntClear</name>
         <load_address>0x22b4</load_address>
         <run_address>0x22b4</run_address>
         <size>0x4</size>
         <input_file_ref idref="fl-10"/>
      </object_component>
      <object_component id="oc-1a2">
         <name>.text:_system_pre_init</name>
         <load_address>0x22b8</load_address>
         <run_address>0x22b8</run_address>
         <size>0x4</size>
         <input_file_ref idref="fl-da"/>
      </object_component>
      <object_component id="oc-236">
         <name>.text:abort:abort</name>
         <load_address>0x22bc</load_address>
         <run_address>0x22bc</run_address>
         <size>0x4</size>
         <input_file_ref idref="fl-dc"/>
      </object_component>
      <object_component id="oc-2a9">
         <name>.const:.string:_ctypes_</name>
         <load_address>0x22c0</load_address>
         <run_address>0x22c0</run_address>
         <size>0x101</size>
         <input_file_ref idref="fl-df"/>
      </object_component>
      <object_component id="oc-2ac">
         <name>.const:$O1$$</name>
         <load_address>0x23c8</load_address>
         <run_address>0x23c8</run_address>
         <size>0xc8</size>
         <input_file_ref idref="fl-ce"/>
      </object_component>
      <object_component id="oc-219">
         <name>.const:g_pui32GPIOBaseAddrs</name>
         <load_address>0x2490</load_address>
         <run_address>0x2490</run_address>
         <size>0x90</size>
         <input_file_ref idref="fl-b"/>
      </object_component>
      <object_component id="oc-1dc">
         <name>.const</name>
         <load_address>0x2520</load_address>
         <run_address>0x2520</run_address>
         <size>0x70</size>
         <input_file_ref idref="fl-c"/>
      </object_component>
      <object_component id="oc-1bb">
         <name>.const:g_pui32Xtals</name>
         <load_address>0x2590</load_address>
         <run_address>0x2590</run_address>
         <size>0x6c</size>
         <input_file_ref idref="fl-e"/>
      </object_component>
      <object_component id="oc-365">
         <name>.cinit..data.load</name>
         <load_address>0x2600</load_address>
         <run_address>0x2600</run_address>
         <size>0x18</size>
      </object_component>
      <object_component id="oc-363">
         <name>__TI_handler_table</name>
         <load_address>0x2618</load_address>
         <run_address>0x2618</run_address>
         <size>0xc</size>
      </object_component>
      <object_component id="oc-366">
         <name>.cinit..bss.load</name>
         <load_address>0x2628</load_address>
         <run_address>0x2628</run_address>
         <size>0x8</size>
      </object_component>
      <object_component id="oc-364">
         <name>__TI_cinit_table</name>
         <load_address>0x2630</load_address>
         <run_address>0x2630</run_address>
         <size>0x10</size>
      </object_component>
      <object_component id="oc-c2">
         <name>.data</name>
         <load_address>0x20001200</load_address>
         <run_address>0x20001200</run_address>
         <size>0x80</size>
         <input_file_ref idref="fl-2"/>
      </object_component>
      <object_component id="oc-2e3">
         <name>.data</name>
         <load_address>0x20001280</load_address>
         <run_address>0x20001280</run_address>
         <size>0x4</size>
         <input_file_ref idref="fl-cf"/>
      </object_component>
      <object_component id="oc-174">
         <name>.common:grabacion</name>
         <uninitialized>true</uninitialized>
         <run_address>0x20000000</run_address>
         <size>0xfa0</size>
      </object_component>
      <object_component id="oc-c5">
         <name>.common:StrNumMuestras</name>
         <uninitialized>true</uninitialized>
         <run_address>0x20000fa0</run_address>
         <size>0xc</size>
      </object_component>
      <object_component id="oc-d3">
         <name>.common:StrN0</name>
         <uninitialized>true</uninitialized>
         <run_address>0x20000fd4</run_address>
         <size>0x8</size>
      </object_component>
      <object_component id="oc-da">
         <name>.common:StrN1</name>
         <uninitialized>true</uninitialized>
         <run_address>0x20000fdc</run_address>
         <size>0x8</size>
      </object_component>
      <object_component id="oc-db">
         <name>.common:StrN2</name>
         <uninitialized>true</uninitialized>
         <run_address>0x20000fe4</run_address>
         <size>0x8</size>
      </object_component>
      <object_component id="oc-ee">
         <name>.common:StrN3</name>
         <uninitialized>true</uninitialized>
         <run_address>0x20000fec</run_address>
         <size>0x8</size>
      </object_component>
      <object_component id="oc-ef">
         <name>.common:StrN4</name>
         <uninitialized>true</uninitialized>
         <run_address>0x20000ff4</run_address>
         <size>0x8</size>
      </object_component>
      <object_component id="oc-c8">
         <name>.common:StrD0</name>
         <uninitialized>true</uninitialized>
         <run_address>0x20000fac</run_address>
         <size>0x8</size>
      </object_component>
      <object_component id="oc-c9">
         <name>.common:StrD1</name>
         <uninitialized>true</uninitialized>
         <run_address>0x20000fb4</run_address>
         <size>0x8</size>
      </object_component>
      <object_component id="oc-ca">
         <name>.common:StrD2</name>
         <uninitialized>true</uninitialized>
         <run_address>0x20000fbc</run_address>
         <size>0x8</size>
      </object_component>
      <object_component id="oc-d1">
         <name>.common:StrD3</name>
         <uninitialized>true</uninitialized>
         <run_address>0x20000fc4</run_address>
         <size>0x8</size>
      </object_component>
      <object_component id="oc-d2">
         <name>.common:StrD4</name>
         <uninitialized>true</uninitialized>
         <run_address>0x20000fcc</run_address>
         <size>0x8</size>
      </object_component>
      <object_component id="oc-24">
         <name>.stack</name>
         <uninitialized>true</uninitialized>
         <run_address>0x20001000</run_address>
         <size>0x4</size>
         <input_file_ref idref="fl-d0"/>
      </object_component>
      <object_component id="oc-368">
         <name>.stack</name>
         <uninitialized>true</uninitialized>
         <run_address>0x20001000</run_address>
         <size>0x0</size>
      </object_component>
      <object_component id="oc-c6">
         <name>.debug_info</name>
         <load_address>0x0</load_address>
         <run_address>0x0</run_address>
         <size>0xcaa</size>
         <input_file_ref idref="fl-2"/>
      </object_component>
      <object_component id="oc-c3">
         <name>.debug_info</name>
         <load_address>0xcaa</load_address>
         <run_address>0xcaa</run_address>
         <size>0x40c</size>
         <input_file_ref idref="fl-2"/>
      </object_component>
      <object_component id="oc-2f">
         <name>.debug_info</name>
         <load_address>0x10b6</load_address>
         <run_address>0x10b6</run_address>
         <size>0xe1e</size>
         <input_file_ref idref="fl-2"/>
      </object_component>
      <object_component id="oc-182">
         <name>.debug_info</name>
         <load_address>0x1ed4</load_address>
         <run_address>0x1ed4</run_address>
         <size>0x26b</size>
         <input_file_ref idref="fl-2"/>
      </object_component>
      <object_component id="oc-17b">
         <name>.debug_info</name>
         <load_address>0x213f</load_address>
         <run_address>0x213f</run_address>
         <size>0x8b</size>
         <input_file_ref idref="fl-2"/>
      </object_component>
      <object_component id="oc-221">
         <name>.debug_info</name>
         <load_address>0x21ca</load_address>
         <run_address>0x21ca</run_address>
         <size>0x2a4</size>
         <input_file_ref idref="fl-2"/>
      </object_component>
      <object_component id="oc-176">
         <name>.debug_info</name>
         <load_address>0x246e</load_address>
         <run_address>0x246e</run_address>
         <size>0xbb</size>
         <input_file_ref idref="fl-2"/>
      </object_component>
      <object_component id="oc-1f3">
         <name>.debug_info</name>
         <load_address>0x2529</load_address>
         <run_address>0x2529</run_address>
         <size>0x35</size>
         <input_file_ref idref="fl-2"/>
      </object_component>
      <object_component id="oc-35">
         <name>.debug_info</name>
         <load_address>0x255e</load_address>
         <run_address>0x255e</run_address>
         <size>0x327</size>
         <input_file_ref idref="fl-3"/>
      </object_component>
      <object_component id="oc-13">
         <name>.debug_info</name>
         <load_address>0x2885</load_address>
         <run_address>0x2885</run_address>
         <size>0xf2</size>
         <input_file_ref idref="fl-3"/>
      </object_component>
      <object_component id="oc-29">
         <name>.debug_info</name>
         <load_address>0x2977</load_address>
         <run_address>0x2977</run_address>
         <size>0x26e</size>
         <input_file_ref idref="fl-3"/>
      </object_component>
      <object_component id="oc-3c">
         <name>.debug_info</name>
         <load_address>0x2be5</load_address>
         <run_address>0x2be5</run_address>
         <size>0x84</size>
         <input_file_ref idref="fl-3"/>
      </object_component>
      <object_component id="oc-201">
         <name>.debug_info</name>
         <load_address>0x2c69</load_address>
         <run_address>0x2c69</run_address>
         <size>0x24d</size>
         <input_file_ref idref="fl-a"/>
      </object_component>
      <object_component id="oc-11c">
         <name>.debug_info</name>
         <load_address>0x2eb6</load_address>
         <run_address>0x2eb6</run_address>
         <size>0x333</size>
         <input_file_ref idref="fl-a"/>
      </object_component>
      <object_component id="oc-122">
         <name>.debug_info</name>
         <load_address>0x31e9</load_address>
         <run_address>0x31e9</run_address>
         <size>0x2a0</size>
         <input_file_ref idref="fl-a"/>
      </object_component>
      <object_component id="oc-104">
         <name>.debug_info</name>
         <load_address>0x3489</load_address>
         <run_address>0x3489</run_address>
         <size>0x2ff</size>
         <input_file_ref idref="fl-a"/>
      </object_component>
      <object_component id="oc-116">
         <name>.debug_info</name>
         <load_address>0x3788</load_address>
         <run_address>0x3788</run_address>
         <size>0x326</size>
         <input_file_ref idref="fl-a"/>
      </object_component>
      <object_component id="oc-f2">
         <name>.debug_info</name>
         <load_address>0x3aae</load_address>
         <run_address>0x3aae</run_address>
         <size>0x2a4</size>
         <input_file_ref idref="fl-a"/>
      </object_component>
      <object_component id="oc-f8">
         <name>.debug_info</name>
         <load_address>0x3d52</load_address>
         <run_address>0x3d52</run_address>
         <size>0x2e7</size>
         <input_file_ref idref="fl-a"/>
      </object_component>
      <object_component id="oc-fd">
         <name>.debug_info</name>
         <load_address>0x4039</load_address>
         <run_address>0x4039</run_address>
         <size>0x294</size>
         <input_file_ref idref="fl-a"/>
      </object_component>
      <object_component id="oc-1b5">
         <name>.debug_info</name>
         <load_address>0x42cd</load_address>
         <run_address>0x42cd</run_address>
         <size>0x18b</size>
         <input_file_ref idref="fl-a"/>
      </object_component>
      <object_component id="oc-1e5">
         <name>.debug_info</name>
         <load_address>0x4458</load_address>
         <run_address>0x4458</run_address>
         <size>0x240</size>
         <input_file_ref idref="fl-b"/>
      </object_component>
      <object_component id="oc-21a">
         <name>.debug_info</name>
         <load_address>0x4698</load_address>
         <run_address>0x4698</run_address>
         <size>0x15b</size>
         <input_file_ref idref="fl-b"/>
      </object_component>
      <object_component id="oc-b2">
         <name>.debug_info</name>
         <load_address>0x47f3</load_address>
         <run_address>0x47f3</run_address>
         <size>0x2a3</size>
         <input_file_ref idref="fl-b"/>
      </object_component>
      <object_component id="oc-1c2">
         <name>.debug_info</name>
         <load_address>0x4a96</load_address>
         <run_address>0x4a96</run_address>
         <size>0x2b3</size>
         <input_file_ref idref="fl-b"/>
      </object_component>
      <object_component id="oc-1c8">
         <name>.debug_info</name>
         <load_address>0x4d49</load_address>
         <run_address>0x4d49</run_address>
         <size>0x316</size>
         <input_file_ref idref="fl-b"/>
      </object_component>
      <object_component id="oc-88">
         <name>.debug_info</name>
         <load_address>0x505f</load_address>
         <run_address>0x505f</run_address>
         <size>0x27b</size>
         <input_file_ref idref="fl-b"/>
      </object_component>
      <object_component id="oc-15d">
         <name>.debug_info</name>
         <load_address>0x52da</load_address>
         <run_address>0x52da</run_address>
         <size>0x279</size>
         <input_file_ref idref="fl-b"/>
      </object_component>
      <object_component id="oc-14c">
         <name>.debug_info</name>
         <load_address>0x5553</load_address>
         <run_address>0x5553</run_address>
         <size>0x2b7</size>
         <input_file_ref idref="fl-b"/>
      </object_component>
      <object_component id="oc-152">
         <name>.debug_info</name>
         <load_address>0x580a</load_address>
         <run_address>0x580a</run_address>
         <size>0x285</size>
         <input_file_ref idref="fl-b"/>
      </object_component>
      <object_component id="oc-111">
         <name>.debug_info</name>
         <load_address>0x5a8f</load_address>
         <run_address>0x5a8f</run_address>
         <size>0x279</size>
         <input_file_ref idref="fl-b"/>
      </object_component>
      <object_component id="oc-159">
         <name>.debug_info</name>
         <load_address>0x5d08</load_address>
         <run_address>0x5d08</run_address>
         <size>0x280</size>
         <input_file_ref idref="fl-b"/>
      </object_component>
      <object_component id="oc-1e0">
         <name>.debug_info</name>
         <load_address>0x5f88</load_address>
         <run_address>0x5f88</run_address>
         <size>0x20e</size>
         <input_file_ref idref="fl-c"/>
      </object_component>
      <object_component id="oc-1dd">
         <name>.debug_info</name>
         <load_address>0x6196</load_address>
         <run_address>0x6196</run_address>
         <size>0x210</size>
         <input_file_ref idref="fl-c"/>
      </object_component>
      <object_component id="oc-128">
         <name>.debug_info</name>
         <load_address>0x63a6</load_address>
         <run_address>0x63a6</run_address>
         <size>0x23e</size>
         <input_file_ref idref="fl-c"/>
      </object_component>
      <object_component id="oc-9a">
         <name>.debug_info</name>
         <load_address>0x65e4</load_address>
         <run_address>0x65e4</run_address>
         <size>0x268</size>
         <input_file_ref idref="fl-c"/>
      </object_component>
      <object_component id="oc-1fe">
         <name>.debug_info</name>
         <load_address>0x684c</load_address>
         <run_address>0x684c</run_address>
         <size>0x21c</size>
         <input_file_ref idref="fl-d"/>
      </object_component>
      <object_component id="oc-16b">
         <name>.debug_info</name>
         <load_address>0x6a68</load_address>
         <run_address>0x6a68</run_address>
         <size>0x242</size>
         <input_file_ref idref="fl-d"/>
      </object_component>
      <object_component id="oc-e5">
         <name>.debug_info</name>
         <load_address>0x6caa</load_address>
         <run_address>0x6caa</run_address>
         <size>0x276</size>
         <input_file_ref idref="fl-d"/>
      </object_component>
      <object_component id="oc-171">
         <name>.debug_info</name>
         <load_address>0x6f20</load_address>
         <run_address>0x6f20</run_address>
         <size>0x29a</size>
         <input_file_ref idref="fl-d"/>
      </object_component>
      <object_component id="oc-166">
         <name>.debug_info</name>
         <load_address>0x71ba</load_address>
         <run_address>0x71ba</run_address>
         <size>0x3d9</size>
         <input_file_ref idref="fl-d"/>
      </object_component>
      <object_component id="oc-eb">
         <name>.debug_info</name>
         <load_address>0x7593</load_address>
         <run_address>0x7593</run_address>
         <size>0x242</size>
         <input_file_ref idref="fl-d"/>
      </object_component>
      <object_component id="oc-1c0">
         <name>.debug_info</name>
         <load_address>0x77d5</load_address>
         <run_address>0x77d5</run_address>
         <size>0x298</size>
         <input_file_ref idref="fl-e"/>
      </object_component>
      <object_component id="oc-1bc">
         <name>.debug_info</name>
         <load_address>0x7a6d</load_address>
         <run_address>0x7a6d</run_address>
         <size>0x14d</size>
         <input_file_ref idref="fl-e"/>
      </object_component>
      <object_component id="oc-145">
         <name>.debug_info</name>
         <load_address>0x7bba</load_address>
         <run_address>0x7bba</run_address>
         <size>0x27f</size>
         <input_file_ref idref="fl-e"/>
      </object_component>
      <object_component id="oc-82">
         <name>.debug_info</name>
         <load_address>0x7e39</load_address>
         <run_address>0x7e39</run_address>
         <size>0x27d</size>
         <input_file_ref idref="fl-e"/>
      </object_component>
      <object_component id="oc-109">
         <name>.debug_info</name>
         <load_address>0x80b6</load_address>
         <run_address>0x80b6</run_address>
         <size>0x2db</size>
         <input_file_ref idref="fl-e"/>
      </object_component>
      <object_component id="oc-7b">
         <name>.debug_info</name>
         <load_address>0x8391</load_address>
         <run_address>0x8391</run_address>
         <size>0x2b5</size>
         <input_file_ref idref="fl-e"/>
      </object_component>
      <object_component id="oc-27a">
         <name>.debug_info</name>
         <load_address>0x8646</load_address>
         <run_address>0x8646</run_address>
         <size>0x5f</size>
         <input_file_ref idref="fl-e"/>
      </object_component>
      <object_component id="oc-1fc">
         <name>.debug_info</name>
         <load_address>0x86a5</load_address>
         <run_address>0x86a5</run_address>
         <size>0x223</size>
         <input_file_ref idref="fl-f"/>
      </object_component>
      <object_component id="oc-133">
         <name>.debug_info</name>
         <load_address>0x88c8</load_address>
         <run_address>0x88c8</run_address>
         <size>0x2ba</size>
         <input_file_ref idref="fl-f"/>
      </object_component>
      <object_component id="oc-139">
         <name>.debug_info</name>
         <load_address>0x8b82</load_address>
         <run_address>0x8b82</run_address>
         <size>0x294</size>
         <input_file_ref idref="fl-f"/>
      </object_component>
      <object_component id="oc-dd">
         <name>.debug_info</name>
         <load_address>0x8e16</load_address>
         <run_address>0x8e16</run_address>
         <size>0x292</size>
         <input_file_ref idref="fl-f"/>
      </object_component>
      <object_component id="oc-13f">
         <name>.debug_info</name>
         <load_address>0x90a8</load_address>
         <run_address>0x90a8</run_address>
         <size>0x27f</size>
         <input_file_ref idref="fl-f"/>
      </object_component>
      <object_component id="oc-12d">
         <name>.debug_info</name>
         <load_address>0x9327</load_address>
         <run_address>0x9327</run_address>
         <size>0x28c</size>
         <input_file_ref idref="fl-f"/>
      </object_component>
      <object_component id="oc-1ba">
         <name>.debug_info</name>
         <load_address>0x95b3</load_address>
         <run_address>0x95b3</run_address>
         <size>0x227</size>
         <input_file_ref idref="fl-10"/>
      </object_component>
      <object_component id="oc-a1">
         <name>.debug_info</name>
         <load_address>0x97da</load_address>
         <run_address>0x97da</run_address>
         <size>0x27f</size>
         <input_file_ref idref="fl-10"/>
      </object_component>
      <object_component id="oc-95">
         <name>.debug_info</name>
         <load_address>0x9a59</load_address>
         <run_address>0x9a59</run_address>
         <size>0x28f</size>
         <input_file_ref idref="fl-10"/>
      </object_component>
      <object_component id="oc-a7">
         <name>.debug_info</name>
         <load_address>0x9ce8</load_address>
         <run_address>0x9ce8</run_address>
         <size>0x28d</size>
         <input_file_ref idref="fl-10"/>
      </object_component>
      <object_component id="oc-1d6">
         <name>.debug_info</name>
         <load_address>0x9f75</load_address>
         <run_address>0x9f75</run_address>
         <size>0x247</size>
         <input_file_ref idref="fl-10"/>
      </object_component>
      <object_component id="oc-1d0">
         <name>.debug_info</name>
         <load_address>0xa1bc</load_address>
         <run_address>0xa1bc</run_address>
         <size>0x249</size>
         <input_file_ref idref="fl-10"/>
      </object_component>
      <object_component id="oc-8f">
         <name>.debug_info</name>
         <load_address>0xa405</load_address>
         <run_address>0xa405</run_address>
         <size>0x326</size>
         <input_file_ref idref="fl-10"/>
      </object_component>
      <object_component id="oc-d6">
         <name>.debug_info</name>
         <load_address>0xa72b</load_address>
         <run_address>0xa72b</run_address>
         <size>0x253</size>
         <input_file_ref idref="fl-10"/>
      </object_component>
      <object_component id="oc-76">
         <name>.debug_info</name>
         <load_address>0xa97e</load_address>
         <run_address>0xa97e</run_address>
         <size>0x273</size>
         <input_file_ref idref="fl-10"/>
      </object_component>
      <object_component id="oc-ae">
         <name>.debug_info</name>
         <load_address>0xabf1</load_address>
         <run_address>0xabf1</run_address>
         <size>0x263</size>
         <input_file_ref idref="fl-10"/>
      </object_component>
      <object_component id="oc-20c">
         <name>.debug_info</name>
         <load_address>0xae54</load_address>
         <run_address>0xae54</run_address>
         <size>0x212</size>
         <input_file_ref idref="fl-11"/>
      </object_component>
      <object_component id="oc-c0">
         <name>.debug_info</name>
         <load_address>0xb066</load_address>
         <run_address>0xb066</run_address>
         <size>0x13e</size>
         <input_file_ref idref="fl-c7"/>
      </object_component>
      <object_component id="oc-19b">
         <name>.debug_info</name>
         <load_address>0xb1a4</load_address>
         <run_address>0xb1a4</run_address>
         <size>0x2d4</size>
         <input_file_ref idref="fl-c9"/>
      </object_component>
      <object_component id="oc-57">
         <name>.debug_info</name>
         <load_address>0xb478</load_address>
         <run_address>0xb478</run_address>
         <size>0x1b5</size>
         <input_file_ref idref="fl-c9"/>
      </object_component>
      <object_component id="oc-196">
         <name>.debug_info</name>
         <load_address>0xb62d</load_address>
         <run_address>0xb62d</run_address>
         <size>0x46</size>
         <input_file_ref idref="fl-c9"/>
      </object_component>
      <object_component id="oc-22d">
         <name>.debug_info</name>
         <load_address>0xb673</load_address>
         <run_address>0xb673</run_address>
         <size>0x2c</size>
         <input_file_ref idref="fl-c9"/>
      </object_component>
      <object_component id="oc-4c">
         <name>.debug_info</name>
         <load_address>0xb69f</load_address>
         <run_address>0xb69f</run_address>
         <size>0x2a8</size>
         <input_file_ref idref="fl-ca"/>
      </object_component>
      <object_component id="oc-1d">
         <name>.debug_info</name>
         <load_address>0xb947</load_address>
         <run_address>0xb947</run_address>
         <size>0x1ea</size>
         <input_file_ref idref="fl-ca"/>
      </object_component>
      <object_component id="oc-47">
         <name>.debug_info</name>
         <load_address>0xbb31</load_address>
         <run_address>0xbb31</run_address>
         <size>0x46</size>
         <input_file_ref idref="fl-ca"/>
      </object_component>
      <object_component id="oc-18e">
         <name>.debug_info</name>
         <load_address>0xbb77</load_address>
         <run_address>0xbb77</run_address>
         <size>0x2c</size>
         <input_file_ref idref="fl-ca"/>
      </object_component>
      <object_component id="oc-18c">
         <name>.debug_info</name>
         <load_address>0xbba3</load_address>
         <run_address>0xbba3</run_address>
         <size>0x29e</size>
         <input_file_ref idref="fl-cb"/>
      </object_component>
      <object_component id="oc-19">
         <name>.debug_info</name>
         <load_address>0xbe41</load_address>
         <run_address>0xbe41</run_address>
         <size>0x250</size>
         <input_file_ref idref="fl-cb"/>
      </object_component>
      <object_component id="oc-37">
         <name>.debug_info</name>
         <load_address>0xc091</load_address>
         <run_address>0xc091</run_address>
         <size>0x60</size>
         <input_file_ref idref="fl-cb"/>
      </object_component>
      <object_component id="oc-226">
         <name>.debug_info</name>
         <load_address>0xc0f1</load_address>
         <run_address>0xc0f1</run_address>
         <size>0x46</size>
         <input_file_ref idref="fl-cb"/>
      </object_component>
      <object_component id="oc-187">
         <name>.debug_info</name>
         <load_address>0xc137</load_address>
         <run_address>0xc137</run_address>
         <size>0x39</size>
         <input_file_ref idref="fl-cb"/>
      </object_component>
      <object_component id="oc-1ed">
         <name>.debug_info</name>
         <load_address>0xc170</load_address>
         <run_address>0xc170</run_address>
         <size>0x2c5</size>
         <input_file_ref idref="fl-cc"/>
      </object_component>
      <object_component id="oc-ba">
         <name>.debug_info</name>
         <load_address>0xc435</load_address>
         <run_address>0xc435</run_address>
         <size>0x149</size>
         <input_file_ref idref="fl-cc"/>
      </object_component>
      <object_component id="oc-1f9">
         <name>.debug_info</name>
         <load_address>0xc57e</load_address>
         <run_address>0xc57e</run_address>
         <size>0x2a4</size>
         <input_file_ref idref="fl-cd"/>
      </object_component>
      <object_component id="oc-cc">
         <name>.debug_info</name>
         <load_address>0xc822</load_address>
         <run_address>0xc822</run_address>
         <size>0x24d</size>
         <input_file_ref idref="fl-cd"/>
      </object_component>
      <object_component id="oc-2b0">
         <name>.debug_info</name>
         <load_address>0xca6f</load_address>
         <run_address>0xca6f</run_address>
         <size>0x3b1</size>
         <input_file_ref idref="fl-ce"/>
      </object_component>
      <object_component id="oc-2ad">
         <name>.debug_info</name>
         <load_address>0xce20</load_address>
         <run_address>0xce20</run_address>
         <size>0x123</size>
         <input_file_ref idref="fl-ce"/>
      </object_component>
      <object_component id="oc-1e7">
         <name>.debug_info</name>
         <load_address>0xcf43</load_address>
         <run_address>0xcf43</run_address>
         <size>0x4e0</size>
         <input_file_ref idref="fl-ce"/>
      </object_component>
      <object_component id="oc-2e7">
         <name>.debug_info</name>
         <load_address>0xd423</load_address>
         <run_address>0xd423</run_address>
         <size>0x289</size>
         <input_file_ref idref="fl-cf"/>
      </object_component>
      <object_component id="oc-2e4">
         <name>.debug_info</name>
         <load_address>0xd6ac</load_address>
         <run_address>0xd6ac</run_address>
         <size>0x10e</size>
         <input_file_ref idref="fl-cf"/>
      </object_component>
      <object_component id="oc-29f">
         <name>.debug_info</name>
         <load_address>0xd7ba</load_address>
         <run_address>0xd7ba</run_address>
         <size>0x14e</size>
         <input_file_ref idref="fl-cf"/>
      </object_component>
      <object_component id="oc-25">
         <name>.debug_info</name>
         <load_address>0xd908</load_address>
         <run_address>0xd908</run_address>
         <size>0x10b</size>
         <input_file_ref idref="fl-d0"/>
      </object_component>
      <object_component id="oc-60">
         <name>.debug_info</name>
         <load_address>0xda13</load_address>
         <run_address>0xda13</run_address>
         <size>0x1a9</size>
         <input_file_ref idref="fl-d0"/>
      </object_component>
      <object_component id="oc-2ef">
         <name>.debug_info</name>
         <load_address>0xdbbc</load_address>
         <run_address>0xdbbc</run_address>
         <size>0x2f8</size>
         <input_file_ref idref="fl-d1"/>
      </object_component>
      <object_component id="oc-2a6">
         <name>.debug_info</name>
         <load_address>0xdeb4</load_address>
         <run_address>0xdeb4</run_address>
         <size>0x225</size>
         <input_file_ref idref="fl-d1"/>
      </object_component>
      <object_component id="oc-324">
         <name>.debug_info</name>
         <load_address>0xe0d9</load_address>
         <run_address>0xe0d9</run_address>
         <size>0x39</size>
         <input_file_ref idref="fl-d1"/>
      </object_component>
      <object_component id="oc-2f0">
         <name>.debug_info</name>
         <load_address>0xe112</load_address>
         <run_address>0xe112</run_address>
         <size>0x2c</size>
         <input_file_ref idref="fl-d1"/>
      </object_component>
      <object_component id="oc-28f">
         <name>.debug_info</name>
         <load_address>0xe13e</load_address>
         <run_address>0xe13e</run_address>
         <size>0x14c</size>
         <input_file_ref idref="fl-d3"/>
      </object_component>
      <object_component id="oc-295">
         <name>.debug_info</name>
         <load_address>0xe28a</load_address>
         <run_address>0xe28a</run_address>
         <size>0x128</size>
         <input_file_ref idref="fl-d4"/>
      </object_component>
      <object_component id="oc-299">
         <name>.debug_info</name>
         <load_address>0xe3b2</load_address>
         <run_address>0xe3b2</run_address>
         <size>0x13a</size>
         <input_file_ref idref="fl-d5"/>
      </object_component>
      <object_component id="oc-28c">
         <name>.debug_info</name>
         <load_address>0xe4ec</load_address>
         <run_address>0xe4ec</run_address>
         <size>0x13a</size>
         <input_file_ref idref="fl-d6"/>
      </object_component>
      <object_component id="oc-43">
         <name>.debug_info</name>
         <load_address>0xe626</load_address>
         <run_address>0xe626</run_address>
         <size>0x119</size>
         <input_file_ref idref="fl-d7"/>
      </object_component>
      <object_component id="oc-19d">
         <name>.debug_info</name>
         <load_address>0xe73f</load_address>
         <run_address>0xe73f</run_address>
         <size>0x147</size>
         <input_file_ref idref="fl-d8"/>
      </object_component>
      <object_component id="oc-2ca">
         <name>.debug_info</name>
         <load_address>0xe886</load_address>
         <run_address>0xe886</run_address>
         <size>0x4b3</size>
         <input_file_ref idref="fl-d9"/>
      </object_component>
      <object_component id="oc-245">
         <name>.debug_info</name>
         <load_address>0xed39</load_address>
         <run_address>0xed39</run_address>
         <size>0x1a6</size>
         <input_file_ref idref="fl-d9"/>
      </object_component>
      <object_component id="oc-30c">
         <name>.debug_info</name>
         <load_address>0xeedf</load_address>
         <run_address>0xeedf</run_address>
         <size>0x39</size>
         <input_file_ref idref="fl-d9"/>
      </object_component>
      <object_component id="oc-32e">
         <name>.debug_info</name>
         <load_address>0xef18</load_address>
         <run_address>0xef18</run_address>
         <size>0x39</size>
         <input_file_ref idref="fl-d9"/>
      </object_component>
      <object_component id="oc-311">
         <name>.debug_info</name>
         <load_address>0xef51</load_address>
         <run_address>0xef51</run_address>
         <size>0x39</size>
         <input_file_ref idref="fl-d9"/>
      </object_component>
      <object_component id="oc-316">
         <name>.debug_info</name>
         <load_address>0xef8a</load_address>
         <run_address>0xef8a</run_address>
         <size>0xcd</size>
         <input_file_ref idref="fl-d9"/>
      </object_component>
      <object_component id="oc-1a3">
         <name>.debug_info</name>
         <load_address>0xf057</load_address>
         <run_address>0xf057</run_address>
         <size>0x153</size>
         <input_file_ref idref="fl-da"/>
      </object_component>
      <object_component id="oc-237">
         <name>.debug_info</name>
         <load_address>0xf1aa</load_address>
         <run_address>0xf1aa</run_address>
         <size>0x122</size>
         <input_file_ref idref="fl-dc"/>
      </object_component>
      <object_component id="oc-2f7">
         <name>.debug_info</name>
         <load_address>0xf2cc</load_address>
         <run_address>0xf2cc</run_address>
         <size>0xf9</size>
         <input_file_ref idref="fl-df"/>
      </object_component>
      <object_component id="oc-2aa">
         <name>.debug_info</name>
         <load_address>0xf3c5</load_address>
         <run_address>0xf3c5</run_address>
         <size>0x105</size>
         <input_file_ref idref="fl-df"/>
      </object_component>
      <object_component id="oc-2eb">
         <name>.debug_info</name>
         <load_address>0xf4ca</load_address>
         <run_address>0xf4ca</run_address>
         <size>0x161</size>
         <input_file_ref idref="fl-e0"/>
      </object_component>
      <object_component id="oc-369">
         <name>.debug_info</name>
         <load_address>0xf62b</load_address>
         <run_address>0xf62b</run_address>
         <size>0xa5</size>
      </object_component>
      <object_component id="oc-1f2">
         <name>.debug_line</name>
         <load_address>0x0</load_address>
         <run_address>0x0</run_address>
         <size>0x247</size>
         <input_file_ref idref="fl-2"/>
      </object_component>
      <object_component id="oc-1f0">
         <name>.debug_line</name>
         <load_address>0x247</load_address>
         <run_address>0x247</run_address>
         <size>0x31</size>
         <input_file_ref idref="fl-2"/>
      </object_component>
      <object_component id="oc-2e">
         <name>.debug_line</name>
         <load_address>0x278</load_address>
         <run_address>0x278</run_address>
         <size>0x479</size>
         <input_file_ref idref="fl-2"/>
      </object_component>
      <object_component id="oc-185">
         <name>.debug_line</name>
         <load_address>0x6f1</load_address>
         <run_address>0x6f1</run_address>
         <size>0x6f</size>
         <input_file_ref idref="fl-2"/>
      </object_component>
      <object_component id="oc-17e">
         <name>.debug_line</name>
         <load_address>0x760</load_address>
         <run_address>0x760</run_address>
         <size>0x20</size>
         <input_file_ref idref="fl-2"/>
      </object_component>
      <object_component id="oc-224">
         <name>.debug_line</name>
         <load_address>0x780</load_address>
         <run_address>0x780</run_address>
         <size>0x73</size>
         <input_file_ref idref="fl-2"/>
      </object_component>
      <object_component id="oc-179">
         <name>.debug_line</name>
         <load_address>0x7f3</load_address>
         <run_address>0x7f3</run_address>
         <size>0x70</size>
         <input_file_ref idref="fl-2"/>
      </object_component>
      <object_component id="oc-1f6">
         <name>.debug_line</name>
         <load_address>0x863</load_address>
         <run_address>0x863</run_address>
         <size>0x74</size>
         <input_file_ref idref="fl-2"/>
      </object_component>
      <object_component id="oc-181">
         <name>.debug_line</name>
         <load_address>0x8d7</load_address>
         <run_address>0x8d7</run_address>
         <size>0x41</size>
         <input_file_ref idref="fl-3"/>
      </object_component>
      <object_component id="oc-34">
         <name>.debug_line</name>
         <load_address>0x918</load_address>
         <run_address>0x918</run_address>
         <size>0x41</size>
         <input_file_ref idref="fl-3"/>
      </object_component>
      <object_component id="oc-28">
         <name>.debug_line</name>
         <load_address>0x959</load_address>
         <run_address>0x959</run_address>
         <size>0xa1</size>
         <input_file_ref idref="fl-3"/>
      </object_component>
      <object_component id="oc-3f">
         <name>.debug_line</name>
         <load_address>0x9fa</load_address>
         <run_address>0x9fa</run_address>
         <size>0x20</size>
         <input_file_ref idref="fl-3"/>
      </object_component>
      <object_component id="oc-2bb">
         <name>.debug_line</name>
         <load_address>0xa1a</load_address>
         <run_address>0xa1a</run_address>
         <size>0xde</size>
         <input_file_ref idref="fl-a"/>
      </object_component>
      <object_component id="oc-11b">
         <name>.debug_line</name>
         <load_address>0xaf8</load_address>
         <run_address>0xaf8</run_address>
         <size>0xa7</size>
         <input_file_ref idref="fl-a"/>
      </object_component>
      <object_component id="oc-121">
         <name>.debug_line</name>
         <load_address>0xb9f</load_address>
         <run_address>0xb9f</run_address>
         <size>0x91</size>
         <input_file_ref idref="fl-a"/>
      </object_component>
      <object_component id="oc-103">
         <name>.debug_line</name>
         <load_address>0xc30</load_address>
         <run_address>0xc30</run_address>
         <size>0x9c</size>
         <input_file_ref idref="fl-a"/>
      </object_component>
      <object_component id="oc-115">
         <name>.debug_line</name>
         <load_address>0xccc</load_address>
         <run_address>0xccc</run_address>
         <size>0xa4</size>
         <input_file_ref idref="fl-a"/>
      </object_component>
      <object_component id="oc-f1">
         <name>.debug_line</name>
         <load_address>0xd70</load_address>
         <run_address>0xd70</run_address>
         <size>0x91</size>
         <input_file_ref idref="fl-a"/>
      </object_component>
      <object_component id="oc-f7">
         <name>.debug_line</name>
         <load_address>0xe01</load_address>
         <run_address>0xe01</run_address>
         <size>0x9b</size>
         <input_file_ref idref="fl-a"/>
      </object_component>
      <object_component id="oc-101">
         <name>.debug_line</name>
         <load_address>0xe9c</load_address>
         <run_address>0xe9c</run_address>
         <size>0x91</size>
         <input_file_ref idref="fl-a"/>
      </object_component>
      <object_component id="oc-1b8">
         <name>.debug_line</name>
         <load_address>0xf2d</load_address>
         <run_address>0xf2d</run_address>
         <size>0x69</size>
         <input_file_ref idref="fl-a"/>
      </object_component>
      <object_component id="oc-288">
         <name>.debug_line</name>
         <load_address>0xf96</load_address>
         <run_address>0xf96</run_address>
         <size>0x82</size>
         <input_file_ref idref="fl-b"/>
      </object_component>
      <object_component id="oc-2be">
         <name>.debug_line</name>
         <load_address>0x1018</load_address>
         <run_address>0x1018</run_address>
         <size>0x7d</size>
         <input_file_ref idref="fl-b"/>
      </object_component>
      <object_component id="oc-b6">
         <name>.debug_line</name>
         <load_address>0x1095</load_address>
         <run_address>0x1095</run_address>
         <size>0x92</size>
         <input_file_ref idref="fl-b"/>
      </object_component>
      <object_component id="oc-1c6">
         <name>.debug_line</name>
         <load_address>0x1127</load_address>
         <run_address>0x1127</run_address>
         <size>0x95</size>
         <input_file_ref idref="fl-b"/>
      </object_component>
      <object_component id="oc-1cc">
         <name>.debug_line</name>
         <load_address>0x11bc</load_address>
         <run_address>0x11bc</run_address>
         <size>0xd1</size>
         <input_file_ref idref="fl-b"/>
      </object_component>
      <object_component id="oc-8c">
         <name>.debug_line</name>
         <load_address>0x128d</load_address>
         <run_address>0x128d</run_address>
         <size>0x93</size>
         <input_file_ref idref="fl-b"/>
      </object_component>
      <object_component id="oc-161">
         <name>.debug_line</name>
         <load_address>0x1320</load_address>
         <run_address>0x1320</run_address>
         <size>0x93</size>
         <input_file_ref idref="fl-b"/>
      </object_component>
      <object_component id="oc-14f">
         <name>.debug_line</name>
         <load_address>0x13b3</load_address>
         <run_address>0x13b3</run_address>
         <size>0x99</size>
         <input_file_ref idref="fl-b"/>
      </object_component>
      <object_component id="oc-155">
         <name>.debug_line</name>
         <load_address>0x144c</load_address>
         <run_address>0x144c</run_address>
         <size>0x93</size>
         <input_file_ref idref="fl-b"/>
      </object_component>
      <object_component id="oc-110">
         <name>.debug_line</name>
         <load_address>0x14df</load_address>
         <run_address>0x14df</run_address>
         <size>0x93</size>
         <input_file_ref idref="fl-b"/>
      </object_component>
      <object_component id="oc-158">
         <name>.debug_line</name>
         <load_address>0x1572</load_address>
         <run_address>0x1572</run_address>
         <size>0xa7</size>
         <input_file_ref idref="fl-b"/>
      </object_component>
      <object_component id="oc-286">
         <name>.debug_line</name>
         <load_address>0x1619</load_address>
         <run_address>0x1619</run_address>
         <size>0x7c</size>
         <input_file_ref idref="fl-c"/>
      </object_component>
      <object_component id="oc-284">
         <name>.debug_line</name>
         <load_address>0x1695</load_address>
         <run_address>0x1695</run_address>
         <size>0x82</size>
         <input_file_ref idref="fl-c"/>
      </object_component>
      <object_component id="oc-127">
         <name>.debug_line</name>
         <load_address>0x1717</load_address>
         <run_address>0x1717</run_address>
         <size>0x97</size>
         <input_file_ref idref="fl-c"/>
      </object_component>
      <object_component id="oc-9d">
         <name>.debug_line</name>
         <load_address>0x17ae</load_address>
         <run_address>0x17ae</run_address>
         <size>0xc2</size>
         <input_file_ref idref="fl-c"/>
      </object_component>
      <object_component id="oc-2b9">
         <name>.debug_line</name>
         <load_address>0x1870</load_address>
         <run_address>0x1870</run_address>
         <size>0x82</size>
         <input_file_ref idref="fl-d"/>
      </object_component>
      <object_component id="oc-16d">
         <name>.debug_line</name>
         <load_address>0x18f2</load_address>
         <run_address>0x18f2</run_address>
         <size>0x91</size>
         <input_file_ref idref="fl-d"/>
      </object_component>
      <object_component id="oc-e7">
         <name>.debug_line</name>
         <load_address>0x1983</load_address>
         <run_address>0x1983</run_address>
         <size>0x94</size>
         <input_file_ref idref="fl-d"/>
      </object_component>
      <object_component id="oc-173">
         <name>.debug_line</name>
         <load_address>0x1a17</load_address>
         <run_address>0x1a17</run_address>
         <size>0x97</size>
         <input_file_ref idref="fl-d"/>
      </object_component>
      <object_component id="oc-165">
         <name>.debug_line</name>
         <load_address>0x1aae</load_address>
         <run_address>0x1aae</run_address>
         <size>0xa3</size>
         <input_file_ref idref="fl-d"/>
      </object_component>
      <object_component id="oc-ea">
         <name>.debug_line</name>
         <load_address>0x1b51</load_address>
         <run_address>0x1b51</run_address>
         <size>0x91</size>
         <input_file_ref idref="fl-d"/>
      </object_component>
      <object_component id="oc-279">
         <name>.debug_line</name>
         <load_address>0x1be2</load_address>
         <run_address>0x1be2</run_address>
         <size>0x13d</size>
         <input_file_ref idref="fl-e"/>
      </object_component>
      <object_component id="oc-277">
         <name>.debug_line</name>
         <load_address>0x1d1f</load_address>
         <run_address>0x1d1f</run_address>
         <size>0x7f</size>
         <input_file_ref idref="fl-e"/>
      </object_component>
      <object_component id="oc-148">
         <name>.debug_line</name>
         <load_address>0x1d9e</load_address>
         <run_address>0x1d9e</run_address>
         <size>0x94</size>
         <input_file_ref idref="fl-e"/>
      </object_component>
      <object_component id="oc-85">
         <name>.debug_line</name>
         <load_address>0x1e32</load_address>
         <run_address>0x1e32</run_address>
         <size>0x94</size>
         <input_file_ref idref="fl-e"/>
      </object_component>
      <object_component id="oc-10c">
         <name>.debug_line</name>
         <load_address>0x1ec6</load_address>
         <run_address>0x1ec6</run_address>
         <size>0xee</size>
         <input_file_ref idref="fl-e"/>
      </object_component>
      <object_component id="oc-7e">
         <name>.debug_line</name>
         <load_address>0x1fb4</load_address>
         <run_address>0x1fb4</run_address>
         <size>0x11a</size>
         <input_file_ref idref="fl-e"/>
      </object_component>
      <object_component id="oc-27d">
         <name>.debug_line</name>
         <load_address>0x20ce</load_address>
         <run_address>0x20ce</run_address>
         <size>0x7f</size>
         <input_file_ref idref="fl-e"/>
      </object_component>
      <object_component id="oc-2b7">
         <name>.debug_line</name>
         <load_address>0x214d</load_address>
         <run_address>0x214d</run_address>
         <size>0x82</size>
         <input_file_ref idref="fl-f"/>
      </object_component>
      <object_component id="oc-136">
         <name>.debug_line</name>
         <load_address>0x21cf</load_address>
         <run_address>0x21cf</run_address>
         <size>0x9c</size>
         <input_file_ref idref="fl-f"/>
      </object_component>
      <object_component id="oc-13d">
         <name>.debug_line</name>
         <load_address>0x226b</load_address>
         <run_address>0x226b</run_address>
         <size>0x93</size>
         <input_file_ref idref="fl-f"/>
      </object_component>
      <object_component id="oc-e0">
         <name>.debug_line</name>
         <load_address>0x22fe</load_address>
         <run_address>0x22fe</run_address>
         <size>0x93</size>
         <input_file_ref idref="fl-f"/>
      </object_component>
      <object_component id="oc-142">
         <name>.debug_line</name>
         <load_address>0x2391</load_address>
         <run_address>0x2391</run_address>
         <size>0x93</size>
         <input_file_ref idref="fl-f"/>
      </object_component>
      <object_component id="oc-130">
         <name>.debug_line</name>
         <load_address>0x2424</load_address>
         <run_address>0x2424</run_address>
         <size>0xb7</size>
         <input_file_ref idref="fl-f"/>
      </object_component>
      <object_component id="oc-275">
         <name>.debug_line</name>
         <load_address>0x24db</load_address>
         <run_address>0x24db</run_address>
         <size>0x82</size>
         <input_file_ref idref="fl-10"/>
      </object_component>
      <object_component id="oc-a3">
         <name>.debug_line</name>
         <load_address>0x255d</load_address>
         <run_address>0x255d</run_address>
         <size>0x92</size>
         <input_file_ref idref="fl-10"/>
      </object_component>
      <object_component id="oc-97">
         <name>.debug_line</name>
         <load_address>0x25ef</load_address>
         <run_address>0x25ef</run_address>
         <size>0x92</size>
         <input_file_ref idref="fl-10"/>
      </object_component>
      <object_component id="oc-a9">
         <name>.debug_line</name>
         <load_address>0x2681</load_address>
         <run_address>0x2681</run_address>
         <size>0x92</size>
         <input_file_ref idref="fl-10"/>
      </object_component>
      <object_component id="oc-1d8">
         <name>.debug_line</name>
         <load_address>0x2713</load_address>
         <run_address>0x2713</run_address>
         <size>0x93</size>
         <input_file_ref idref="fl-10"/>
      </object_component>
      <object_component id="oc-1d2">
         <name>.debug_line</name>
         <load_address>0x27a6</load_address>
         <run_address>0x27a6</run_address>
         <size>0x96</size>
         <input_file_ref idref="fl-10"/>
      </object_component>
      <object_component id="oc-91">
         <name>.debug_line</name>
         <load_address>0x283c</load_address>
         <run_address>0x283c</run_address>
         <size>0xb3</size>
         <input_file_ref idref="fl-10"/>
      </object_component>
      <object_component id="oc-d8">
         <name>.debug_line</name>
         <load_address>0x28ef</load_address>
         <run_address>0x28ef</run_address>
         <size>0x92</size>
         <input_file_ref idref="fl-10"/>
      </object_component>
      <object_component id="oc-78">
         <name>.debug_line</name>
         <load_address>0x2981</load_address>
         <run_address>0x2981</run_address>
         <size>0x93</size>
         <input_file_ref idref="fl-10"/>
      </object_component>
      <object_component id="oc-ad">
         <name>.debug_line</name>
         <load_address>0x2a14</load_address>
         <run_address>0x2a14</run_address>
         <size>0x92</size>
         <input_file_ref idref="fl-10"/>
      </object_component>
      <object_component id="oc-210">
         <name>.debug_line</name>
         <load_address>0x2aa6</load_address>
         <run_address>0x2aa6</run_address>
         <size>0x91</size>
         <input_file_ref idref="fl-11"/>
      </object_component>
      <object_component id="oc-bf">
         <name>.debug_line</name>
         <load_address>0x2b37</load_address>
         <run_address>0x2b37</run_address>
         <size>0x67</size>
         <input_file_ref idref="fl-c7"/>
      </object_component>
      <object_component id="oc-233">
         <name>.debug_line</name>
         <load_address>0x2b9e</load_address>
         <run_address>0x2b9e</run_address>
         <size>0x92</size>
         <input_file_ref idref="fl-c9"/>
      </object_component>
      <object_component id="oc-54">
         <name>.debug_line</name>
         <load_address>0x2c30</load_address>
         <run_address>0x2c30</run_address>
         <size>0x53</size>
         <input_file_ref idref="fl-c9"/>
      </object_component>
      <object_component id="oc-199">
         <name>.debug_line</name>
         <load_address>0x2c83</load_address>
         <run_address>0x2c83</run_address>
         <size>0x34</size>
         <input_file_ref idref="fl-c9"/>
      </object_component>
      <object_component id="oc-230">
         <name>.debug_line</name>
         <load_address>0x2cb7</load_address>
         <run_address>0x2cb7</run_address>
         <size>0x92</size>
         <input_file_ref idref="fl-c9"/>
      </object_component>
      <object_component id="oc-194">
         <name>.debug_line</name>
         <load_address>0x2d49</load_address>
         <run_address>0x2d49</run_address>
         <size>0x20</size>
         <input_file_ref idref="fl-ca"/>
      </object_component>
      <object_component id="oc-1c">
         <name>.debug_line</name>
         <load_address>0x2d69</load_address>
         <run_address>0x2d69</run_address>
         <size>0x55</size>
         <input_file_ref idref="fl-ca"/>
      </object_component>
      <object_component id="oc-4a">
         <name>.debug_line</name>
         <load_address>0x2dbe</load_address>
         <run_address>0x2dbe</run_address>
         <size>0x3a</size>
         <input_file_ref idref="fl-ca"/>
      </object_component>
      <object_component id="oc-191">
         <name>.debug_line</name>
         <load_address>0x2df8</load_address>
[...]
         <name>StrD4</name>
         <value>0x20000fcc</value>
      </symbol>
      <symbol id="sm-13a">
         <name>yn_4</name>
         <value>0x20001210</value>
         <object_component_ref idref="oc-c2"/>
      </symbol>
      <symbol id="sm-13b">
         <name>yn_3</name>
         <value>0x2000120c</value>
         <object_component_ref idref="oc-c2"/>
      </symbol>
      <symbol id="sm-13c">
         <name>yn_2</name>
         <value>0x20001208</value>
         <object_component_ref idref="oc-c2"/>
      </symbol>
      <symbol id="sm-13d">
         <name>yn_1</name>
         <value>0x20001204</value>
         <object_component_ref idref="oc-c2"/>
      </symbol>
      <symbol id="sm-13e">
         <name>live</name>
         <value>0x20001238</value>
         <object_component_ref idref="oc-c2"/>
      </symbol>
      <symbol id="sm-13f">
         <name>xn_4</name>
         <value>0x20001224</value>
         <object_component_ref idref="oc-c2"/>
      </symbol>
      <symbol id="sm-140">
         <name>xn_3</name>
         <value>0x20001220</value>
         <object_component_ref idref="oc-c2"/>
      </symbol>
      <symbol id="sm-141">
         <name>xn_2</name>
         <value>0x2000121c</value>
         <object_component_ref idref="oc-c2"/>
      </symbol>
      <symbol id="sm-142">
         <name>xn_1</name>
         <value>0x20001218</value>
         <object_component_ref idref="oc-c2"/>
      </symbol>
      <symbol id="sm-143">
         <name>InitUART</name>
         <value>0x381</value>
         <object_component_ref idref="oc-2d"/>
      </symbol>
      <symbol id="sm-144">
         <name>yn</name>
         <value>0x20001200</value>
         <object_component_ref idref="oc-c2"/>
      </symbol>
      <symbol id="sm-145">
         <name>proceso</name>
         <value>0x2000123c</value>
         <object_component_ref idref="oc-c2"/>
      </symbol>
      <symbol id="sm-146">
         <name>xn</name>
         <value>0x20001214</value>
         <object_component_ref idref="oc-c2"/>
      </symbol>
      <symbol id="sm-147">
         <name>cont</name>
         <value>0x2000122c</value>
         <object_component_ref idref="oc-c2"/>
      </symbol>
      <symbol id="sm-148">
         <name>i</name>
         <value>0x20001228</value>
         <object_component_ref idref="oc-c2"/>
      </symbol>
      <symbol id="sm-149">
         <name>recibido</name>
         <value>0x20001230</value>
         <object_component_ref idref="oc-c2"/>
      </symbol>
      <symbol id="sm-14a">
         <name>DigNumMues</name>
         <value>0x20001250</value>
         <object_component_ref idref="oc-c2"/>
      </symbol>
      <symbol id="sm-14b">
         <name>UARTIntHandler</name>
         <value>0x3cd</value>
         <object_component_ref idref="oc-2d"/>
      </symbol>
      <symbol id="sm-14c">
         <name>main</name>
         <value>0xbf1</value>
         <object_component_ref idref="oc-2d"/>
      </symbol>
      <symbol id="sm-14d">
         <name>MuestraR</name>
         <value>0x20001248</value>
         <object_component_ref idref="oc-c2"/>
      </symbol>
      <symbol id="sm-14e">
         <name>grabar</name>
         <value>0x2000124c</value>
         <object_component_ref idref="oc-c2"/>
      </symbol>
      <symbol id="sm-14f">
         <name>salida</name>
         <value>0x2000122e</value>
         <object_component_ref idref="oc-c2"/>
      </symbol>
      <symbol id="sm-150">
         <name>UARTSend</name>
         <value>0x26d</value>
         <object_component_ref idref="oc-2d"/>
      </symbol>
      <symbol id="sm-151">
         <name>modo</name>
         <value>0x20001234</value>
         <object_component_ref idref="oc-c2"/>
      </symbol>
      <symbol id="sm-152">
         <name>NumMuestrasR</name>
         <value>0x20001244</value>
         <object_component_ref idref="oc-c2"/>
      </symbol>
      <symbol id="sm-153">
         <name>NumMuestrasD</name>
         <value>0x20001240</value>
         <object_component_ref idref="oc-c2"/>
      </symbol>
      <symbol id="sm-154">
         <name>b4</name>
         <value>0x20001268</value>
         <object_component_ref idref="oc-c2"/>
      </symbol>
      <symbol id="sm-155">
         <name>b3</name>
         <value>0x20001264</value>
         <object_component_ref idref="oc-c2"/>
      </symbol>
      <symbol id="sm-156">
         <name>b2</name>
         <value>0x20001260</value>
         <object_component_ref idref="oc-c2"/>
      </symbol>
      <symbol id="sm-157">
         <name>b1</name>
         <value>0x2000125c</value>
         <object_component_ref idref="oc-c2"/>
      </symbol>
      <symbol id="sm-158">
         <name>b0</name>
         <value>0x20001258</value>
         <object_component_ref idref="oc-c2"/>
      </symbol>
      <symbol id="sm-159">
         <name>a4</name>
         <value>0x2000127c</value>
         <object_component_ref idref="oc-c2"/>
      </symbol>
      <symbol id="sm-15a">
         <name>a3</name>
         <value>0x20001278</value>
         <object_component_ref idref="oc-c2"/>
      </symbol>
      <symbol id="sm-15b">
         <name>a2</name>
         <value>0x20001274</value>
         <object_component_ref idref="oc-c2"/>
      </symbol>
      <symbol id="sm-15c">
         <name>a1</name>
         <value>0x20001270</value>
         <object_component_ref idref="oc-c2"/>
      </symbol>
      <symbol id="sm-15d">
         <name>a0</name>
         <value>0x2000126c</value>
         <object_component_ref idref="oc-c2"/>
      </symbol>
      <symbol id="sm-15e">
         <name>Timer0IntHandler</name>
         <value>0x909</value>
         <object_component_ref idref="oc-2d"/>
      </symbol>
      <symbol id="sm-15f">
         <name>Timer1IntHandler</name>
         <value>0x9bd</value>
         <object_component_ref idref="oc-2d"/>
      </symbol>
      <symbol id="sm-160">
         <name>UARTInt</name>
         <value>0x295</value>
         <object_component_ref idref="oc-2d"/>
      </symbol>
      <symbol id="sm-161">
         <name>DigCoef</name>
         <value>0x20001254</value>
         <object_component_ref idref="oc-c2"/>
      </symbol>
      <symbol id="sm-182">
         <name>ResetISR</name>
         <value>0x2245</value>
         <object_component_ref idref="oc-27"/>
      </symbol>
      <symbol id="sm-183">
         <name>g_pfnVectors</name>
         <value>0x0</value>
         <object_component_ref idref="oc-12"/>
      </symbol>
      <symbol id="sm-1cf">
         <name>ADCProcessorTrigger</name>
         <value>0x2101</value>
         <object_component_ref idref="oc-f0"/>
      </symbol>
      <symbol id="sm-1d0">
         <name>ADCSequenceEnable</name>
         <value>0x21e7</value>
         <object_component_ref idref="oc-120"/>
      </symbol>
      <symbol id="sm-1d1">
         <name>ADCSequenceConfigure</name>
         <value>0x1e51</value>
         <object_component_ref idref="oc-114"/>
      </symbol>
      <symbol id="sm-1d2">
         <name>ADCSequenceStepConfigure</name>
         <value>0x1bbf</value>
         <object_component_ref idref="oc-11a"/>
      </symbol>
      <symbol id="sm-1d3">
         <name>ADCIntClear</name>
         <value>0x2251</value>
         <object_component_ref idref="oc-fc"/>
      </symbol>
      <symbol id="sm-1d4">
         <name>ADCIntStatus</name>
         <value>0x2051</value>
         <object_component_ref idref="oc-f6"/>
      </symbol>
      <symbol id="sm-1d5">
         <name>ADCSequenceDataGet</name>
         <value>0x20c9</value>
         <object_component_ref idref="oc-102"/>
      </symbol>
      <symbol id="sm-22f">
         <name>GPIOPinConfigure</name>
         <value>0x1ea1</value>
         <object_component_ref idref="oc-156"/>
      </symbol>
      <symbol id="sm-230">
         <name>GPIOPinTypeADC</name>
         <value>0x2159</value>
         <object_component_ref idref="oc-10e"/>
      </symbol>
      <symbol id="sm-231">
         <name>GPIOPinTypeGPIOInput</name>
         <value>0x216b</value>
         <object_component_ref idref="oc-150"/>
      </symbol>
      <symbol id="sm-232">
         <name>GPIOPinTypeUART</name>
         <value>0x218f</value>
         <object_component_ref idref="oc-87"/>
      </symbol>
      <symbol id="sm-233">
         <name>GPIOPinTypeGPIOOutput</name>
         <value>0x2119</value>
         <object_component_ref idref="oc-14a"/>
      </symbol>
      <symbol id="sm-234">
         <name>GPIODirModeSet</name>
         <value>0x207f</value>
         <object_component_ref idref="oc-1c1"/>
      </symbol>
      <symbol id="sm-235">
         <name>GPIOPinWrite</name>
         <value>0x22a5</value>
         <object_component_ref idref="oc-b1"/>
      </symbol>
      <symbol id="sm-236">
         <name>GPIOPadConfigSet</name>
         <value>0x1559</value>
         <object_component_ref idref="oc-1c7"/>
      </symbol>
      <symbol id="sm-237">
         <name>GPIOPinTypeSSI</name>
         <value>0x217d</value>
         <object_component_ref idref="oc-15c"/>
      </symbol>
      <symbol id="sm-267">
         <name>IntEnable</name>
         <value>0x1d21</value>
         <object_component_ref idref="oc-99"/>
      </symbol>
      <symbol id="sm-268">
         <name>IntMasterEnable</name>
         <value>0x21d7</value>
         <object_component_ref idref="oc-126"/>
      </symbol>
      <symbol id="sm-298">
         <name>SSIDataPut</name>
         <value>0x225b</value>
         <object_component_ref idref="oc-e2"/>
      </symbol>
      <symbol id="sm-299">
         <name>SSIDataGetNonBlocking</name>
         <value>0x21a1</value>
         <object_component_ref idref="oc-16e"/>
      </symbol>
      <symbol id="sm-29a">
         <name>SSIConfigSetExpClk</name>
         <value>0x1f75</value>
         <object_component_ref idref="oc-162"/>
      </symbol>
      <symbol id="sm-29b">
         <name>SSIEnable</name>
         <value>0x2265</value>
         <object_component_ref idref="oc-168"/>
      </symbol>
      <symbol id="sm-29c">
         <name>SSIBusy</name>
         <value>0x2283</value>
         <object_component_ref idref="oc-e8"/>
      </symbol>
      <symbol id="sm-2f9">
         <name>SysCtlClockSet</name>
         <value>0x19a9</value>
         <object_component_ref idref="oc-108"/>
      </symbol>
      <symbol id="sm-2fa">
         <name>SysCtlDelay</name>
         <value>0x22ab</value>
         <object_component_ref idref="oc-80"/>
      </symbol>
      <symbol id="sm-2fb">
         <name>SysCtlPeripheralEnable</name>
         <value>0x1fe9</value>
         <object_component_ref idref="oc-81"/>
      </symbol>
      <symbol id="sm-2fc">
         <name>SysCtlClockGet</name>
         <value>0x168d</value>
         <object_component_ref idref="oc-7a"/>
      </symbol>
      <symbol id="sm-2fd">
         <name>SysCtlPeripheralReady</name>
         <value>0x1fb1</value>
         <object_component_ref idref="oc-144"/>
      </symbol>
      <symbol id="sm-331">
         <name>TimerLoadSet</name>
         <value>0x21b3</value>
         <object_component_ref idref="oc-132"/>
      </symbol>
      <symbol id="sm-332">
         <name>TimerEnable</name>
         <value>0x21f5</value>
         <object_component_ref idref="oc-13e"/>
      </symbol>
      <symbol id="sm-333">
         <name>TimerIntEnable</name>
         <value>0x228b</value>
         <object_component_ref idref="oc-138"/>
      </symbol>
      <symbol id="sm-334">
         <name>TimerConfigure</name>
         <value>0x1df1</value>
         <object_component_ref idref="oc-12c"/>
      </symbol>
      <symbol id="sm-335">
         <name>TimerIntClear</name>
         <value>0x22b1</value>
         <object_component_ref idref="oc-dc"/>
      </symbol>
      <symbol id="sm-387">
         <name>UARTConfigSetExpClk</name>
         <value>0x1ee9</value>
         <object_component_ref idref="oc-8d"/>
      </symbol>
      <symbol id="sm-388">
         <name>UARTDisable</name>
         <value>0x20a9</value>
         <object_component_ref idref="oc-1ce"/>
      </symbol>
      <symbol id="sm-389">
         <name>UARTIntEnable</name>
         <value>0x2293</value>
         <object_component_ref idref="oc-93"/>
      </symbol>
      <symbol id="sm-38a">
         <name>UARTCharsAvail</name>
         <value>0x2211</value>
         <object_component_ref idref="oc-d4"/>
      </symbol>
      <symbol id="sm-38b">
         <name>UARTCharGetNonBlocking</name>
         <value>0x2203</value>
         <object_component_ref idref="oc-ab"/>
      </symbol>
      <symbol id="sm-38c">
         <name>UARTCharPut</name>
         <value>0x226f</value>
         <object_component_ref idref="oc-74"/>
      </symbol>
      <symbol id="sm-38d">
         <name>UARTEnable</name>
         <value>0x2131</value>
         <object_component_ref idref="oc-1d4"/>
      </symbol>
      <symbol id="sm-38e">
         <name>UARTIntClear</name>
         <value>0x22b5</value>
         <object_component_ref idref="oc-a5"/>
      </symbol>
      <symbol id="sm-38f">
         <name>UARTIntStatus</name>
         <value>0x2279</value>
         <object_component_ref idref="oc-9f"/>
      </symbol>
      <symbol id="sm-399">
         <name>CPUcpsie</name>
         <value>0x222d</value>
         <object_component_ref idref="oc-20b"/>
      </symbol>
      <symbol id="sm-3a5">
         <name>__aeabi_d2f</name>
         <value>0x1cb3</value>
         <object_component_ref idref="oc-bd"/>
      </symbol>
      <symbol id="sm-3bd">
         <name>__TI_zero_init</name>
         <value>0x2239</value>
         <object_component_ref idref="oc-53"/>
      </symbol>
      <symbol id="sm-3d4">
         <name>__TI_decompress_none</name>
         <value>0x221f</value>
         <object_component_ref idref="oc-1b"/>
      </symbol>
      <symbol id="sm-3f7">
         <name>__TI_decompress_lzss</name>
         <value>0x1d89</value>
         <object_component_ref idref="oc-15"/>
      </symbol>
      <symbol id="sm-404">
         <name>atof</name>
         <value>0x21c5</value>
         <object_component_ref idref="oc-b7"/>
      </symbol>
      <symbol id="sm-412">
         <name>strcpy</name>
         <value>0x2145</value>
         <object_component_ref idref="oc-cb"/>
      </symbol>
      <symbol id="sm-472">
         <name>strtold</name>
         <value>0xe0d</value>
         <object_component_ref idref="oc-1e6"/>
      </symbol>
      <symbol id="sm-473">
         <name>strtod</name>
         <value>0xe0d</value>
         <object_component_ref idref="oc-1e6"/>
      </symbol>
      <symbol id="sm-489">
         <name>__aeabi_errno_addr</name>
         <value>0x229d</value>
         <object_component_ref idref="oc-29d"/>
      </symbol>
      <symbol id="sm-48a">
         <name>errno</name>
         <value>0x20001280</value>
         <object_component_ref idref="oc-2e3"/>
      </symbol>
      <symbol id="sm-49d">
         <name>__stack</name>
         <value>0x20001000</value>
         <object_component_ref idref="oc-24"/>
      </symbol>
      <symbol id="sm-49e">
         <name>_c_int00_noargs</name>
         <value>0x201d</value>
         <object_component_ref idref="oc-5f"/>
      </symbol>
      <symbol id="sm-4c5">
         <name>scalbn</name>
         <value>0x179d</value>
         <object_component_ref idref="oc-2a3"/>
      </symbol>
      <symbol id="sm-4c6">
         <name>scalbnl</name>
         <value>0x179d</value>
         <object_component_ref idref="oc-2a3"/>
      </symbol>
      <symbol id="sm-4c7">
         <name>ldexpl</name>
         <value>0x179d</value>
         <object_component_ref idref="oc-2a3"/>
      </symbol>
      <symbol id="sm-4c8">
         <name>ldexp</name>
         <value>0x179d</value>
         <object_component_ref idref="oc-2a3"/>
      </symbol>
      <symbol id="sm-4e0">
         <name>__aeabi_dsub</name>
         <value>0x126d</value>
         <object_component_ref idref="oc-28e"/>
      </symbol>
      <symbol id="sm-4e1">
         <name>__aeabi_dadd</name>
         <value>0x1277</value>
         <object_component_ref idref="oc-28e"/>
      </symbol>
      <symbol id="sm-4f3">
         <name>__aeabi_cdcmpeq</name>
         <value>0x1b39</value>
         <object_component_ref idref="oc-293"/>
      </symbol>
      <symbol id="sm-4f4">
         <name>__aeabi_cdcmple</name>
         <value>0x1b39</value>
         <object_component_ref idref="oc-293"/>
      </symbol>
      <symbol id="sm-508">
         <name>__aeabi_ddiv</name>
         <value>0x1423</value>
         <object_component_ref idref="oc-298"/>
      </symbol>
      <symbol id="sm-513">
         <name>__aeabi_dmul</name>
         <value>0x18ad</value>
         <object_component_ref idref="oc-289"/>
      </symbol>
      <symbol id="sm-52e">
         <name>memcpy</name>
         <value>0x1a9d</value>
         <object_component_ref idref="oc-41"/>
      </symbol>
      <symbol id="sm-52f">
         <name>__aeabi_memcpy</name>
         <value>0x1a9d</value>
         <object_component_ref idref="oc-41"/>
      </symbol>
      <symbol id="sm-530">
         <name>__aeabi_memcpy8</name>
         <value>0x1a9d</value>
         <object_component_ref idref="oc-41"/>
      </symbol>
      <symbol id="sm-531">
         <name>__aeabi_memcpy4</name>
         <value>0x1a9d</value>
         <object_component_ref idref="oc-41"/>
      </symbol>
      <symbol id="sm-540">
         <name>__aeabi_memset</name>
         <value>0x1c3b</value>
         <object_component_ref idref="oc-19c"/>
      </symbol>
      <symbol id="sm-541">
         <name>memset</name>
         <value>0x1c41</value>
         <object_component_ref idref="oc-19c"/>
      </symbol>
      <symbol id="sm-542">
         <name>__aeabi_memset8</name>
         <value>0x1c3b</value>
         <object_component_ref idref="oc-19c"/>
      </symbol>
      <symbol id="sm-543">
         <name>__aeabi_memset4</name>
         <value>0x1c3b</value>
         <object_component_ref idref="oc-19c"/>
      </symbol>
      <symbol id="sm-544">
         <name>__aeabi_memclr8</name>
         <value>0x1c39</value>
         <object_component_ref idref="oc-19c"/>
      </symbol>
      <symbol id="sm-545">
         <name>__aeabi_memclr4</name>
         <value>0x1c39</value>
         <object_component_ref idref="oc-19c"/>
      </symbol>
      <symbol id="sm-546">
         <name>__aeabi_memclr</name>
         <value>0x1c39</value>
         <object_component_ref idref="oc-19c"/>
      </symbol>
      <symbol id="sm-56e">
         <name>__TI_auto_init_nobinit_nopinit</name>
         <value>0x1f31</value>
         <object_component_ref idref="oc-242"/>
      </symbol>
      <symbol id="sm-578">
         <name>_system_pre_init</name>
         <value>0x22b9</value>
         <object_component_ref idref="oc-1a2"/>
      </symbol>
      <symbol id="sm-584">
         <name>C$$EXIT</name>
         <value>0x22bd</value>
         <object_component_ref idref="oc-236"/>
      </symbol>
      <symbol id="sm-585">
         <name>abort</name>
         <value>0x22bd</value>
         <object_component_ref idref="oc-236"/>
      </symbol>
      <symbol id="sm-592">
         <name>_ctypes_</name>
         <value>0x22c0</value>
         <object_component_ref idref="oc-2a9"/>
      </symbol>
      <symbol id="sm-59c">
         <name>copysign</name>
         <value>0x20e7</value>
         <object_component_ref idref="oc-2e8"/>
      </symbol>
      <symbol id="sm-59d">
         <name>copysignl</name>
         <value>0x20e7</value>
         <object_component_ref idref="oc-2e8"/>
      </symbol>
      <symbol id="sm-59e">
         <name>__TI_static_base__</name>
         <value>0x0</value>
      </symbol>
      <symbol id="sm-5a1">
         <name>__mpu_init</name>
         <value>0x0</value>
      </symbol>
      <symbol id="sm-5a2">
         <name>_system_post_cinit</name>
         <value>0x0</value>
      </symbol>
   </symbol_table>
   <title>Link successful</title>
</link_info>
