<?xml version="1.0" encoding="ISO-8859-1" ?>
<link_info>
   <banner>TI ARM Linker PC v20.2.5.LTS</banner>
   <copyright>Copyright (c) 1996-2018 Texas Instruments Incorporated</copyright>
   <link_time>0x62858187</link_time>
   <link_errors>0x0</link_errors>
   <output_file>proyecto2.out</output_file>
   <entry_point>
      <name>_c_int00_noargs</name>
      <address>0x1835</address>
   </entry_point>
   <input_file_list>
      <input_file id="fl-2">
         <path>.\</path>
         <kind>object</kind>
         <file>proyecto.obj</file>
         <name>proyecto.obj</name>
      </input_file>
      <input_file id="fl-3">
         <path>.\</path>
         <kind>object</kind>
         <file>tm4c123gh6pm_startup_ccs.obj</file>
         <name>tm4c123gh6pm_startup_ccs.obj</name>
      </input_file>
      <input_file id="fl-4">
         <path>.\</path>
         <kind>object</kind>
         <file>uartstdio.obj</file>
         <name>uartstdio.obj</name>
      </input_file>
      <input_file id="fl-9">
         <kind>object</kind>
         <file>&lt;internal&gt;</file>
         <name>&lt;internal&gt;</name>
      </input_file>
      <input_file id="fl-a">
         <path>C:\ti\TivaWare_C_Series-2.1.4.178\driverlib\ccs\Debug\</path>
         <kind>archive</kind>
         <file>driverlib.lib</file>
         <name>adc.obj</name>
      </input_file>
      <input_file id="fl-b">
         <path>C:\ti\TivaWare_C_Series-2.1.4.178\driverlib\ccs\Debug\</path>
         <kind>archive</kind>
         <file>driverlib.lib</file>
         <name>gpio.obj</name>
      </input_file>
      <input_file id="fl-c">
         <path>C:\ti\TivaWare_C_Series-2.1.4.178\driverlib\ccs\Debug\</path>
         <kind>archive</kind>
         <file>driverlib.lib</file>
         <name>interrupt.obj</name>
      </input_file>
      <input_file id="fl-d">
         <path>C:\ti\TivaWare_C_Series-2.1.4.178\driverlib\ccs\Debug\</path>
         <kind>archive</kind>
         <file>driverlib.lib</file>
         <name>ssi.obj</name>
      </input_file>
      <input_file id="fl-e">
         <path>C:\ti\TivaWare_C_Series-2.1.4.178\driverlib\ccs\Debug\</path>
         <kind>archive</kind>
         <file>driverlib.lib</file>
         <name>sysctl.obj</name>
      </input_file>
      <input_file id="fl-f">
         <path>C:\ti\TivaWare_C_Series-2.1.4.178\driverlib\ccs\Debug\</path>
         <kind>archive</kind>
         <file>driverlib.lib</file>
         <name>timer.obj</name>
      </input_file>
      <input_file id="fl-10">
         <path>C:\ti\TivaWare_C_Series-2.1.4.178\driverlib\ccs\Debug\</path>
         <kind>archive</kind>
         <file>driverlib.lib</file>
         <name>uart.obj</name>
      </input_file>
      <input_file id="fl-11">
         <path>C:\ti\TivaWare_C_Series-2.1.4.178\driverlib\ccs\Debug\</path>
         <kind>archive</kind>
         <file>driverlib.lib</file>
         <name>cpu.obj</name>
      </input_file>
      <input_file id="fl-c7">
         <path>C:\ti\ccs1031\ccs\tools\compiler\ti-cgt-arm_20.2.5.LTS\lib\</path>
         <kind>archive</kind>
         <file>rtsv7M4_T_le_v4SPD16_eabi.lib</file>
         <name>fd_tos_t2.asm.obj</name>
      </input_file>
      <input_file id="fl-c8">
         <path>C:\ti\ccs1031\ccs\tools\compiler\ti-cgt-arm_20.2.5.LTS\lib\</path>
         <kind>archive</kind>
         <file>rtsv7M4_T_le_v4SPD16_eabi.lib</file>
         <name>u_divt2.asm.obj</name>
      </input_file>
      <input_file id="fl-c9">
         <path>C:\ti\ccs1031\ccs\tools\compiler\ti-cgt-arm_20.2.5.LTS\lib\</path>
         <kind>archive</kind>
         <file>rtsv7M4_T_le_v4SPD16_eabi.lib</file>
         <name>copy_zero_init.c.obj</name>
      </input_file>
      <input_file id="fl-ca">
         <path>C:\ti\ccs1031\ccs\tools\compiler\ti-cgt-arm_20.2.5.LTS\lib\</path>
         <kind>archive</kind>
         <file>rtsv7M4_T_le_v4SPD16_eabi.lib</file>
         <name>copy_decompress_none.c.obj</name>
      </input_file>
      <input_file id="fl-cb">
         <path>C:\ti\ccs1031\ccs\tools\compiler\ti-cgt-arm_20.2.5.LTS\lib\</path>
         <kind>archive</kind>
         <file>rtsv7M4_T_le_v4SPD16_eabi.lib</file>
         <name>copy_decompress_lzss.c.obj</name>
      </input_file>
      <input_file id="fl-cc">
         <path>C:\ti\ccs1031\ccs\tools\compiler\ti-cgt-arm_20.2.5.LTS\lib\</path>
         <kind>archive</kind>
         <file>rtsv7M4_T_le_v4SPD16_eabi.lib</file>
         <name>atof.c.obj</name>
      </input_file>
      <input_file id="fl-cd">
         <path>C:\ti\ccs1031\ccs\tools\compiler\ti-cgt-arm_20.2.5.LTS\lib\</path>
         <kind>archive</kind>
         <file>rtsv7M4_T_le_v4SPD16_eabi.lib</file>
         <name>strtod.c.obj</name>
      </input_file>
      <input_file id="fl-ce">
         <path>C:\ti\ccs1031\ccs\tools\compiler\ti-cgt-arm_20.2.5.LTS\lib\</path>
         <kind>archive</kind>
         <file>rtsv7M4_T_le_v4SPD16_eabi.lib</file>
         <name>errno.c.obj</name>
      </input_file>
      <input_file id="fl-cf">
         <path>C:\ti\ccs1031\ccs\tools\compiler\ti-cgt-arm_20.2.5.LTS\lib\</path>
         <kind>archive</kind>
         <file>rtsv7M4_T_le_v4SPD16_eabi.lib</file>
         <name>boot_cortex_m.c.obj</name>
      </input_file>
      <input_file id="fl-d0">
         <path>C:\ti\ccs1031\ccs\tools\compiler\ti-cgt-arm_20.2.5.LTS\lib\</path>
         <kind>archive</kind>
         <file>rtsv7M4_T_le_v4SPD16_eabi.lib</file>
         <name>s_scalbn.c.obj</name>
      </input_file>
      <input_file id="fl-d1">
         <path>C:\ti\ccs1031\ccs\tools\compiler\ti-cgt-arm_20.2.5.LTS\lib\</path>
         <kind>archive</kind>
         <file>rtsv7M4_T_le_v4SPD16_eabi.lib</file>
         <name>div0.asm.obj</name>
      </input_file>
      <input_file id="fl-d2">
         <path>C:\ti\ccs1031\ccs\tools\compiler\ti-cgt-arm_20.2.5.LTS\lib\</path>
         <kind>archive</kind>
         <file>rtsv7M4_T_le_v4SPD16_eabi.lib</file>
         <name>fd_add_t2.asm.obj</name>
      </input_file>
      <input_file id="fl-d3">
         <path>C:\ti\ccs1031\ccs\tools\compiler\ti-cgt-arm_20.2.5.LTS\lib\</path>
         <kind>archive</kind>
         <file>rtsv7M4_T_le_v4SPD16_eabi.lib</file>
         <name>fd_cmp_t2.asm.obj</name>
      </input_file>
      <input_file id="fl-d4">
         <path>C:\ti\ccs1031\ccs\tools\compiler\ti-cgt-arm_20.2.5.LTS\lib\</path>
         <kind>archive</kind>
         <file>rtsv7M4_T_le_v4SPD16_eabi.lib</file>
         <name>fd_div_t2.asm.obj</name>
      </input_file>
      <input_file id="fl-d5">
         <path>C:\ti\ccs1031\ccs\tools\compiler\ti-cgt-arm_20.2.5.LTS\lib\</path>
         <kind>archive</kind>
         <file>rtsv7M4_T_le_v4SPD16_eabi.lib</file>
         <name>fd_mul_t2.asm.obj</name>
      </input_file>
      <input_file id="fl-d6">
         <path>C:\ti\ccs1031\ccs\tools\compiler\ti-cgt-arm_20.2.5.LTS\lib\</path>
         <kind>archive</kind>
         <file>rtsv7M4_T_le_v4SPD16_eabi.lib</file>
         <name>memcpy_t2.asm.obj</name>
      </input_file>
      <input_file id="fl-d7">
         <path>C:\ti\ccs1031\ccs\tools\compiler\ti-cgt-arm_20.2.5.LTS\lib\</path>
         <kind>archive</kind>
         <file>rtsv7M4_T_le_v4SPD16_eabi.lib</file>
         <name>memset_t2.asm.obj</name>
      </input_file>
      <input_file id="fl-d8">
         <path>C:\ti\ccs1031\ccs\tools\compiler\ti-cgt-arm_20.2.5.LTS\lib\</path>
         <kind>archive</kind>
         <file>rtsv7M4_T_le_v4SPD16_eabi.lib</file>
         <name>autoinit.c.obj</name>
      </input_file>
      <input_file id="fl-d9">
         <path>C:\ti\ccs1031\ccs\tools\compiler\ti-cgt-arm_20.2.5.LTS\lib\</path>
         <kind>archive</kind>
         <file>rtsv7M4_T_le_v4SPD16_eabi.lib</file>
         <name>pre_init.c.obj</name>
      </input_file>
      <input_file id="fl-da">
         <path>C:\ti\ccs1031\ccs\tools\compiler\ti-cgt-arm_20.2.5.LTS\lib\</path>
         <kind>archive</kind>
         <file>rtsv7M4_T_le_v4SPD16_eabi.lib</file>
         <name>cpy_tbl.c.obj</name>
      </input_file>
      <input_file id="fl-db">
         <path>C:\ti\ccs1031\ccs\tools\compiler\ti-cgt-arm_20.2.5.LTS\lib\</path>
         <kind>archive</kind>
         <file>rtsv7M4_T_le_v4SPD16_eabi.lib</file>
         <name>exit.c.obj</name>
      </input_file>
      <input_file id="fl-dc">
         <path>C:\ti\ccs1031\ccs\tools\compiler\ti-cgt-arm_20.2.5.LTS\lib\</path>
         <kind>archive</kind>
         <file>rtsv7M4_T_le_v4SPD16_eabi.lib</file>
         <name>_lock.c.obj</name>
      </input_file>
      <input_file id="fl-dd">
         <path>C:\ti\ccs1031\ccs\tools\compiler\ti-cgt-arm_20.2.5.LTS\lib\</path>
         <kind>archive</kind>
         <file>rtsv7M4_T_le_v4SPD16_eabi.lib</file>
         <name>args_main.c.obj</name>
      </input_file>
      <input_file id="fl-de">
         <path>C:\ti\ccs1031\ccs\tools\compiler\ti-cgt-arm_20.2.5.LTS\lib\</path>
         <kind>archive</kind>
         <file>rtsv7M4_T_le_v4SPD16_eabi.lib</file>
         <name>ctype.c.obj</name>
      </input_file>
      <input_file id="fl-df">
         <path>C:\ti\ccs1031\ccs\tools\compiler\ti-cgt-arm_20.2.5.LTS\lib\</path>
         <kind>archive</kind>
         <file>rtsv7M4_T_le_v4SPD16_eabi.lib</file>
         <name>s_copysign.c.obj</name>
      </input_file>
   </input_file_list>
   <object_component_list>
      <object_component id="oc-12">
         <name>.intvecs</name>
         <load_address>0x0</load_address>
         <run_address>0x0</run_address>
         <size>0x26c</size>
         <input_file_ref idref="fl-3"/>
      </object_component>
      <object_component id="oc-1cd">
         <name>.text:strtod</name>
         <load_address>0x26c</load_address>
         <run_address>0x26c</run_address>
         <size>0x460</size>
         <input_file_ref idref="fl-cd"/>
      </object_component>
      <object_component id="oc-2d">
         <name>.text</name>
         <load_address>0x6cc</load_address>
         <run_address>0x6cc</run_address>
         <size>0x430</size>
         <input_file_ref idref="fl-2"/>
      </object_component>
      <object_component id="oc-271">
         <name>.text</name>
         <load_address>0xafc</load_address>
         <run_address>0xafc</run_address>
         <size>0x1b6</size>
         <input_file_ref idref="fl-d2"/>
      </object_component>
      <object_component id="oc-27b">
         <name>.text</name>
         <load_address>0xcb2</load_address>
         <run_address>0xcb2</run_address>
         <size>0x136</size>
         <input_file_ref idref="fl-d4"/>
      </object_component>
      <object_component id="oc-1af">
         <name>.text:GPIOPadConfigSet</name>
         <load_address>0xde8</load_address>
         <run_address>0xde8</run_address>
         <size>0x132</size>
         <input_file_ref idref="fl-b"/>
      </object_component>
      <object_component id="oc-7a">
         <name>.text:SysCtlClockGet</name>
         <load_address>0xf1c</load_address>
         <run_address>0xf1c</run_address>
         <size>0x110</size>
         <input_file_ref idref="fl-e"/>
      </object_component>
      <object_component id="oc-286">
         <name>.text:scalbn</name>
         <load_address>0x102c</load_address>
         <run_address>0x102c</run_address>
         <size>0x110</size>
         <input_file_ref idref="fl-d0"/>
      </object_component>
      <object_component id="oc-26c">
         <name>.text</name>
         <load_address>0x113c</load_address>
         <run_address>0x113c</run_address>
         <size>0xfc</size>
         <input_file_ref idref="fl-d5"/>
      </object_component>
      <object_component id="oc-ec">
         <name>.text:SysCtlClockSet</name>
         <load_address>0x1238</load_address>
         <run_address>0x1238</run_address>
         <size>0xf4</size>
         <input_file_ref idref="fl-e"/>
      </object_component>
      <object_component id="oc-41">
         <name>.text</name>
         <load_address>0x132c</load_address>
         <run_address>0x132c</run_address>
         <size>0x9c</size>
         <input_file_ref idref="fl-d6"/>
      </object_component>
      <object_component id="oc-276">
         <name>.text:__aeabi_cdcmple</name>
         <load_address>0x13c8</load_address>
         <run_address>0x13c8</run_address>
         <size>0x86</size>
         <input_file_ref idref="fl-d3"/>
      </object_component>
      <object_component id="oc-fe">
         <name>.text:ADCSequenceStepConfigure</name>
         <load_address>0x144e</load_address>
         <run_address>0x144e</run_address>
         <size>0x7a</size>
         <input_file_ref idref="fl-a"/>
      </object_component>
      <object_component id="oc-bd">
         <name>.text</name>
         <load_address>0x14c8</load_address>
         <run_address>0x14c8</run_address>
         <size>0x6e</size>
         <input_file_ref idref="fl-c7"/>
      </object_component>
      <object_component id="oc-99">
         <name>.text:IntEnable</name>
         <load_address>0x1538</load_address>
         <run_address>0x1538</run_address>
         <size>0x68</size>
         <input_file_ref idref="fl-c"/>
      </object_component>
      <object_component id="oc-15">
         <name>.text:decompress:lzss:__TI_decompress_lzss</name>
         <load_address>0x15a0</load_address>
         <run_address>0x15a0</run_address>
         <size>0x68</size>
         <input_file_ref idref="fl-cb"/>
      </object_component>
      <object_component id="oc-110">
         <name>.text:TimerConfigure</name>
         <load_address>0x1608</load_address>
         <run_address>0x1608</run_address>
         <size>0x60</size>
         <input_file_ref idref="fl-f"/>
      </object_component>
      <object_component id="oc-f8">
         <name>.text:ADCSequenceConfigure</name>
         <load_address>0x1668</load_address>
         <run_address>0x1668</run_address>
         <size>0x50</size>
         <input_file_ref idref="fl-a"/>
      </object_component>
      <object_component id="oc-13a">
         <name>.text:GPIOPinConfigure</name>
         <load_address>0x16b8</load_address>
         <run_address>0x16b8</run_address>
         <size>0x48</size>
         <input_file_ref idref="fl-b"/>
      </object_component>
      <object_component id="oc-8d">
         <name>.text:UARTConfigSetExpClk</name>
         <load_address>0x1700</load_address>
         <run_address>0x1700</run_address>
         <size>0x46</size>
         <input_file_ref idref="fl-10"/>
      </object_component>
      <object_component id="oc-227">
         <name>.text:__TI_auto_init_nobinit_nopinit:__TI_auto_init_nobinit_nopinit</name>
         <load_address>0x1748</load_address>
         <run_address>0x1748</run_address>
         <size>0x44</size>
         <input_file_ref idref="fl-d8"/>
      </object_component>
      <object_component id="oc-146">
         <name>.text:SSIConfigSetExpClk</name>
         <load_address>0x178c</load_address>
         <run_address>0x178c</run_address>
         <size>0x3c</size>
         <input_file_ref idref="fl-d"/>
      </object_component>
      <object_component id="oc-128">
         <name>.text:SysCtlPeripheralReady</name>
         <load_address>0x17c8</load_address>
         <run_address>0x17c8</run_address>
         <size>0x38</size>
         <input_file_ref idref="fl-e"/>
      </object_component>
      <object_component id="oc-81">
         <name>.text:SysCtlPeripheralEnable</name>
         <load_address>0x1800</load_address>
         <run_address>0x1800</run_address>
         <size>0x34</size>
         <input_file_ref idref="fl-e"/>
      </object_component>
      <object_component id="oc-5f">
         <name>.text:_c_int00_noargs:_c_int00_noargs</name>
         <load_address>0x1834</load_address>
         <run_address>0x1834</run_address>
         <size>0x34</size>
         <input_file_ref idref="fl-cf"/>
      </object_component>
      <object_component id="oc-da">
         <name>.text:ADCIntStatus</name>
         <load_address>0x1868</load_address>
         <run_address>0x1868</run_address>
         <size>0x2e</size>
         <input_file_ref idref="fl-a"/>
      </object_component>
      <object_component id="oc-1a9">
         <name>.text:GPIODirModeSet</name>
         <load_address>0x1896</load_address>
         <run_address>0x1896</run_address>
         <size>0x2a</size>
         <input_file_ref idref="fl-b"/>
      </object_component>
      <object_component id="oc-1b6">
         <name>.text:UARTDisable</name>
         <load_address>0x18c0</load_address>
         <run_address>0x18c0</run_address>
         <size>0x20</size>
         <input_file_ref idref="fl-10"/>
      </object_component>
      <object_component id="oc-e6">
         <name>.text:ADCSequenceDataGet</name>
         <load_address>0x18e0</load_address>
         <run_address>0x18e0</run_address>
         <size>0x1e</size>
         <input_file_ref idref="fl-a"/>
      </object_component>
      <object_component id="oc-2cb">
         <name>.text:copysign</name>
         <load_address>0x18fe</load_address>
         <run_address>0x18fe</run_address>
         <size>0x1a</size>
         <input_file_ref idref="fl-df"/>
      </object_component>
      <object_component id="oc-d4">
         <name>.text:ADCProcessorTrigger</name>
         <load_address>0x1918</load_address>
         <run_address>0x1918</run_address>
         <size>0x18</size>
         <input_file_ref idref="fl-a"/>
      </object_component>
      <object_component id="oc-12e">
         <name>.text:GPIOPinTypeGPIOOutput</name>
         <load_address>0x1930</load_address>
         <run_address>0x1930</run_address>
         <size>0x18</size>
         <input_file_ref idref="fl-b"/>
      </object_component>
      <object_component id="oc-1bc">
         <name>.text:UARTEnable</name>
         <load_address>0x1948</load_address>
         <run_address>0x1948</run_address>
         <size>0x14</size>
         <input_file_ref idref="fl-10"/>
      </object_component>
      <object_component id="oc-f2">
         <name>.text:GPIOPinTypeADC</name>
         <load_address>0x195c</load_address>
         <run_address>0x195c</run_address>
         <size>0x12</size>
         <input_file_ref idref="fl-b"/>
      </object_component>
      <object_component id="oc-134">
         <name>.text:GPIOPinTypeGPIOInput</name>
         <load_address>0x196e</load_address>
         <run_address>0x196e</run_address>
         <size>0x12</size>
         <input_file_ref idref="fl-b"/>
      </object_component>
      <object_component id="oc-140">
         <name>.text:GPIOPinTypeSSI</name>
         <load_address>0x1980</load_address>
         <run_address>0x1980</run_address>
         <size>0x12</size>
         <input_file_ref idref="fl-b"/>
      </object_component>
      <object_component id="oc-87">
         <name>.text:GPIOPinTypeUART</name>
         <load_address>0x1992</load_address>
         <run_address>0x1992</run_address>
         <size>0x12</size>
         <input_file_ref idref="fl-b"/>
      </object_component>
      <object_component id="oc-152">
         <name>.text:SSIDataGetNonBlocking</name>
         <load_address>0x19a4</load_address>
         <run_address>0x19a4</run_address>
         <size>0x12</size>
         <input_file_ref idref="fl-d"/>
      </object_component>
      <object_component id="oc-116">
         <name>.text:TimerLoadSet</name>
         <load_address>0x19b6</load_address>
         <run_address>0x19b6</run_address>
         <size>0x12</size>
         <input_file_ref idref="fl-f"/>
      </object_component>
      <object_component id="oc-b7">
         <name>.text:atof</name>
         <load_address>0x19c8</load_address>
         <run_address>0x19c8</run_address>
         <size>0x12</size>
         <input_file_ref idref="fl-cc"/>
      </object_component>
      <object_component id="oc-10a">
         <name>.text:IntMasterEnable</name>
         <load_address>0x19da</load_address>
         <run_address>0x19da</run_address>
         <size>0x10</size>
         <input_file_ref idref="fl-c"/>
      </object_component>
      <object_component id="oc-104">
         <name>.text:ADCSequenceEnable</name>
         <load_address>0x19ea</load_address>
         <run_address>0x19ea</run_address>
         <size>0xe</size>
         <input_file_ref idref="fl-a"/>
      </object_component>
      <object_component id="oc-122">
         <name>.text:TimerEnable</name>
         <load_address>0x19f8</load_address>
         <run_address>0x19f8</run_address>
         <size>0xe</size>
         <input_file_ref idref="fl-f"/>
      </object_component>
      <object_component id="oc-ab">
         <name>.text:UARTCharGetNonBlocking</name>
         <load_address>0x1a06</load_address>
         <run_address>0x1a06</run_address>
         <size>0xe</size>
         <input_file_ref idref="fl-10"/>
      </object_component>
      <object_component id="oc-b1">
         <name>.text:UARTCharsAvail</name>
         <load_address>0x1a14</load_address>
         <run_address>0x1a14</run_address>
         <size>0xe</size>
         <input_file_ref idref="fl-10"/>
      </object_component>
      <object_component id="oc-1b">
         <name>.text:decompress:none:__TI_decompress_none</name>
         <load_address>0x1a22</load_address>
         <run_address>0x1a22</run_address>
         <size>0xe</size>
         <input_file_ref idref="fl-ca"/>
      </object_component>
      <object_component id="oc-1e6">
         <name>.text:CPUcpsie</name>
         <load_address>0x1a30</load_address>
         <run_address>0x1a30</run_address>
         <size>0xc</size>
         <input_file_ref idref="fl-11"/>
      </object_component>
      <object_component id="oc-27">
         <name>.text</name>
         <load_address>0x1a3c</load_address>
         <run_address>0x1a3c</run_address>
         <size>0xc</size>
         <input_file_ref idref="fl-3"/>
      </object_component>
      <object_component id="oc-e0">
         <name>.text:ADCIntClear</name>
         <load_address>0x1a48</load_address>
         <run_address>0x1a48</run_address>
         <size>0xa</size>
         <input_file_ref idref="fl-a"/>
      </object_component>
      <object_component id="oc-c8">
         <name>.text:SSIDataPut</name>
         <load_address>0x1a52</load_address>
         <run_address>0x1a52</run_address>
         <size>0xa</size>
         <input_file_ref idref="fl-d"/>
      </object_component>
      <object_component id="oc-14c">
         <name>.text:SSIEnable</name>
         <load_address>0x1a5c</load_address>
         <run_address>0x1a5c</run_address>
         <size>0xa</size>
         <input_file_ref idref="fl-d"/>
      </object_component>
      <object_component id="oc-74">
         <name>.text:UARTCharPut</name>
         <load_address>0x1a66</load_address>
         <run_address>0x1a66</run_address>
         <size>0xa</size>
         <input_file_ref idref="fl-10"/>
      </object_component>
      <object_component id="oc-9f">
         <name>.text:UARTIntStatus</name>
         <load_address>0x1a70</load_address>
         <run_address>0x1a70</run_address>
         <size>0xa</size>
         <input_file_ref idref="fl-10"/>
      </object_component>
      <object_component id="oc-ce">
         <name>.text:SSIBusy</name>
         <load_address>0x1a7a</load_address>
         <run_address>0x1a7a</run_address>
         <size>0x8</size>
         <input_file_ref idref="fl-d"/>
      </object_component>
      <object_component id="oc-11c">
         <name>.text:TimerIntEnable</name>
         <load_address>0x1a82</load_address>
         <run_address>0x1a82</run_address>
         <size>0x8</size>
         <input_file_ref idref="fl-f"/>
      </object_component>
      <object_component id="oc-93">
         <name>.text:UARTIntEnable</name>
         <load_address>0x1a8a</load_address>
         <run_address>0x1a8a</run_address>
         <size>0x8</size>
         <input_file_ref idref="fl-10"/>
      </object_component>
      <object_component id="oc-280">
         <name>.text:__aeabi_errno_addr</name>
         <load_address>0x1a94</load_address>
         <run_address>0x1a94</run_address>
         <size>0x8</size>
         <input_file_ref idref="fl-ce"/>
      </object_component>
      <object_component id="oc-80">
         <name>.text:SysCtlDelay</name>
         <load_address>0x1a9c</load_address>
         <run_address>0x1a9c</run_address>
         <size>0x6</size>
         <input_file_ref idref="fl-e"/>
      </object_component>
      <object_component id="oc-c2">
         <name>.text:TimerIntClear</name>
         <load_address>0x1aa2</load_address>
         <run_address>0x1aa2</run_address>
         <size>0x4</size>
         <input_file_ref idref="fl-f"/>
      </object_component>
      <object_component id="oc-a5">
         <name>.text:UARTIntClear</name>
         <load_address>0x1aa6</load_address>
         <run_address>0x1aa6</run_address>
         <size>0x4</size>
         <input_file_ref idref="fl-10"/>
      </object_component>
      <object_component id="oc-18a">
         <name>.text:_system_pre_init</name>
         <load_address>0x1aaa</load_address>
         <run_address>0x1aaa</run_address>
         <size>0x4</size>
         <input_file_ref idref="fl-d9"/>
      </object_component>
      <object_component id="oc-21b">
         <name>.text:abort:abort</name>
         <load_address>0x1aae</load_address>
         <run_address>0x1aae</run_address>
         <size>0x4</size>
         <input_file_ref idref="fl-db"/>
      </object_component>
      <object_component id="oc-28c">
         <name>.const:.string:_ctypes_</name>
         <load_address>0x1ab8</load_address>
         <run_address>0x1ab8</run_address>
         <size>0x101</size>
         <input_file_ref idref="fl-de"/>
      </object_component>
      <object_component id="oc-28f">
         <name>.const:$O1$$</name>
         <load_address>0x1bc0</load_address>
         <run_address>0x1bc0</run_address>
         <size>0xc8</size>
         <input_file_ref idref="fl-cd"/>
      </object_component>
      <object_component id="oc-1f5">
         <name>.const:g_pui32GPIOBaseAddrs</name>
         <load_address>0x1c88</load_address>
         <run_address>0x1c88</run_address>
         <size>0x90</size>
         <input_file_ref idref="fl-b"/>
      </object_component>
      <object_component id="oc-1c4">
         <name>.const</name>
         <load_address>0x1d18</load_address>
         <run_address>0x1d18</run_address>
         <size>0x70</size>
         <input_file_ref idref="fl-c"/>
      </object_component>
      <object_component id="oc-1a3">
         <name>.const:g_pui32Xtals</name>
         <load_address>0x1d88</load_address>
         <run_address>0x1d88</run_address>
         <size>0x6c</size>
         <input_file_ref idref="fl-e"/>
      </object_component>
      <object_component id="oc-348">
         <name>.cinit..data.load</name>
         <load_address>0x1df8</load_address>
         <run_address>0x1df8</run_address>
         <size>0x10</size>
      </object_component>
      <object_component id="oc-346">
         <name>__TI_handler_table</name>
         <load_address>0x1e08</load_address>
         <run_address>0x1e08</run_address>
         <size>0x8</size>
      </object_component>
      <object_component id="oc-347">
         <name>__TI_cinit_table</name>
         <load_address>0x1e10</load_address>
         <run_address>0x1e10</run_address>
         <size>0x8</size>
      </object_component>
      <object_component id="oc-158">
         <name>.data</name>
         <load_address>0x20000200</load_address>
         <run_address>0x20000200</run_address>
         <size>0x20</size>
         <input_file_ref idref="fl-2"/>
      </object_component>
      <object_component id="oc-2c6">
         <name>.data</name>
         <load_address>0x20000220</load_address>
         <run_address>0x20000220</run_address>
         <size>0x4</size>
         <input_file_ref idref="fl-ce"/>
      </object_component>
      <object_component id="oc-24">
         <name>.stack</name>
         <uninitialized>true</uninitialized>
         <run_address>0x20000000</run_address>
         <size>0x4</size>
         <input_file_ref idref="fl-cf"/>
      </object_component>
      <object_component id="oc-34a">
         <name>.stack</name>
         <uninitialized>true</uninitialized>
         <run_address>0x20000000</run_address>
         <size>0x0</size>
      </object_component>
      <object_component id="oc-166">
         <name>.debug_info</name>
         <load_address>0x0</load_address>
         <run_address>0x0</run_address>
         <size>0xb46</size>
         <input_file_ref idref="fl-2"/>
      </object_component>
      <object_component id="oc-159">
         <name>.debug_info</name>
         <load_address>0xb46</load_address>
         <run_address>0xb46</run_address>
         <size>0x1d8</size>
         <input_file_ref idref="fl-2"/>
      </object_component>
      <object_component id="oc-2f">
         <name>.debug_info</name>
         <load_address>0xd1e</load_address>
         <run_address>0xd1e</run_address>
         <size>0xab9</size>
         <input_file_ref idref="fl-2"/>
      </object_component>
      <object_component id="oc-16a">
         <name>.debug_info</name>
         <load_address>0x17d7</load_address>
         <run_address>0x17d7</run_address>
         <size>0x26b</size>
         <input_file_ref idref="fl-2"/>
      </object_component>
      <object_component id="oc-15c">
         <name>.debug_info</name>
         <load_address>0x1a42</load_address>
         <run_address>0x1a42</run_address>
         <size>0x8b</size>
         <input_file_ref idref="fl-2"/>
      </object_component>
      <object_component id="oc-1ff">
         <name>.debug_info</name>
         <load_address>0x1acd</load_address>
         <run_address>0x1acd</run_address>
         <size>0x2a4</size>
         <input_file_ref idref="fl-2"/>
      </object_component>
      <object_component id="oc-161">
         <name>.debug_info</name>
         <load_address>0x1d71</load_address>
         <run_address>0x1d71</run_address>
         <size>0xbb</size>
         <input_file_ref idref="fl-2"/>
      </object_component>
      <object_component id="oc-206">
         <name>.debug_info</name>
         <load_address>0x1e2c</load_address>
         <run_address>0x1e2c</run_address>
         <size>0x35</size>
         <input_file_ref idref="fl-2"/>
      </object_component>
      <object_component id="oc-35">
         <name>.debug_info</name>
         <load_address>0x1e61</load_address>
         <run_address>0x1e61</run_address>
         <size>0x303</size>
         <input_file_ref idref="fl-3"/>
      </object_component>
      <object_component id="oc-13">
         <name>.debug_info</name>
         <load_address>0x2164</load_address>
         <run_address>0x2164</run_address>
         <size>0xf2</size>
         <input_file_ref idref="fl-3"/>
      </object_component>
      <object_component id="oc-2a">
         <name>.debug_info</name>
         <load_address>0x2256</load_address>
         <run_address>0x2256</run_address>
         <size>0x26e</size>
         <input_file_ref idref="fl-3"/>
      </object_component>
      <object_component id="oc-3c">
         <name>.debug_info</name>
         <load_address>0x24c4</load_address>
         <run_address>0x24c4</run_address>
         <size>0x84</size>
         <input_file_ref idref="fl-3"/>
      </object_component>
      <object_component id="oc-1dc">
         <name>.debug_info</name>
         <load_address>0x2548</load_address>
         <run_address>0x2548</run_address>
         <size>0x24d</size>
         <input_file_ref idref="fl-a"/>
      </object_component>
      <object_component id="oc-100">
         <name>.debug_info</name>
         <load_address>0x2795</load_address>
         <run_address>0x2795</run_address>
         <size>0x333</size>
         <input_file_ref idref="fl-a"/>
      </object_component>
      <object_component id="oc-106">
         <name>.debug_info</name>
         <load_address>0x2ac8</load_address>
         <run_address>0x2ac8</run_address>
         <size>0x2a0</size>
         <input_file_ref idref="fl-a"/>
      </object_component>
      <object_component id="oc-e8">
         <name>.debug_info</name>
         <load_address>0x2d68</load_address>
         <run_address>0x2d68</run_address>
         <size>0x2ff</size>
         <input_file_ref idref="fl-a"/>
      </object_component>
      <object_component id="oc-fa">
         <name>.debug_info</name>
         <load_address>0x3067</load_address>
         <run_address>0x3067</run_address>
         <size>0x326</size>
         <input_file_ref idref="fl-a"/>
      </object_component>
      <object_component id="oc-d6">
         <name>.debug_info</name>
         <load_address>0x338d</load_address>
         <run_address>0x338d</run_address>
         <size>0x2a4</size>
         <input_file_ref idref="fl-a"/>
      </object_component>
      <object_component id="oc-dc">
         <name>.debug_info</name>
         <load_address>0x3631</load_address>
         <run_address>0x3631</run_address>
         <size>0x2e7</size>
         <input_file_ref idref="fl-a"/>
      </object_component>
      <object_component id="oc-e1">
         <name>.debug_info</name>
         <load_address>0x3918</load_address>
         <run_address>0x3918</run_address>
         <size>0x294</size>
         <input_file_ref idref="fl-a"/>
      </object_component>
      <object_component id="oc-19d">
         <name>.debug_info</name>
         <load_address>0x3bac</load_address>
         <run_address>0x3bac</run_address>
         <size>0x18b</size>
         <input_file_ref idref="fl-a"/>
      </object_component>
      <object_component id="oc-1f3">
         <name>.debug_info</name>
         <load_address>0x3d37</load_address>
         <run_address>0x3d37</run_address>
         <size>0x240</size>
         <input_file_ref idref="fl-b"/>
      </object_component>
      <object_component id="oc-1f6">
         <name>.debug_info</name>
         <load_address>0x3f77</load_address>
         <run_address>0x3f77</run_address>
         <size>0x15b</size>
         <input_file_ref idref="fl-b"/>
      </object_component>
      <object_component id="oc-1aa">
         <name>.debug_info</name>
         <load_address>0x40d2</load_address>
         <run_address>0x40d2</run_address>
         <size>0x2b3</size>
         <input_file_ref idref="fl-b"/>
      </object_component>
      <object_component id="oc-1b0">
         <name>.debug_info</name>
         <load_address>0x4385</load_address>
         <run_address>0x4385</run_address>
         <size>0x316</size>
         <input_file_ref idref="fl-b"/>
      </object_component>
      <object_component id="oc-88">
         <name>.debug_info</name>
         <load_address>0x469b</load_address>
         <run_address>0x469b</run_address>
         <size>0x27b</size>
         <input_file_ref idref="fl-b"/>
      </object_component>
      <object_component id="oc-141">
         <name>.debug_info</name>
         <load_address>0x4916</load_address>
         <run_address>0x4916</run_address>
         <size>0x279</size>
         <input_file_ref idref="fl-b"/>
      </object_component>
      <object_component id="oc-130">
         <name>.debug_info</name>
         <load_address>0x4b8f</load_address>
         <run_address>0x4b8f</run_address>
         <size>0x2b7</size>
         <input_file_ref idref="fl-b"/>
      </object_component>
      <object_component id="oc-135">
         <name>.debug_info</name>
         <load_address>0x4e46</load_address>
         <run_address>0x4e46</run_address>
         <size>0x285</size>
         <input_file_ref idref="fl-b"/>
      </object_component>
      <object_component id="oc-f3">
         <name>.debug_info</name>
         <load_address>0x50cb</load_address>
         <run_address>0x50cb</run_address>
         <size>0x279</size>
         <input_file_ref idref="fl-b"/>
      </object_component>
      <object_component id="oc-13b">
         <name>.debug_info</name>
         <load_address>0x5344</load_address>
         <run_address>0x5344</run_address>
         <size>0x280</size>
         <input_file_ref idref="fl-b"/>
      </object_component>
      <object_component id="oc-1c8">
         <name>.debug_info</name>
         <load_address>0x55c4</load_address>
         <run_address>0x55c4</run_address>
         <size>0x20e</size>
         <input_file_ref idref="fl-c"/>
      </object_component>
      <object_component id="oc-1c5">
         <name>.debug_info</name>
         <load_address>0x57d2</load_address>
         <run_address>0x57d2</run_address>
         <size>0x210</size>
         <input_file_ref idref="fl-c"/>
      </object_component>
      <object_component id="oc-10b">
         <name>.debug_info</name>
         <load_address>0x59e2</load_address>
         <run_address>0x59e2</run_address>
         <size>0x23e</size>
         <input_file_ref idref="fl-c"/>
      </object_component>
      <object_component id="oc-9a">
         <name>.debug_info</name>
         <load_address>0x5c20</load_address>
         <run_address>0x5c20</run_address>
         <size>0x268</size>
         <input_file_ref idref="fl-c"/>
      </object_component>
      <object_component id="oc-1d9">
         <name>.debug_info</name>
         <load_address>0x5e88</load_address>
         <run_address>0x5e88</run_address>
         <size>0x21c</size>
         <input_file_ref idref="fl-d"/>
      </object_component>
      <object_component id="oc-14f">
         <name>.debug_info</name>
         <load_address>0x60a4</load_address>
         <run_address>0x60a4</run_address>
         <size>0x242</size>
         <input_file_ref idref="fl-d"/>
      </object_component>
      <object_component id="oc-ca">
         <name>.debug_info</name>
         <load_address>0x62e6</load_address>
         <run_address>0x62e6</run_address>
         <size>0x276</size>
         <input_file_ref idref="fl-d"/>
      </object_component>
      <object_component id="oc-154">
         <name>.debug_info</name>
         <load_address>0x655c</load_address>
         <run_address>0x655c</run_address>
         <size>0x29a</size>
         <input_file_ref idref="fl-d"/>
      </object_component>
      <object_component id="oc-149">
         <name>.debug_info</name>
         <load_address>0x67f6</load_address>
         <run_address>0x67f6</run_address>
         <size>0x3d9</size>
         <input_file_ref idref="fl-d"/>
      </object_component>
      <object_component id="oc-cf">
         <name>.debug_info</name>
         <load_address>0x6bcf</load_address>
         <run_address>0x6bcf</run_address>
         <size>0x242</size>
         <input_file_ref idref="fl-d"/>
      </object_component>
      <object_component id="oc-1a8">
         <name>.debug_info</name>
         <load_address>0x6e11</load_address>
         <run_address>0x6e11</run_address>
         <size>0x298</size>
         <input_file_ref idref="fl-e"/>
      </object_component>
      <object_component id="oc-1a4">
         <name>.debug_info</name>
         <load_address>0x70a9</load_address>
         <run_address>0x70a9</run_address>
         <size>0x14d</size>
         <input_file_ref idref="fl-e"/>
      </object_component>
      <object_component id="oc-129">
         <name>.debug_info</name>
         <load_address>0x71f6</load_address>
         <run_address>0x71f6</run_address>
         <size>0x27f</size>
         <input_file_ref idref="fl-e"/>
      </object_component>
      <object_component id="oc-82">
         <name>.debug_info</name>
         <load_address>0x7475</load_address>
         <run_address>0x7475</run_address>
         <size>0x27d</size>
         <input_file_ref idref="fl-e"/>
      </object_component>
      <object_component id="oc-ed">
         <name>.debug_info</name>
         <load_address>0x76f2</load_address>
         <run_address>0x76f2</run_address>
         <size>0x2db</size>
         <input_file_ref idref="fl-e"/>
      </object_component>
      <object_component id="oc-7b">
         <name>.debug_info</name>
         <load_address>0x79cd</load_address>
         <run_address>0x79cd</run_address>
         <size>0x2b5</size>
         <input_file_ref idref="fl-e"/>
      </object_component>
      <object_component id="oc-25f">
         <name>.debug_info</name>
         <load_address>0x7c82</load_address>
         <run_address>0x7c82</run_address>
         <size>0x5f</size>
         <input_file_ref idref="fl-e"/>
      </object_component>
      <object_component id="oc-1d7">
         <name>.debug_info</name>
         <load_address>0x7ce1</load_address>
         <run_address>0x7ce1</run_address>
         <size>0x223</size>
         <input_file_ref idref="fl-f"/>
      </object_component>
      <object_component id="oc-117">
         <name>.debug_info</name>
         <load_address>0x7f04</load_address>
         <run_address>0x7f04</run_address>
         <size>0x2ba</size>
         <input_file_ref idref="fl-f"/>
      </object_component>
      <object_component id="oc-11d">
         <name>.debug_info</name>
         <load_address>0x81be</load_address>
         <run_address>0x81be</run_address>
         <size>0x294</size>
         <input_file_ref idref="fl-f"/>
      </object_component>
      <object_component id="oc-c3">
         <name>.debug_info</name>
         <load_address>0x8452</load_address>
         <run_address>0x8452</run_address>
         <size>0x292</size>
         <input_file_ref idref="fl-f"/>
      </object_component>
      <object_component id="oc-123">
         <name>.debug_info</name>
         <load_address>0x86e4</load_address>
         <run_address>0x86e4</run_address>
         <size>0x27f</size>
         <input_file_ref idref="fl-f"/>
      </object_component>
      <object_component id="oc-111">
         <name>.debug_info</name>
         <load_address>0x8963</load_address>
         <run_address>0x8963</run_address>
         <size>0x28c</size>
         <input_file_ref idref="fl-f"/>
      </object_component>
      <object_component id="oc-1a2">
         <name>.debug_info</name>
         <load_address>0x8bef</load_address>
         <run_address>0x8bef</run_address>
         <size>0x227</size>
         <input_file_ref idref="fl-10"/>
      </object_component>
      <object_component id="oc-a0">
         <name>.debug_info</name>
         <load_address>0x8e16</load_address>
         <run_address>0x8e16</run_address>
         <size>0x27f</size>
         <input_file_ref idref="fl-10"/>
      </object_component>
      <object_component id="oc-94">
         <name>.debug_info</name>
         <load_address>0x9095</load_address>
         <run_address>0x9095</run_address>
         <size>0x28f</size>
         <input_file_ref idref="fl-10"/>
      </object_component>
      <object_component id="oc-a6">
         <name>.debug_info</name>
         <load_address>0x9324</load_address>
         <run_address>0x9324</run_address>
         <size>0x28d</size>
         <input_file_ref idref="fl-10"/>
      </object_component>
      <object_component id="oc-1bd">
         <name>.debug_info</name>
         <load_address>0x95b1</load_address>
         <run_address>0x95b1</run_address>
         <size>0x247</size>
         <input_file_ref idref="fl-10"/>
      </object_component>
      <object_component id="oc-1b7">
         <name>.debug_info</name>
         <load_address>0x97f8</load_address>
         <run_address>0x97f8</run_address>
         <size>0x249</size>
         <input_file_ref idref="fl-10"/>
      </object_component>
      <object_component id="oc-8e">
         <name>.debug_info</name>
         <load_address>0x9a41</load_address>
         <run_address>0x9a41</run_address>
         <size>0x326</size>
         <input_file_ref idref="fl-10"/>
      </object_component>
      <object_component id="oc-b2">
         <name>.debug_info</name>
         <load_address>0x9d67</load_address>
         <run_address>0x9d67</run_address>
         <size>0x253</size>
         <input_file_ref idref="fl-10"/>
      </object_component>
      <object_component id="oc-75">
         <name>.debug_info</name>
         <load_address>0x9fba</load_address>
         <run_address>0x9fba</run_address>
         <size>0x273</size>
         <input_file_ref idref="fl-10"/>
      </object_component>
      <object_component id="oc-ac">
         <name>.debug_info</name>
         <load_address>0xa22d</load_address>
         <run_address>0xa22d</run_address>
         <size>0x263</size>
         <input_file_ref idref="fl-10"/>
      </object_component>
      <object_component id="oc-1e9">
         <name>.debug_info</name>
         <load_address>0xa490</load_address>
         <run_address>0xa490</run_address>
         <size>0x212</size>
         <input_file_ref idref="fl-11"/>
      </object_component>
      <object_component id="oc-be">
         <name>.debug_info</name>
         <load_address>0xa6a2</load_address>
         <run_address>0xa6a2</run_address>
         <size>0x13e</size>
         <input_file_ref idref="fl-c7"/>
      </object_component>
      <object_component id="oc-4c">
         <name>.debug_info</name>
         <load_address>0xa7e0</load_address>
         <run_address>0xa7e0</run_address>
         <size>0x2a8</size>
         <input_file_ref idref="fl-ca"/>
      </object_component>
      <object_component id="oc-1d">
         <name>.debug_info</name>
         <load_address>0xaa88</load_address>
         <run_address>0xaa88</run_address>
         <size>0x1ea</size>
         <input_file_ref idref="fl-ca"/>
      </object_component>
      <object_component id="oc-47">
         <name>.debug_info</name>
         <load_address>0xac72</load_address>
         <run_address>0xac72</run_address>
         <size>0x46</size>
         <input_file_ref idref="fl-ca"/>
      </object_component>
      <object_component id="oc-176">
         <name>.debug_info</name>
         <load_address>0xacb8</load_address>
         <run_address>0xacb8</run_address>
         <size>0x2c</size>
         <input_file_ref idref="fl-ca"/>
      </object_component>
      <object_component id="oc-174">
         <name>.debug_info</name>
         <load_address>0xace4</load_address>
         <run_address>0xace4</run_address>
         <size>0x29e</size>
         <input_file_ref idref="fl-cb"/>
      </object_component>
      <object_component id="oc-19">
         <name>.debug_info</name>
         <load_address>0xaf82</load_address>
         <run_address>0xaf82</run_address>
         <size>0x250</size>
         <input_file_ref idref="fl-cb"/>
      </object_component>
      <object_component id="oc-37">
         <name>.debug_info</name>
         <load_address>0xb1d2</load_address>
         <run_address>0xb1d2</run_address>
         <size>0x60</size>
         <input_file_ref idref="fl-cb"/>
      </object_component>
      <object_component id="oc-20b">
         <name>.debug_info</name>
         <load_address>0xb232</load_address>
         <run_address>0xb232</run_address>
         <size>0x46</size>
         <input_file_ref idref="fl-cb"/>
      </object_component>
      <object_component id="oc-16f">
         <name>.debug_info</name>
         <load_address>0xb278</load_address>
         <run_address>0xb278</run_address>
         <size>0x39</size>
         <input_file_ref idref="fl-cb"/>
      </object_component>
      <object_component id="oc-1d4">
         <name>.debug_info</name>
         <load_address>0xb2b1</load_address>
         <run_address>0xb2b1</run_address>
         <size>0x2c5</size>
         <input_file_ref idref="fl-cc"/>
      </object_component>
      <object_component id="oc-b8">
         <name>.debug_info</name>
         <load_address>0xb576</load_address>
         <run_address>0xb576</run_address>
         <size>0x149</size>
         <input_file_ref idref="fl-cc"/>
      </object_component>
      <object_component id="oc-293">
         <name>.debug_info</name>
         <load_address>0xb6bf</load_address>
         <run_address>0xb6bf</run_address>
         <size>0x3b1</size>
         <input_file_ref idref="fl-cd"/>
      </object_component>
      <object_component id="oc-290">
         <name>.debug_info</name>
         <load_address>0xba70</load_address>
         <run_address>0xba70</run_address>
         <size>0x123</size>
         <input_file_ref idref="fl-cd"/>
      </object_component>
      <object_component id="oc-1cf">
         <name>.debug_info</name>
         <load_address>0xbb93</load_address>
         <run_address>0xbb93</run_address>
         <size>0x4e0</size>
         <input_file_ref idref="fl-cd"/>
      </object_component>
      <object_component id="oc-2ca">
         <name>.debug_info</name>
         <load_address>0xc073</load_address>
         <run_address>0xc073</run_address>
         <size>0x289</size>
         <input_file_ref idref="fl-ce"/>
      </object_component>
      <object_component id="oc-2c7">
         <name>.debug_info</name>
         <load_address>0xc2fc</load_address>
         <run_address>0xc2fc</run_address>
         <size>0x10e</size>
         <input_file_ref idref="fl-ce"/>
      </object_component>
      <object_component id="oc-282">
         <name>.debug_info</name>
         <load_address>0xc40a</load_address>
         <run_address>0xc40a</run_address>
         <size>0x14e</size>
         <input_file_ref idref="fl-ce"/>
      </object_component>
      <object_component id="oc-25">
         <name>.debug_info</name>
         <load_address>0xc558</load_address>
         <run_address>0xc558</run_address>
         <size>0x10b</size>
         <input_file_ref idref="fl-cf"/>
      </object_component>
      <object_component id="oc-60">
         <name>.debug_info</name>
         <load_address>0xc663</load_address>
         <run_address>0xc663</run_address>
         <size>0x1a9</size>
         <input_file_ref idref="fl-cf"/>
      </object_component>
      <object_component id="oc-2d2">
         <name>.debug_info</name>
         <load_address>0xc80c</load_address>
         <run_address>0xc80c</run_address>
         <size>0x2f8</size>
         <input_file_ref idref="fl-d0"/>
      </object_component>
      <object_component id="oc-287">
         <name>.debug_info</name>
         <load_address>0xcb04</load_address>
         <run_address>0xcb04</run_address>
         <size>0x225</size>
         <input_file_ref idref="fl-d0"/>
      </object_component>
      <object_component id="oc-307">
         <name>.debug_info</name>
         <load_address>0xcd29</load_address>
         <run_address>0xcd29</run_address>
         <size>0x39</size>
         <input_file_ref idref="fl-d0"/>
      </object_component>
      <object_component id="oc-2d3">
         <name>.debug_info</name>
         <load_address>0xcd62</load_address>
         <run_address>0xcd62</run_address>
         <size>0x2c</size>
         <input_file_ref idref="fl-d0"/>
      </object_component>
      <object_component id="oc-274">
         <name>.debug_info</name>
         <load_address>0xcd8e</load_address>
         <run_address>0xcd8e</run_address>
         <size>0x14c</size>
         <input_file_ref idref="fl-d2"/>
      </object_component>
      <object_component id="oc-278">
         <name>.debug_info</name>
         <load_address>0xceda</load_address>
         <run_address>0xceda</run_address>
         <size>0x128</size>
         <input_file_ref idref="fl-d3"/>
      </object_component>
      <object_component id="oc-27c">
         <name>.debug_info</name>
         <load_address>0xd002</load_address>
         <run_address>0xd002</run_address>
         <size>0x13a</size>
         <input_file_ref idref="fl-d4"/>
      </object_component>
      <object_component id="oc-26d">
         <name>.debug_info</name>
         <load_address>0xd13c</load_address>
         <run_address>0xd13c</run_address>
         <size>0x13a</size>
         <input_file_ref idref="fl-d5"/>
      </object_component>
      <object_component id="oc-43">
         <name>.debug_info</name>
         <load_address>0xd276</load_address>
         <run_address>0xd276</run_address>
         <size>0x119</size>
         <input_file_ref idref="fl-d6"/>
      </object_component>
      <object_component id="oc-2ad">
         <name>.debug_info</name>
         <load_address>0xd38f</load_address>
         <run_address>0xd38f</run_address>
         <size>0x4b3</size>
         <input_file_ref idref="fl-d8"/>
      </object_component>
      <object_component id="oc-228">
         <name>.debug_info</name>
         <load_address>0xd842</load_address>
         <run_address>0xd842</run_address>
         <size>0x1a6</size>
         <input_file_ref idref="fl-d8"/>
      </object_component>
      <object_component id="oc-2ef">
         <name>.debug_info</name>
         <load_address>0xd9e8</load_address>
         <run_address>0xd9e8</run_address>
         <size>0x39</size>
         <input_file_ref idref="fl-d8"/>
      </object_component>
      <object_component id="oc-311">
         <name>.debug_info</name>
         <load_address>0xda21</load_address>
         <run_address>0xda21</run_address>
         <size>0x39</size>
         <input_file_ref idref="fl-d8"/>
      </object_component>
      <object_component id="oc-2f4">
         <name>.debug_info</name>
         <load_address>0xda5a</load_address>
         <run_address>0xda5a</run_address>
         <size>0x39</size>
         <input_file_ref idref="fl-d8"/>
      </object_component>
      <object_component id="oc-2f9">
         <name>.debug_info</name>
         <load_address>0xda93</load_address>
         <run_address>0xda93</run_address>
         <size>0xcd</size>
         <input_file_ref idref="fl-d8"/>
      </object_component>
      <object_component id="oc-18d">
         <name>.debug_info</name>
         <load_address>0xdb60</load_address>
         <run_address>0xdb60</run_address>
         <size>0x153</size>
         <input_file_ref idref="fl-d9"/>
      </object_component>
      <object_component id="oc-21c">
         <name>.debug_info</name>
         <load_address>0xdcb3</load_address>
         <run_address>0xdcb3</run_address>
         <size>0x122</size>
         <input_file_ref idref="fl-db"/>
      </object_component>
      <object_component id="oc-2da">
         <name>.debug_info</name>
         <load_address>0xddd5</load_address>
         <run_address>0xddd5</run_address>
         <size>0xf9</size>
         <input_file_ref idref="fl-de"/>
      </object_component>
      <object_component id="oc-28d">
         <name>.debug_info</name>
         <load_address>0xdece</load_address>
         <run_address>0xdece</run_address>
         <size>0x105</size>
         <input_file_ref idref="fl-de"/>
      </object_component>
      <object_component id="oc-2cc">
         <name>.debug_info</name>
         <load_address>0xdfd3</load_address>
         <run_address>0xdfd3</run_address>
         <size>0x161</size>
         <input_file_ref idref="fl-df"/>
      </object_component>
      <object_component id="oc-34b">
         <name>.debug_info</name>
         <load_address>0xe134</load_address>
         <run_address>0xe134</run_address>
         <size>0xa5</size>
      </object_component>
      <object_component id="oc-205">
         <name>.debug_line</name>
         <load_address>0x0</load_address>
         <run_address>0x0</run_address>
         <size>0x1fc</size>
         <input_file_ref idref="fl-2"/>
      </object_component>
      <object_component id="oc-1fe">
         <name>.debug_line</name>
         <load_address>0x1fc</load_address>
         <run_address>0x1fc</run_address>
         <size>0x31</size>
         <input_file_ref idref="fl-2"/>
      </object_component>
      <object_component id="oc-32">
         <name>.debug_line</name>
         <load_address>0x22d</load_address>
         <run_address>0x22d</run_address>
         <size>0x18c</size>
         <input_file_ref idref="fl-2"/>
      </object_component>
      <object_component id="oc-16d">
         <name>.debug_line</name>
         <load_address>0x3b9</load_address>
         <run_address>0x3b9</run_address>
         <size>0x6f</size>
         <input_file_ref idref="fl-2"/>
      </object_component>
      <object_component id="oc-15f">
         <name>.debug_line</name>
         <load_address>0x428</load_address>
         <run_address>0x428</run_address>
         <size>0x20</size>
         <input_file_ref idref="fl-2"/>
      </object_component>
      <object_component id="oc-202">
         <name>.debug_line</name>
         <load_address>0x448</load_address>
         <run_address>0x448</run_address>
         <size>0x73</size>
         <input_file_ref idref="fl-2"/>
      </object_component>
      <object_component id="oc-164">
         <name>.debug_line</name>
         <load_address>0x4bb</load_address>
         <run_address>0x4bb</run_address>
         <size>0x70</size>
         <input_file_ref idref="fl-2"/>
      </object_component>
      <object_component id="oc-209">
         <name>.debug_line</name>
         <load_address>0x52b</load_address>
         <run_address>0x52b</run_address>
         <size>0x74</size>
         <input_file_ref idref="fl-2"/>
      </object_component>
      <object_component id="oc-169">
         <name>.debug_line</name>
         <load_address>0x59f</load_address>
         <run_address>0x59f</run_address>
         <size>0x41</size>
         <input_file_ref idref="fl-3"/>
      </object_component>
      <object_component id="oc-34">
         <name>.debug_line</name>
         <load_address>0x5e0</load_address>
         <run_address>0x5e0</run_address>
         <size>0x41</size>
         <input_file_ref idref="fl-3"/>
      </object_component>
      <object_component id="oc-29">
         <name>.debug_line</name>
         <load_address>0x621</load_address>
         <run_address>0x621</run_address>
         <size>0xa1</size>
         <input_file_ref idref="fl-3"/>
      </object_component>
      <object_component id="oc-3f">
         <name>.debug_line</name>
         <load_address>0x6c2</load_address>
         <run_address>0x6c2</run_address>
         <size>0x20</size>
         <input_file_ref idref="fl-3"/>
      </object_component>
      <object_component id="oc-29c">
         <name>.debug_line</name>
         <load_address>0x6e2</load_address>
         <run_address>0x6e2</run_address>
         <size>0xde</size>
         <input_file_ref idref="fl-a"/>
      </object_component>
      <object_component id="oc-ff">
         <name>.debug_line</name>
         <load_address>0x7c0</load_address>
         <run_address>0x7c0</run_address>
         <size>0xa7</size>
         <input_file_ref idref="fl-a"/>
      </object_component>
      <object_component id="oc-105">
         <name>.debug_line</name>
         <load_address>0x867</load_address>
         <run_address>0x867</run_address>
         <size>0x91</size>
         <input_file_ref idref="fl-a"/>
      </object_component>
      <object_component id="oc-e7">
         <name>.debug_line</name>
         <load_address>0x8f8</load_address>
         <run_address>0x8f8</run_address>
         <size>0x9c</size>
         <input_file_ref idref="fl-a"/>
      </object_component>
      <object_component id="oc-f9">
         <name>.debug_line</name>
         <load_address>0x994</load_address>
         <run_address>0x994</run_address>
         <size>0xa4</size>
         <input_file_ref idref="fl-a"/>
      </object_component>
      <object_component id="oc-d5">
         <name>.debug_line</name>
         <load_address>0xa38</load_address>
         <run_address>0xa38</run_address>
         <size>0x91</size>
         <input_file_ref idref="fl-a"/>
      </object_component>
      <object_component id="oc-db">
         <name>.debug_line</name>
         <load_address>0xac9</load_address>
         <run_address>0xac9</run_address>
         <size>0x9b</size>
         <input_file_ref idref="fl-a"/>
      </object_component>
      <object_component id="oc-e5">
         <name>.debug_line</name>
         <load_address>0xb64</load_address>
         <run_address>0xb64</run_address>
         <size>0x91</size>
         <input_file_ref idref="fl-a"/>
      </object_component>
      <object_component id="oc-1a0">
         <name>.debug_line</name>
         <load_address>0xbf5</load_address>
         <run_address>0xbf5</run_address>
         <size>0x69</size>
         <input_file_ref idref="fl-a"/>
      </object_component>
      <object_component id="oc-29f">
         <name>.debug_line</name>
         <load_address>0xc5e</load_address>
         <run_address>0xc5e</run_address>
         <size>0x82</size>
         <input_file_ref idref="fl-b"/>
      </object_component>
      <object_component id="oc-2a1">
         <name>.debug_line</name>
         <load_address>0xce0</load_address>
         <run_address>0xce0</run_address>
         <size>0x7d</size>
         <input_file_ref idref="fl-b"/>
      </object_component>
      <object_component id="oc-1ad">
         <name>.debug_line</name>
         <load_address>0xd5d</load_address>
         <run_address>0xd5d</run_address>
         <size>0x95</size>
         <input_file_ref idref="fl-b"/>
      </object_component>
      <object_component id="oc-1b3">
         <name>.debug_line</name>
         <load_address>0xdf2</load_address>
         <run_address>0xdf2</run_address>
         <size>0xd1</size>
         <input_file_ref idref="fl-b"/>
      </object_component>
      <object_component id="oc-8b">
         <name>.debug_line</name>
         <load_address>0xec3</load_address>
         <run_address>0xec3</run_address>
         <size>0x93</size>
         <input_file_ref idref="fl-b"/>
      </object_component>
      <object_component id="oc-144">
         <name>.debug_line</name>
         <load_address>0xf56</load_address>
         <run_address>0xf56</run_address>
         <size>0x93</size>
         <input_file_ref idref="fl-b"/>
      </object_component>
      <object_component id="oc-12f">
         <name>.debug_line</name>
         <load_address>0xfe9</load_address>
         <run_address>0xfe9</run_address>
         <size>0x99</size>
         <input_file_ref idref="fl-b"/>
      </object_component>
      <object_component id="oc-138">
         <name>.debug_line</name>
         <load_address>0x1082</load_address>
         <run_address>0x1082</run_address>
         <size>0x93</size>
         <input_file_ref idref="fl-b"/>
      </object_component>
      <object_component id="oc-f7">
         <name>.debug_line</name>
         <load_address>0x1115</load_address>
         <run_address>0x1115</run_address>
         <size>0x93</size>
         <input_file_ref idref="fl-b"/>
      </object_component>
      <object_component id="oc-13e">
         <name>.debug_line</name>
         <load_address>0x11a8</load_address>
         <run_address>0x11a8</run_address>
         <size>0xa7</size>
         <input_file_ref idref="fl-b"/>
      </object_component>
      <object_component id="oc-26b">
         <name>.debug_line</name>
         <load_address>0x124f</load_address>
         <run_address>0x124f</run_address>
         <size>0x7c</size>
         <input_file_ref idref="fl-c"/>
      </object_component>
      <object_component id="oc-269">
         <name>.debug_line</name>
         <load_address>0x12cb</load_address>
         <run_address>0x12cb</run_address>
         <size>0x82</size>
         <input_file_ref idref="fl-c"/>
      </object_component>
      <object_component id="oc-10e">
         <name>.debug_line</name>
         <load_address>0x134d</load_address>
         <run_address>0x134d</run_address>
         <size>0x97</size>
         <input_file_ref idref="fl-c"/>
      </object_component>
      <object_component id="oc-9d">
         <name>.debug_line</name>
         <load_address>0x13e4</load_address>
         <run_address>0x13e4</run_address>
         <size>0xc2</size>
         <input_file_ref idref="fl-c"/>
      </object_component>
      <object_component id="oc-29a">
         <name>.debug_line</name>
         <load_address>0x14a6</load_address>
         <run_address>0x14a6</run_address>
         <size>0x82</size>
         <input_file_ref idref="fl-d"/>
      </object_component>
      <object_component id="oc-14e">
         <name>.debug_line</name>
         <load_address>0x1528</load_address>
         <run_address>0x1528</run_address>
         <size>0x91</size>
         <input_file_ref idref="fl-d"/>
      </object_component>
      <object_component id="oc-cc">
         <name>.debug_line</name>
         <load_address>0x15b9</load_address>
         <run_address>0x15b9</run_address>
         <size>0x94</size>
         <input_file_ref idref="fl-d"/>
      </object_component>
      <object_component id="oc-156">
         <name>.debug_line</name>
         <load_address>0x164d</load_address>
         <run_address>0x164d</run_address>
         <size>0x97</size>
         <input_file_ref idref="fl-d"/>
      </object_component>
      <object_component id="oc-148">
         <name>.debug_line</name>
         <load_address>0x16e4</load_address>
         <run_address>0x16e4</run_address>
         <size>0xa3</size>
         <input_file_ref idref="fl-d"/>
      </object_component>
      <object_component id="oc-d2">
         <name>.debug_line</name>
         <load_address>0x1787</load_address>
         <run_address>0x1787</run_address>
         <size>0x91</size>
         <input_file_ref idref="fl-d"/>
      </object_component>
      <object_component id="oc-25e">
         <name>.debug_line</name>
         <load_address>0x1818</load_address>
         <run_address>0x1818</run_address>
         <size>0x13d</size>
         <input_file_ref idref="fl-e"/>
      </object_component>
      <object_component id="oc-25c">
         <name>.debug_line</name>
         <load_address>0x1955</load_address>
         <run_address>0x1955</run_address>
         <size>0x7f</size>
         <input_file_ref idref="fl-e"/>
      </object_component>
      <object_component id="oc-12c">
         <name>.debug_line</name>
         <load_address>0x19d4</load_address>
         <run_address>0x19d4</run_address>
         <size>0x94</size>
         <input_file_ref idref="fl-e"/>
      </object_component>
      <object_component id="oc-85">
         <name>.debug_line</name>
         <load_address>0x1a68</load_address>
         <run_address>0x1a68</run_address>
         <size>0x94</size>
         <input_file_ref idref="fl-e"/>
      </object_component>
      <object_component id="oc-f0">
         <name>.debug_line</name>
         <load_address>0x1afc</load_address>
         <run_address>0x1afc</run_address>
         <size>0xee</size>
         <input_file_ref idref="fl-e"/>
      </object_component>
      <object_component id="oc-7e">
         <name>.debug_line</name>
         <load_address>0x1bea</load_address>
         <run_address>0x1bea</run_address>
         <size>0x11a</size>
         <input_file_ref idref="fl-e"/>
      </object_component>
      <object_component id="oc-262">
         <name>.debug_line</name>
         <load_address>0x1d04</load_address>
         <run_address>0x1d04</run_address>
         <size>0x7f</size>
         <input_file_ref idref="fl-e"/>
      </object_component>
      <object_component id="oc-298">
         <name>.debug_line</name>
         <load_address>0x1d83</load_address>
         <run_address>0x1d83</run_address>
         <size>0x82</size>
         <input_file_ref idref="fl-f"/>
      </object_component>
      <object_component id="oc-11b">
         <name>.debug_line</name>
         <load_address>0x1e05</load_address>
         <run_address>0x1e05</run_address>
         <size>0x9c</size>
         <input_file_ref idref="fl-f"/>
      </object_component>
      <object_component id="oc-121">
         <name>.debug_line</name>
         <load_address>0x1ea1</load_address>
         <run_address>0x1ea1</run_address>
         <size>0x93</size>
         <input_file_ref idref="fl-f"/>
      </object_component>
      <object_component id="oc-c6">
         <name>.debug_line</name>
         <load_address>0x1f34</load_address>
         <run_address>0x1f34</run_address>
         <size>0x93</size>
         <input_file_ref idref="fl-f"/>
      </object_component>
      <object_component id="oc-126">
         <name>.debug_line</name>
         <load_address>0x1fc7</load_address>
         <run_address>0x1fc7</run_address>
         <size>0x93</size>
         <input_file_ref idref="fl-f"/>
      </object_component>
      <object_component id="oc-114">
         <name>.debug_line</name>
         <load_address>0x205a</load_address>
         <run_address>0x205a</run_address>
         <size>0xb7</size>
         <input_file_ref idref="fl-f"/>
      </object_component>
      <object_component id="oc-25a">
         <name>.debug_line</name>
         <load_address>0x2111</load_address>
         <run_address>0x2111</run_address>
         <size>0x82</size>
         <input_file_ref idref="fl-10"/>
      </object_component>
      <object_component id="oc-a3">
         <name>.debug_line</name>
         <load_address>0x2193</load_address>
         <run_address>0x2193</run_address>
         <size>0x92</size>
         <input_file_ref idref="fl-10"/>
      </object_component>
      <object_component id="oc-97">
         <name>.debug_line</name>
         <load_address>0x2225</load_address>
         <run_address>0x2225</run_address>
         <size>0x92</size>
         <input_file_ref idref="fl-10"/>
      </object_component>
      <object_component id="oc-a9">
         <name>.debug_line</name>
         <load_address>0x22b7</load_address>
         <run_address>0x22b7</run_address>
         <size>0x92</size>
         <input_file_ref idref="fl-10"/>
      </object_component>
      <object_component id="oc-1c0">
         <name>.debug_line</name>
         <load_address>0x2349</load_address>
         <run_address>0x2349</run_address>
         <size>0x93</size>
         <input_file_ref idref="fl-10"/>
      </object_component>
      <object_component id="oc-1ba">
         <name>.debug_line</name>
         <load_address>0x23dc</load_address>
         <run_address>0x23dc</run_address>
         <size>0x96</size>
         <input_file_ref idref="fl-10"/>
      </object_component>
      <object_component id="oc-91">
         <name>.debug_line</name>
         <load_address>0x2472</load_address>
         <run_address>0x2472</run_address>
         <size>0xb3</size>
         <input_file_ref idref="fl-10"/>
      </object_component>
      <object_component id="oc-b5">
         <name>.debug_line</name>
         <load_address>0x2525</load_address>
         <run_address>0x2525</run_address>
         <size>0x92</size>
         <input_file_ref idref="fl-10"/>
      </object_component>
      <object_component id="oc-78">
         <name>.debug_line</name>
         <load_address>0x25b7</load_address>
         <run_address>0x25b7</run_address>
         <size>0x93</size>
         <input_file_ref idref="fl-10"/>
      </object_component>
      <object_component id="oc-af">
         <name>.debug_line</name>
         <load_address>0x264a</load_address>
         <run_address>0x264a</run_address>
         <size>0x92</size>
         <input_file_ref idref="fl-10"/>
      </object_component>
      <object_component id="oc-1eb">
         <name>.debug_line</name>
         <load_address>0x26dc</load_address>
         <run_address>0x26dc</run_address>
         <size>0x91</size>
         <input_file_ref idref="fl-11"/>
      </object_component>
      <object_component id="oc-c1">
         <name>.debug_line</name>
         <load_address>0x276d</load_address>
         <run_address>0x276d</run_address>
         <size>0x67</size>
         <input_file_ref idref="fl-c7"/>
      </object_component>
      <object_component id="oc-17c">
         <name>.debug_line</name>
         <load_address>0x27d4</load_address>
         <run_address>0x27d4</run_address>
         <size>0x20</size>
         <input_file_ref idref="fl-ca"/>
      </object_component>
      <object_component id="oc-1f">
         <name>.debug_line</name>
         <load_address>0x27f4</load_address>
         <run_address>0x27f4</run_address>
         <size>0x55</size>
         <input_file_ref idref="fl-ca"/>
      </object_component>
      <object_component id="oc-4a">
         <name>.debug_line</name>
         <load_address>0x2849</load_address>
         <run_address>0x2849</run_address>
         <size>0x3a</size>
         <input_file_ref idref="fl-ca"/>
      </object_component>
      <object_component id="oc-179">
         <name>.debug_line</name>
         <load_address>0x2883</load_address>
         <run_address>0x2883</run_address>
         <size>0x92</size>
         <input_file_ref idref="fl-ca"/>
      </object_component>
      <object_component id="oc-211">
         <name>.debug_line</name>
         <load_address>0x2915</load_address>
         <run_address>0x2915</run_address>
         <size>0x20</size>
         <input_file_ref idref="fl-cb"/>
      </object_component>
      <object_component id="oc-17">
         <name>.debug_line</name>
         <load_address>0x2935</load_address>
         <run_address>0x2935</run_address>
         <size>0xa9</size>
         <input_file_ref idref="fl-cb"/>
      </object_component>
      <object_component id="oc-3a">
         <name>.debug_line</name>
         <load_address>0x29de</load_address>
         <run_address>0x29de</run_address>
         <size>0x3a</size>
         <input_file_ref idref="fl-cb"/>
      </object_component>
      <object_component id="oc-20e">
         <name>.debug_line</name>
         <load_address>0x2a18</load_address>
         <run_address>0x2a18</run_address>
         <size>0x9a</size>
         <input_file_ref idref="fl-cb"/>
      </object_component>
      <object_component id="oc-172">
         <name>.debug_line</name>
         <load_address>0x2ab2</load_address>
         <run_address>0x2ab2</run_address>
         <size>0x96</size>
         <input_file_ref idref="fl-cb"/>
      </object_component>
      <object_component id="oc-296">
         <name>.debug_line</name>
         <load_address>0x2b48</load_address>
         <run_address>0x2b48</run_address>
         <size>0x92</size>
         <input_file_ref idref="fl-cc"/>
      </object_component>
      <object_component id="oc-bc">
         <name>.debug_line</name>
         <load_address>0x2bda</load_address>
         <run_address>0x2bda</run_address>
         <size>0x3e</size>
         <input_file_ref idref="fl-cc"/>
      </object_component>
      <object_component id="oc-2de">
         <name>.debug_line</name>
         <load_address>0x2c18</load_address>
         <run_address>0x2c18</run_address>
         <size>0x172</size>
         <input_file_ref idref="fl-cd"/>
      </object_component>
      <object_component id="oc-2dc">
         <name>.debug_line</name>
         <load_address>0x2d8a</load_address>
         <run_address>0x2d8a</run_address>
         <size>0x2c</size>
         <input_file_ref idref="fl-cd"/>
      </object_component>
      <object_component id="oc-1ce">
         <name>.debug_line</name>
         <load_address>0x2db6</load_address>
         <run_address>0x2db6</run_address>
         <size>0x38e</size>
         <input_file_ref idref="fl-cd"/>
      </object_component>
      <object_component id="oc-303">
         <name>.debug_line</name>
         <load_address>0x3144</load_address>
         <run_address>0x3144</run_address>
         <size>0x20</size>
         <input_file_ref idref="fl-ce"/>
      </object_component>
      <object_component id="oc-301">
         <name>.debug_line</name>
         <load_address>0x3164</load_address>
         <run_address>0x3164</run_address>
         <size>0x2b</size>
         <input_file_ref idref="fl-ce"/>
      </object_component>
      <object_component id="oc-281">
         <name>.debug_line</name>
         <load_address>0x318f</load_address>
         <run_address>0x318f</run_address>
         <size>0x40</size>
         <input_file_ref idref="fl-ce"/>
      </object_component>
      <object_component id="oc-72">
         <name>.debug_line</name>
         <load_address>0x31cf</load_address>
         <run_address>0x31cf</run_address>
         <size>0x33</size>
         <input_file_ref idref="fl-cf"/>
      </object_component>
      <object_component id="oc-63">
         <name>.debug_line</name>
         <load_address>0x3202</load_address>
         <run_address>0x3202</run_address>
         <size>0x45</size>
         <input_file_ref idref="fl-cf"/>
      </object_component>
      <object_component id="oc-306">
         <name>.debug_line</name>
         <load_address>0x3247</load_address>
         <run_address>0x3247</run_address>
         <size>0x9b</size>
         <input_file_ref idref="fl-d0"/>
      </object_component>
      <object_component id="oc-28b">
         <name>.debug_line</name>
         <load_address>0x32e2</load_address>
         <run_address>0x32e2</run_address>
         <size>0xa4</size>
         <input_file_ref idref="fl-d0"/>
      </object_component>
      <object_component id="oc-30a">
         <name>.debug_line</name>
         <load_address>0x3386</load_address>
         <run_address>0x3386</run_address>
         <size>0x9a</size>
         <input_file_ref idref="fl-d0"/>
      </object_component>
      <object_component id="oc-2d6">
         <name>.debug_line</name>
         <load_address>0x3420</load_address>
         <run_address>0x3420</run_address>
         <size>0x97</size>
         <input_file_ref idref="fl-d0"/>
      </object_component>
      <object_component id="oc-273">
         <name>.debug_line</name>
         <load_address>0x34b7</load_address>
         <run_address>0x34b7</run_address>
         <size>0xd2</size>
         <input_file_ref idref="fl-d2"/>
      </object_component>
      <object_component id="oc-27a">
         <name>.debug_line</name>
         <load_address>0x3589</load_address>
         <run_address>0x3589</run_address>
         <size>0x77</size>
         <input_file_ref idref="fl-d3"/>
      </object_component>
      <object_component id="oc-27f">
         <name>.debug_line</name>
         <load_address>0x3600</load_address>
         <run_address>0x3600</run_address>
         <size>0xa8</size>
         <input_file_ref idref="fl-d4"/>
      </object_component>
      <object_component id="oc-270">
         <name>.debug_line</name>
         <load_address>0x36a8</load_address>
         <run_address>0x36a8</run_address>
         <size>0x8e</size>
         <input_file_ref idref="fl-d5"/>
      </object_component>
      <object_component id="oc-42">
         <name>.debug_line</name>
         <load_address>0x3736</load_address>
         <run_address>0x3736</run_address>
         <size>0x88</size>
         <input_file_ref idref="fl-d6"/>
      </object_component>
      <object_component id="oc-2ee">
         <name>.debug_line</name>
         <load_address>0x37be</load_address>
         <run_address>0x37be</run_address>
         <size>0xbf</size>
         <input_file_ref idref="fl-d8"/>
      </object_component>
      <object_component id="oc-22b">
         <name>.debug_line</name>
         <load_address>0x387d</load_address>
         <run_address>0x387d</run_address>
         <size>0x6f</size>
         <input_file_ref idref="fl-d8"/>
      </object_component>
      <object_component id="oc-2f2">
         <name>.debug_line</name>
         <load_address>0x38ec</load_address>
         <run_address>0x38ec</run_address>
         <size>0x2e</size>
         <input_file_ref idref="fl-d8"/>
      </object_component>
      <object_component id="oc-314">
         <name>.debug_line</name>
         <load_address>0x391a</load_address>
         <run_address>0x391a</run_address>
         <size>0x9a</size>
         <input_file_ref idref="fl-d8"/>
      </object_component>
      <object_component id="oc-2f7">
         <name>.debug_line</name>
         <load_address>0x39b4</load_address>
         <run_address>0x39b4</run_address>
         <size>0x97</size>
         <input_file_ref idref="fl-d8"/>
[...]
         <run_address>0x20000000</run_address>
         <size>0x224</size>
         <flags>0x6</flags>
         <contents>
            <logical_group_ref idref="lg-d"/>
            <logical_group_ref idref="lg-a"/>
         </contents>
      </load_segment>
   </logical_group_list>
   <placement_map>
      <memory_area display="yes" color="green">
         <name>FLASH</name>
         <page_id>0x0</page_id>
         <origin>0x0</origin>
         <length>0x40000</length>
         <used_space>0x1e0e</used_space>
         <unused_space>0x3e1f2</unused_space>
         <attributes>RX</attributes>
         <usage_details>
            <allocated_space>
               <start_address>0x0</start_address>
               <size>0x26c</size>
               <logical_group_ref idref="lg-3"/>
            </allocated_space>
            <allocated_space>
               <start_address>0x26c</start_address>
               <size>0x1846</size>
               <logical_group_ref idref="lg-4"/>
            </allocated_space>
            <available_space>
               <start_address>0x1ab2</start_address>
               <size>0x6</size>
            </available_space>
            <allocated_space>
               <start_address>0x1ab8</start_address>
               <size>0x33c</size>
               <logical_group_ref idref="lg-5"/>
            </allocated_space>
            <available_space>
               <start_address>0x1df4</start_address>
               <size>0x4</size>
            </available_space>
            <allocated_space>
               <start_address>0x1df8</start_address>
               <size>0x20</size>
               <logical_group_ref idref="lg-6"/>
            </allocated_space>
            <available_space>
               <start_address>0x1e18</start_address>
               <size>0x3e1e8</size>
            </available_space>
         </usage_details>
      </memory_area>
      <memory_area display="yes" color="green">
         <name>SRAM</name>
         <page_id>0x0</page_id>
         <origin>0x20000000</origin>
         <length>0x8000</length>
         <used_space>0x224</used_space>
         <unused_space>0x7ddc</unused_space>
         <attributes>RWX</attributes>
         <usage_details>
            <allocated_space>
               <start_address>0x20000000</start_address>
               <size>0x0</size>
               <logical_group_ref idref="lg-31f"/>
            </allocated_space>
            <allocated_space>
               <start_address>0x20000000</start_address>
               <size>0x200</size>
               <logical_group_ref idref="lg-d"/>
            </allocated_space>
            <allocated_space>
               <start_address>0x20000200</start_address>
               <size>0x24</size>
               <logical_group_ref idref="lg-a"/>
            </allocated_space>
            <available_space>
               <start_address>0x20000224</start_address>
               <size>0x7ddc</size>
            </available_space>
         </usage_details>
      </memory_area>
   </placement_map>
   <cptbl_list>
      <cptbl>
         <name>__TI_cinit_table</name>
         <cprec>
            <name>.data</name>
            <load_address>0x1df8</load_address>
            <load_size>0x10</load_size>
            <run_address>0x20000200</run_address>
            <run_size>0x24</run_size>
            <compression>lzss</compression>
         </cprec>
      </cptbl>
   </cptbl_list>
   <handler_table>
      <handler_table_name>__TI_handler_table</handler_table_name>
      <handler>
         <index>0x0</index>
         <name>__TI_decompress_lzss</name>
      </handler>
      <handler>
         <index>0x1</index>
         <name>__TI_decompress_none</name>
      </handler>
   </handler_table>
   <symbol_table>
      <symbol id="sm-1">
         <name>__STACK_TOP</name>
         <value>0x20000200</value>
      </symbol>
      <symbol id="sm-2">
         <name>__start___llvm_prf_cnts</name>
         <value>0x20000000</value>
      </symbol>
      <symbol id="sm-3">
         <name>__stop___llvm_prf_cnts</name>
         <value>0x20000000</value>
      </symbol>
      <symbol id="sm-4">
         <name>__TI_CINIT_Base</name>
         <value>0x1e10</value>
      </symbol>
      <symbol id="sm-5">
         <name>__TI_CINIT_Limit</name>
         <value>0x1e18</value>
      </symbol>
      <symbol id="sm-6">
         <name>__TI_Handler_Table_Base</name>
         <value>0x1e08</value>
      </symbol>
      <symbol id="sm-7">
         <name>__TI_Handler_Table_Limit</name>
         <value>0x1e10</value>
      </symbol>
      <symbol id="sm-8">
         <name>binit</name>
         <value>0xffffffff</value>
      </symbol>
      <symbol id="sm-9">
         <name>__binit__</name>
         <value>0xffffffff</value>
      </symbol>
      <symbol id="sm-a">
         <name>__STACK_SIZE</name>
         <value>0x200</value>
      </symbol>
      <symbol id="sm-b">
         <name>__STACK_END</name>
         <value>0x20000200</value>
      </symbol>
      <symbol id="sm-c">
         <name>__c_args__</name>
         <value>0xffffffff</value>
      </symbol>
      <symbol id="sm-d">
         <name>__TI_pprof_out_hndl</name>
         <value>0xffffffff</value>
      </symbol>
      <symbol id="sm-e">
         <name>__TI_prof_data_start</name>
         <value>0xffffffff</value>
      </symbol>
      <symbol id="sm-f">
         <name>__TI_prof_data_size</name>
         <value>0xffffffff</value>
      </symbol>
      <symbol id="sm-8b">
         <name>num_coef_grab</name>
         <value>0x20000214</value>
         <object_component_ref idref="oc-158"/>
      </symbol>
      <symbol id="sm-8c">
         <name>InitUART</name>
         <value>0x7b9</value>
         <object_component_ref idref="oc-2d"/>
      </symbol>
      <symbol id="sm-8d">
         <name>cont</name>
         <value>0x2000020c</value>
         <object_component_ref idref="oc-158"/>
      </symbol>
      <symbol id="sm-8e">
         <name>num_muestras_grab</name>
         <value>0x2000021c</value>
         <object_component_ref idref="oc-158"/>
      </symbol>
      <symbol id="sm-8f">
         <name>i</name>
         <value>0x20000208</value>
         <object_component_ref idref="oc-158"/>
      </symbol>
      <symbol id="sm-90">
         <name>UARTIntHandler</name>
         <value>0x7fb</value>
         <object_component_ref idref="oc-2d"/>
      </symbol>
      <symbol id="sm-91">
         <name>main</name>
         <value>0x915</value>
         <object_component_ref idref="oc-2d"/>
      </symbol>
      <symbol id="sm-92">
         <name>y_n</name>
         <value>0x20000200</value>
         <object_component_ref idref="oc-158"/>
      </symbol>
      <symbol id="sm-93">
         <name>salida</name>
         <value>0x2000020e</value>
         <object_component_ref idref="oc-158"/>
      </symbol>
      <symbol id="sm-94">
         <name>num_muestras_ond</name>
         <value>0x20000218</value>
         <object_component_ref idref="oc-158"/>
      </symbol>
      <symbol id="sm-95">
         <name>modo</name>
         <value>0x20000210</value>
         <object_component_ref idref="oc-158"/>
      </symbol>
      <symbol id="sm-96">
         <name>Timer0IntHandler</name>
         <value>0x84f</value>
         <object_component_ref idref="oc-2d"/>
      </symbol>
      <symbol id="sm-97">
         <name>x_n</name>
         <value>0x20000204</value>
         <object_component_ref idref="oc-158"/>
      </symbol>
      <symbol id="sm-98">
         <name>Timer1IntHandler</name>
         <value>0x8b3</value>
         <object_component_ref idref="oc-2d"/>
      </symbol>
      <symbol id="sm-99">
         <name>UARTInt</name>
         <value>0x6cd</value>
         <object_component_ref idref="oc-2d"/>
      </symbol>
      <symbol id="sm-ba">
         <name>ResetISR</name>
         <value>0x1a3d</value>
         <object_component_ref idref="oc-27"/>
      </symbol>
      <symbol id="sm-bb">
         <name>g_pfnVectors</name>
         <value>0x0</value>
         <object_component_ref idref="oc-12"/>
      </symbol>
      <symbol id="sm-107">
         <name>ADCProcessorTrigger</name>
         <value>0x1919</value>
         <object_component_ref idref="oc-d4"/>
      </symbol>
      <symbol id="sm-108">
         <name>ADCSequenceEnable</name>
         <value>0x19eb</value>
         <object_component_ref idref="oc-104"/>
      </symbol>
      <symbol id="sm-109">
         <name>ADCSequenceConfigure</name>
         <value>0x1669</value>
         <object_component_ref idref="oc-f8"/>
      </symbol>
      <symbol id="sm-10a">
         <name>ADCSequenceStepConfigure</name>
         <value>0x144f</value>
         <object_component_ref idref="oc-fe"/>
      </symbol>
      <symbol id="sm-10b">
         <name>ADCIntClear</name>
         <value>0x1a49</value>
         <object_component_ref idref="oc-e0"/>
      </symbol>
      <symbol id="sm-10c">
         <name>ADCIntStatus</name>
         <value>0x1869</value>
         <object_component_ref idref="oc-da"/>
      </symbol>
      <symbol id="sm-10d">
         <name>ADCSequenceDataGet</name>
         <value>0x18e1</value>
         <object_component_ref idref="oc-e6"/>
      </symbol>
      <symbol id="sm-15f">
         <name>GPIOPinConfigure</name>
         <value>0x16b9</value>
         <object_component_ref idref="oc-13a"/>
      </symbol>
      <symbol id="sm-160">
         <name>GPIOPinTypeADC</name>
         <value>0x195d</value>
         <object_component_ref idref="oc-f2"/>
      </symbol>
      <symbol id="sm-161">
         <name>GPIOPinTypeGPIOInput</name>
         <value>0x196f</value>
         <object_component_ref idref="oc-134"/>
      </symbol>
      <symbol id="sm-162">
         <name>GPIOPinTypeUART</name>
         <value>0x1993</value>
         <object_component_ref idref="oc-87"/>
      </symbol>
      <symbol id="sm-163">
         <name>GPIOPinTypeGPIOOutput</name>
         <value>0x1931</value>
         <object_component_ref idref="oc-12e"/>
      </symbol>
      <symbol id="sm-164">
         <name>GPIODirModeSet</name>
         <value>0x1897</value>
         <object_component_ref idref="oc-1a9"/>
      </symbol>
      <symbol id="sm-165">
         <name>GPIOPadConfigSet</name>
         <value>0xde9</value>
         <object_component_ref idref="oc-1af"/>
      </symbol>
      <symbol id="sm-166">
         <name>GPIOPinTypeSSI</name>
         <value>0x1981</value>
         <object_component_ref idref="oc-140"/>
      </symbol>
      <symbol id="sm-196">
         <name>IntEnable</name>
         <value>0x1539</value>
         <object_component_ref idref="oc-99"/>
      </symbol>
      <symbol id="sm-197">
         <name>IntMasterEnable</name>
         <value>0x19db</value>
         <object_component_ref idref="oc-10a"/>
      </symbol>
      <symbol id="sm-1c7">
         <name>SSIDataPut</name>
         <value>0x1a53</value>
         <object_component_ref idref="oc-c8"/>
      </symbol>
      <symbol id="sm-1c8">
         <name>SSIDataGetNonBlocking</name>
         <value>0x19a5</value>
         <object_component_ref idref="oc-152"/>
      </symbol>
      <symbol id="sm-1c9">
         <name>SSIConfigSetExpClk</name>
         <value>0x178d</value>
         <object_component_ref idref="oc-146"/>
      </symbol>
      <symbol id="sm-1ca">
         <name>SSIEnable</name>
         <value>0x1a5d</value>
         <object_component_ref idref="oc-14c"/>
      </symbol>
      <symbol id="sm-1cb">
         <name>SSIBusy</name>
         <value>0x1a7b</value>
         <object_component_ref idref="oc-ce"/>
      </symbol>
      <symbol id="sm-228">
         <name>SysCtlClockSet</name>
         <value>0x1239</value>
         <object_component_ref idref="oc-ec"/>
      </symbol>
      <symbol id="sm-229">
         <name>SysCtlDelay</name>
         <value>0x1a9d</value>
         <object_component_ref idref="oc-80"/>
      </symbol>
      <symbol id="sm-22a">
         <name>SysCtlPeripheralEnable</name>
         <value>0x1801</value>
         <object_component_ref idref="oc-81"/>
      </symbol>
      <symbol id="sm-22b">
         <name>SysCtlClockGet</name>
         <value>0xf1d</value>
         <object_component_ref idref="oc-7a"/>
      </symbol>
      <symbol id="sm-22c">
         <name>SysCtlPeripheralReady</name>
         <value>0x17c9</value>
         <object_component_ref idref="oc-128"/>
      </symbol>
      <symbol id="sm-260">
         <name>TimerLoadSet</name>
         <value>0x19b7</value>
         <object_component_ref idref="oc-116"/>
      </symbol>
      <symbol id="sm-261">
         <name>TimerEnable</name>
         <value>0x19f9</value>
         <object_component_ref idref="oc-122"/>
      </symbol>
      <symbol id="sm-262">
         <name>TimerIntEnable</name>
         <value>0x1a83</value>
         <object_component_ref idref="oc-11c"/>
      </symbol>
      <symbol id="sm-263">
         <name>TimerConfigure</name>
         <value>0x1609</value>
         <object_component_ref idref="oc-110"/>
      </symbol>
      <symbol id="sm-264">
         <name>TimerIntClear</name>
         <value>0x1aa3</value>
         <object_component_ref idref="oc-c2"/>
      </symbol>
      <symbol id="sm-2b6">
         <name>UARTConfigSetExpClk</name>
         <value>0x1701</value>
         <object_component_ref idref="oc-8d"/>
      </symbol>
      <symbol id="sm-2b7">
         <name>UARTDisable</name>
         <value>0x18c1</value>
         <object_component_ref idref="oc-1b6"/>
      </symbol>
      <symbol id="sm-2b8">
         <name>UARTIntEnable</name>
         <value>0x1a8b</value>
         <object_component_ref idref="oc-93"/>
      </symbol>
      <symbol id="sm-2b9">
         <name>UARTCharsAvail</name>
         <value>0x1a15</value>
         <object_component_ref idref="oc-b1"/>
      </symbol>
      <symbol id="sm-2ba">
         <name>UARTCharGetNonBlocking</name>
         <value>0x1a07</value>
         <object_component_ref idref="oc-ab"/>
      </symbol>
      <symbol id="sm-2bb">
         <name>UARTCharPut</name>
         <value>0x1a67</value>
         <object_component_ref idref="oc-74"/>
      </symbol>
      <symbol id="sm-2bc">
         <name>UARTEnable</name>
         <value>0x1949</value>
         <object_component_ref idref="oc-1bc"/>
      </symbol>
      <symbol id="sm-2bd">
         <name>UARTIntClear</name>
         <value>0x1aa7</value>
         <object_component_ref idref="oc-a5"/>
      </symbol>
      <symbol id="sm-2be">
         <name>UARTIntStatus</name>
         <value>0x1a71</value>
         <object_component_ref idref="oc-9f"/>
      </symbol>
      <symbol id="sm-2c8">
         <name>CPUcpsie</name>
         <value>0x1a31</value>
         <object_component_ref idref="oc-1e6"/>
      </symbol>
      <symbol id="sm-2d4">
         <name>__aeabi_d2f</name>
         <value>0x14c9</value>
         <object_component_ref idref="oc-bd"/>
      </symbol>
      <symbol id="sm-2ed">
         <name>__TI_decompress_none</name>
         <value>0x1a23</value>
         <object_component_ref idref="oc-1b"/>
      </symbol>
      <symbol id="sm-310">
         <name>__TI_decompress_lzss</name>
         <value>0x15a1</value>
         <object_component_ref idref="oc-15"/>
      </symbol>
      <symbol id="sm-31d">
         <name>atof</name>
         <value>0x19c9</value>
         <object_component_ref idref="oc-b7"/>
      </symbol>
      <symbol id="sm-37d">
         <name>strtold</name>
         <value>0x26d</value>
         <object_component_ref idref="oc-1cd"/>
      </symbol>
      <symbol id="sm-37e">
         <name>strtod</name>
         <value>0x26d</value>
         <object_component_ref idref="oc-1cd"/>
      </symbol>
      <symbol id="sm-394">
         <name>__aeabi_errno_addr</name>
         <value>0x1a95</value>
         <object_component_ref idref="oc-280"/>
      </symbol>
      <symbol id="sm-395">
         <name>errno</name>
         <value>0x20000220</value>
         <object_component_ref idref="oc-2c6"/>
      </symbol>
      <symbol id="sm-3a8">
         <name>__stack</name>
         <value>0x20000000</value>
         <object_component_ref idref="oc-24"/>
      </symbol>
      <symbol id="sm-3a9">
         <name>_c_int00_noargs</name>
         <value>0x1835</value>
         <object_component_ref idref="oc-5f"/>
      </symbol>
      <symbol id="sm-3d0">
         <name>scalbn</name>
         <value>0x102d</value>
         <object_component_ref idref="oc-286"/>
      </symbol>
      <symbol id="sm-3d1">
         <name>scalbnl</name>
         <value>0x102d</value>
         <object_component_ref idref="oc-286"/>
      </symbol>
      <symbol id="sm-3d2">
         <name>ldexpl</name>
         <value>0x102d</value>
         <object_component_ref idref="oc-286"/>
      </symbol>
      <symbol id="sm-3d3">
         <name>ldexp</name>
         <value>0x102d</value>
         <object_component_ref idref="oc-286"/>
      </symbol>
      <symbol id="sm-3eb">
         <name>__aeabi_dsub</name>
         <value>0xafd</value>
         <object_component_ref idref="oc-271"/>
      </symbol>
      <symbol id="sm-3ec">
         <name>__aeabi_dadd</name>
         <value>0xb07</value>
         <object_component_ref idref="oc-271"/>
      </symbol>
      <symbol id="sm-3fe">
         <name>__aeabi_cdcmpeq</name>
         <value>0x13c9</value>
         <object_component_ref idref="oc-276"/>
      </symbol>
      <symbol id="sm-3ff">
         <name>__aeabi_cdcmple</name>
         <value>0x13c9</value>
         <object_component_ref idref="oc-276"/>
      </symbol>
      <symbol id="sm-413">
         <name>__aeabi_ddiv</name>
         <value>0xcb3</value>
         <object_component_ref idref="oc-27b"/>
      </symbol>
      <symbol id="sm-41e">
         <name>__aeabi_dmul</name>
         <value>0x113d</value>
         <object_component_ref idref="oc-26c"/>
      </symbol>
      <symbol id="sm-439">
         <name>memcpy</name>
         <value>0x132d</value>
         <object_component_ref idref="oc-41"/>
      </symbol>
      <symbol id="sm-43a">
         <name>__aeabi_memcpy</name>
         <value>0x132d</value>
         <object_component_ref idref="oc-41"/>
      </symbol>
      <symbol id="sm-43b">
         <name>__aeabi_memcpy8</name>
         <value>0x132d</value>
         <object_component_ref idref="oc-41"/>
      </symbol>
      <symbol id="sm-43c">
         <name>__aeabi_memcpy4</name>
         <value>0x132d</value>
         <object_component_ref idref="oc-41"/>
      </symbol>
      <symbol id="sm-465">
         <name>__TI_auto_init_nobinit_nopinit</name>
         <value>0x1749</value>
         <object_component_ref idref="oc-227"/>
      </symbol>
      <symbol id="sm-46f">
         <name>_system_pre_init</name>
         <value>0x1aab</value>
         <object_component_ref idref="oc-18a"/>
      </symbol>
      <symbol id="sm-47b">
         <name>C$$EXIT</name>
         <value>0x1aaf</value>
         <object_component_ref idref="oc-21b"/>
      </symbol>
      <symbol id="sm-47c">
         <name>abort</name>
         <value>0x1aaf</value>
         <object_component_ref idref="oc-21b"/>
      </symbol>
      <symbol id="sm-489">
         <name>_ctypes_</name>
         <value>0x1ab8</value>
         <object_component_ref idref="oc-28c"/>
      </symbol>
      <symbol id="sm-493">
         <name>copysign</name>
         <value>0x18ff</value>
         <object_component_ref idref="oc-2cb"/>
      </symbol>
      <symbol id="sm-494">
         <name>copysignl</name>
         <value>0x18ff</value>
         <object_component_ref idref="oc-2cb"/>
      </symbol>
      <symbol id="sm-495">
         <name>__TI_static_base__</name>
         <value>0x0</value>
      </symbol>
      <symbol id="sm-498">
         <name>__mpu_init</name>
         <value>0x0</value>
      </symbol>
      <symbol id="sm-499">
         <name>_system_post_cinit</name>
         <value>0x0</value>
      </symbol>
   </symbol_table>
   <title>Link successful</title>
</link_info>
