******************************************************************************
                  TI ARM Linker PC v20.2.5                     
******************************************************************************
>> Linked Tue May 10 17:32:21 2022

OUTPUT FILE NAME:   <laboratorio12.out>
ENTRY POINT SYMBOL: "_c_int00_noargs"  address: 0000145d


MEMORY CONFIGURATION

         name            origin    length      used     unused   attr    fill
----------------------  --------  ---------  --------  --------  ----  --------
  FLASH                 00000000   00040000  000017b6  0003e84a  R  X
  SRAM                  20000000   00008000  0000021d  00007de3  RW X


SEGMENT ALLOCATION MAP

run origin  load origin   length   init length attrs members
----------  ----------- ---------- ----------- ----- -------
00000000    00000000    000017b8   000017b8    r-x
  00000000    00000000    0000026c   0000026c    r-- .intvecs
  0000026c    0000026c    00001396   00001396    r-x .text
  00001604    00001604    0000019c   0000019c    r-- .const
  000017a0    000017a0    00000018   00000018    r-- .cinit
20000000    20000000    0000021d   00000000    rw-
  20000000    20000000    00000200   00000000    rw- .stack
  20000200    20000200    0000001d   00000000    rw- .data


SECTION ALLOCATION MAP

 output                                  attributes/
section   page    origin      length       input sections
--------  ----  ----------  ----------   ----------------
.intvecs   0    00000000    0000026c     
                  00000000    0000026c     tm4c123gh6pm_startup_ccs.obj (.intvecs)

.text      0    0000026c    00001396     
                  0000026c    000004dc     uartstdio.obj (.text)
                  00000748    000002b8     main.obj (.text)
                  00000a00    000001b6     rtsv7M4_T_le_v4SPD16_eabi.lib : fd_add_t2.asm.obj (.text)
                  00000bb6    00000132     driverlib.lib : gpio.obj (.text:GPIOPadConfigSet)
                  00000ce8    00000110                   : sysctl.obj (.text:SysCtlClockGet)
                  00000df8    000000fc     rtsv7M4_T_le_v4SPD16_eabi.lib : fd_mul_t2.asm.obj (.text)
                  00000ef4    000000f4     driverlib.lib : sysctl.obj (.text:SysCtlClockSet)
                  00000fe8    0000009c     rtsv7M4_T_le_v4SPD16_eabi.lib : memcpy_t2.asm.obj (.text)
                  00001084    0000007a     driverlib.lib : adc.obj (.text:ADCSequenceStepConfigure)
                  000010fe    0000006e     rtsv7M4_T_le_v4SPD16_eabi.lib : fd_tos_t2.asm.obj (.text)
                  0000116c    00000068     driverlib.lib : interrupt.obj (.text:IntEnable)
                  000011d4    00000068     rtsv7M4_T_le_v4SPD16_eabi.lib : copy_decompress_lzss.c.obj (.text:decompress:lzss:__TI_decompress_lzss)
                  0000123c    00000060     driverlib.lib : timer.obj (.text:TimerConfigure)
                  0000129c    00000050                   : adc.obj (.text:ADCSequenceConfigure)
                  000012ec    00000048                   : gpio.obj (.text:GPIOPinConfigure)
                  00001334    00000044     rtsv7M4_T_le_v4SPD16_eabi.lib : autoinit.c.obj (.text:__TI_auto_init_nobinit_nopinit:__TI_auto_init_nobinit_nopinit)
                  00001378    00000040                                   : u_divt2.asm.obj (.text)
                  000013b8    00000038     driverlib.lib : sysctl.obj (.text:SysCtlPeripheralReady)
                  000013f0    00000038     rtsv7M4_T_le_v4SPD16_eabi.lib : fs_tod_t2.asm.obj (.text)
                  00001428    00000034     driverlib.lib : sysctl.obj (.text:SysCtlPeripheralEnable)
                  0000145c    00000034     rtsv7M4_T_le_v4SPD16_eabi.lib : boot_cortex_m.c.obj (.text:_c_int00_noargs:_c_int00_noargs)
                  00001490    0000002e     driverlib.lib : adc.obj (.text:ADCIntStatus)
                  000014be    0000002a                   : gpio.obj (.text:GPIODirModeSet)
                  000014e8    0000001e                   : adc.obj (.text:ADCSequenceDataGet)
                  00001506    00000018                   : adc.obj (.text:ADCProcessorTrigger)
                  0000151e    00000018                   : gpio.obj (.text:GPIOPinTypeGPIOOutput)
                  00001536    00000012                   : gpio.obj (.text:GPIOPinTypeADC)
                  00001548    00000012                   : gpio.obj (.text:GPIOPinTypeGPIOInput)
                  0000155a    00000012                   : gpio.obj (.text:GPIOPinTypeUART)
                  0000156c    00000012                   : timer.obj (.text:TimerLoadSet)
                  0000157e    00000010                   : interrupt.obj (.text:IntMasterEnable)
                  0000158e    0000000e                   : adc.obj (.text:ADCSequenceEnable)
                  0000159c    0000000e                   : timer.obj (.text:TimerEnable)
                  000015aa    0000000e     rtsv7M4_T_le_v4SPD16_eabi.lib : copy_decompress_none.c.obj (.text:decompress:none:__TI_decompress_none)
                  000015b8    0000000c     driverlib.lib : cpu.obj (.text:CPUcpsie)
                  000015c4    0000000c     tm4c123gh6pm_startup_ccs.obj (.text)
                  000015d0    0000000a     driverlib.lib : adc.obj (.text:ADCIntClear)
                  000015da    00000008                   : timer.obj (.text:TimerIntEnable)
                  000015e2    00000006                   : gpio.obj (.text:GPIOPinWrite)
                  000015e8    00000006                   : sysctl.obj (.text:SysCtlDelay)
                  000015ee    00000006                   : uart.obj (.text:UARTClockSourceSet)
                  000015f4    00000004                   : timer.obj (.text:TimerIntClear)
                  000015f8    00000004     rtsv7M4_T_le_v4SPD16_eabi.lib : pre_init.c.obj (.text:_system_pre_init)
                  000015fc    00000004                                   : exit.c.obj (.text:abort:abort)
                  00001600    00000002                                   : div0.asm.obj (.text)

.const     0    00001604    0000019c     
                  00001604    00000090     driverlib.lib : gpio.obj (.const:g_pui32GPIOBaseAddrs)
                  00001694    00000070                   : interrupt.obj (.const)
                  00001704    0000006c                   : sysctl.obj (.const:g_pui32Xtals)
                  00001770    00000012     uartstdio.obj (.const:.string)
                  00001782    00000002     --HOLE-- [fill = 0]
                  00001784    0000000c     uartstdio.obj (.const:g_ui32UARTBase)
                  00001790    0000000c     uartstdio.obj (.const:g_ui32UARTPeriph)
                  0000179c    00000004     uartstdio.obj (.const)

.cinit     0    000017a0    00000018     
                  000017a0    00000008     (.cinit..data.load) [load image, compression = lzss]
                  000017a8    00000008     (__TI_handler_table)
                  000017b0    00000008     (__TI_cinit_table)

.init_array 
*          0    00000000    00000000     UNINITIALIZED

.data      0    20000200    0000001d     UNINITIALIZED
                  20000200    00000018     main.obj (.data)
                  20000218    00000005     uartstdio.obj (.data)

.stack     0    20000000    00000200     UNINITIALIZED
                  20000000    00000004     rtsv7M4_T_le_v4SPD16_eabi.lib : boot_cortex_m.c.obj (.stack)
                  20000004    000001fc     --HOLE--

__llvm_prf_cnts 
*          0    20000000    00000000     UNINITIALIZED

MODULE SUMMARY

       Module                         code   ro data   rw data
       ------                         ----   -------   -------
    .\
       uartstdio.obj                  1244   46        5      
       main.obj                       696    0         24     
       tm4c123gh6pm_startup_ccs.obj   12     620       0      
    +--+------------------------------+------+---------+---------+
       Total:                         1952   666       29     
                                                              
    C:/ti/TivaWare_C_Series-2.1.4.178/driverlib/ccs/Debug/driverlib.lib
       sysctl.obj                     630    108       0      
       gpio.obj                       504    144       0      
       adc.obj                        326    0         0      
       interrupt.obj                  120    112       0      
       timer.obj                      140    0         0      
       cpu.obj                        12     0         0      
       uart.obj                       6      0         0      
    +--+------------------------------+------+---------+---------+
       Total:                         1738   364       0      
                                                              
    C:\ti\ccs1031\ccs\tools\compiler\ti-cgt-arm_20.2.5.LTS\lib\rtsv7M4_T_le_v4SPD16_eabi.lib
       fd_add_t2.asm.obj              438    0         0      
       fd_mul_t2.asm.obj              252    0         0      
       memcpy_t2.asm.obj              156    0         0      
       fd_tos_t2.asm.obj              110    0         0      
       copy_decompress_lzss.c.obj     104    0         0      
       autoinit.c.obj                 68     0         0      
       u_divt2.asm.obj                64     0         0      
       fs_tod_t2.asm.obj              56     0         0      
       boot_cortex_m.c.obj            52     0         0      
       copy_decompress_none.c.obj     14     0         0      
       exit.c.obj                     4      0         0      
       pre_init.c.obj                 4      0         0      
       div0.asm.obj                   2      0         0      
    +--+------------------------------+------+---------+---------+
       Total:                         1324   0         0      
                                                              
       Stack:                         0      0         512    
       Linker Generated:              0      24        0      
    +--+------------------------------+------+---------+---------+
       Grand Total:                   5014   1054      541    


LINKER GENERATED COPY TABLES

__TI_cinit_table @ 000017b0 records: 1, size/record: 8, table size: 8
	.data: load addr=000017a0, load size=00000008 bytes, run addr=20000200, run size=0000001d bytes, compression=lzss


LINKER GENERATED HANDLER TABLE

__TI_handler_table @ 000017a8 records: 2, size/record: 4, table size: 8
	index: 0, handler: __TI_decompress_lzss
	index: 1, handler: __TI_decompress_none


GLOBAL SYMBOLS: SORTED ALPHABETICALLY BY Name 

address   name                          
-------   ----                          
000015d1  ADCIntClear                   
00001491  ADCIntStatus                  
00001507  ADCProcessorTrigger           
0000129d  ADCSequenceConfigure          
000014e9  ADCSequenceDataGet            
0000158f  ADCSequenceEnable             
00001085  ADCSequenceStepConfigure      
000015fd  C$$EXIT                       
000015b9  CPUcpsie                      
000014bf  GPIODirModeSet                
00000bb7  GPIOPadConfigSet              
000012ed  GPIOPinConfigure              
00001537  GPIOPinTypeADC                
00001549  GPIOPinTypeGPIOInput          
0000151f  GPIOPinTypeGPIOOutput         
0000155b  GPIOPinTypeUART               
000015e3  GPIOPinWrite                  
0000086b  InitConsole                   
0000116d  IntEnable                     
0000157f  IntMasterEnable               
000015c5  ResetISR                      
00000ce9  SysCtlClockGet                
00000ef5  SysCtlClockSet                
000015e9  SysCtlDelay                   
00001429  SysCtlPeripheralEnable        
000013b9  SysCtlPeripheralReady         
00000749  Timer0IntHandler              
0000123d  TimerConfigure                
0000159d  TimerEnable                   
000015f5  TimerIntClear                 
000015db  TimerIntEnable                
0000156d  TimerLoadSet                  
000015ef  UARTClockSourceSet            
0000026d  UARTStdioConfig               
000003e5  UARTgetc                      
0000031f  UARTgets                      
00000713  UARTprintf                    
00000419  UARTvprintf                   
000002cd  UARTwrite                     
20000200  __STACK_END                   
00000200  __STACK_SIZE                  
20000200  __STACK_TOP                   
000017b0  __TI_CINIT_Base               
000017b8  __TI_CINIT_Limit              
000017a8  __TI_Handler_Table_Base       
000017b0  __TI_Handler_Table_Limit      
00001335  __TI_auto_init_nobinit_nopinit
000011d5  __TI_decompress_lzss          
000015ab  __TI_decompress_none          
ffffffff  __TI_pprof_out_hndl           
ffffffff  __TI_prof_data_size           
ffffffff  __TI_prof_data_start          
00000000  __TI_static_base__            
000010ff  __aeabi_d2f                   
00000a0b  __aeabi_dadd                  
00000df9  __aeabi_dmul                  
00000a01  __aeabi_dsub                  
000013f1  __aeabi_f2d                   
00001601  __aeabi_idiv0                 
00001601  __aeabi_ldiv0                 
00000fe9  __aeabi_memcpy                
00000fe9  __aeabi_memcpy4               
00000fe9  __aeabi_memcpy8               
00001379  __aeabi_uidiv                 
00001379  __aeabi_uidivmod              
ffffffff  __binit__                     
ffffffff  __c_args__                    
UNDEFED   __mpu_init                    
20000000  __stack                       
20000000  __start___llvm_prf_cnts       
20000000  __stop___llvm_prf_cnts        
0000145d  _c_int00_noargs               
UNDEFED   _system_post_cinit            
000015f9  _system_pre_init              
000015fd  abort                         
ffffffff  binit                         
00000000  g_pfnVectors                  
000008a7  main                          
00000fe9  memcpy                        
20000200  x_n                           
20000204  x_n_1                         
20000208  y1_n                          
2000020c  y1_n_1                        
20000210  y2_n                          
20000214  y2_n_1                        


GLOBAL SYMBOLS: SORTED BY Symbol Address 

address   name                          
-------   ----                          
00000000  __TI_static_base__            
00000000  g_pfnVectors                  
00000200  __STACK_SIZE                  
0000026d  UARTStdioConfig               
000002cd  UARTwrite                     
0000031f  UARTgets                      
000003e5  UARTgetc                      
00000419  UARTvprintf                   
00000713  UARTprintf                    
00000749  Timer0IntHandler              
0000086b  InitConsole                   
000008a7  main                          
00000a01  __aeabi_dsub                  
00000a0b  __aeabi_dadd                  
00000bb7  GPIOPadConfigSet              
00000ce9  SysCtlClockGet                
00000df9  __aeabi_dmul                  
00000ef5  SysCtlClockSet                
00000fe9  __aeabi_memcpy                
00000fe9  __aeabi_memcpy4               
00000fe9  __aeabi_memcpy8               
00000fe9  memcpy                        
00001085  ADCSequenceStepConfigure      
000010ff  __aeabi_d2f                   
0000116d  IntEnable                     
000011d5  __TI_decompress_lzss          
0000123d  TimerConfigure                
0000129d  ADCSequenceConfigure          
000012ed  GPIOPinConfigure              
00001335  __TI_auto_init_nobinit_nopinit
00001379  __aeabi_uidiv                 
00001379  __aeabi_uidivmod              
000013b9  SysCtlPeripheralReady         
000013f1  __aeabi_f2d                   
00001429  SysCtlPeripheralEnable        
0000145d  _c_int00_noargs               
00001491  ADCIntStatus                  
000014bf  GPIODirModeSet                
000014e9  ADCSequenceDataGet            
00001507  ADCProcessorTrigger           
0000151f  GPIOPinTypeGPIOOutput         
00001537  GPIOPinTypeADC                
00001549  GPIOPinTypeGPIOInput          
0000155b  GPIOPinTypeUART               
0000156d  TimerLoadSet                  
0000157f  IntMasterEnable               
0000158f  ADCSequenceEnable             
0000159d  TimerEnable                   
000015ab  __TI_decompress_none          
000015b9  CPUcpsie                      
000015c5  ResetISR                      
000015d1  ADCIntClear                   
000015db  TimerIntEnable                
000015e3  GPIOPinWrite                  
000015e9  SysCtlDelay                   
000015ef  UARTClockSourceSet            
000015f5  TimerIntClear                 
000015f9  _system_pre_init              
000015fd  C$$EXIT                       
000015fd  abort                         
00001601  __aeabi_idiv0                 
00001601  __aeabi_ldiv0                 
000017a8  __TI_Handler_Table_Base       
000017b0  __TI_CINIT_Base               
000017b0  __TI_Handler_Table_Limit      
000017b8  __TI_CINIT_Limit              
20000000  __stack                       
20000000  __start___llvm_prf_cnts       
20000000  __stop___llvm_prf_cnts        
20000200  __STACK_END                   
20000200  __STACK_TOP                   
20000200  x_n                           
20000204  x_n_1                         
20000208  y1_n                          
2000020c  y1_n_1                        
20000210  y2_n                          
20000214  y2_n_1                        
ffffffff  __TI_pprof_out_hndl           
ffffffff  __TI_prof_data_size           
ffffffff  __TI_prof_data_start          
ffffffff  __binit__                     
ffffffff  __c_args__                    
ffffffff  binit                         
UNDEFED   __mpu_init                    
UNDEFED   _system_post_cinit            

[85 symbols]
