******************************************************************************
                  TI ARM Linker PC v20.2.5                     
******************************************************************************
>> Linked Thu May 12 16:19:52 2022

OUTPUT FILE NAME:   <proyecto.out>
ENTRY POINT SYMBOL: "_c_int00_noargs"  address: 000012ad


MEMORY CONFIGURATION

         name            origin    length      used     unused   attr    fill
----------------------  --------  ---------  --------  --------  ----  --------
  FLASH                 00000000   00040000  0000166a  0003e996  R  X
  SRAM                  20000000   00008000  000009f9  00007607  RW X


SEGMENT ALLOCATION MAP

run origin  load origin   length   init length attrs members
----------  ----------- ---------- ----------- ----- -------
00000000    00000000    00001670   00001670    r-x
  00000000    00000000    0000026c   0000026c    r-- .intvecs
  0000026c    0000026c    0000122a   0000122a    r-x .text
  00001498    00001498    0000019c   0000019c    r-- .const
  00001638    00001638    00000038   00000038    r-- .cinit
20000000    20000000    000009fd   00000000    rw-
  20000000    20000000    000007d4   00000000    rw- .bss
  200007d8    200007d8    00000200   00000000    rw- .stack
  200009d8    200009d8    00000025   00000000    rw- .data


SECTION ALLOCATION MAP

 output                                  attributes/
section   page    origin      length       input sections
--------  ----  ----------  ----------   ----------------
.intvecs   0    00000000    0000026c     
                  00000000    0000026c     tm4c123gh6pm_startup_ccs.obj (.intvecs)

.text      0    0000026c    0000122a     
                  0000026c    000004dc     uartstdio.obj (.text)
                  00000748    00000370     proyecto.obj (.text)
                  00000ab8    00000132     driverlib.lib : gpio.obj (.text:GPIOPadConfigSet)
                  00000bea    00000002     rtsv7M4_T_le_v4SPD16_eabi.lib : div0.asm.obj (.text)
                  00000bec    00000110     driverlib.lib : sysctl.obj (.text:SysCtlClockGet)
                  00000cfc    000000f4                   : sysctl.obj (.text:SysCtlClockSet)
                  00000df0    0000009c     rtsv7M4_T_le_v4SPD16_eabi.lib : memcpy_t2.asm.obj (.text)
                  00000e8c    0000007a     driverlib.lib : adc.obj (.text:ADCSequenceStepConfigure)
                  00000f06    0000007a     rtsv7M4_T_le_v4SPD16_eabi.lib : memset_t2.asm.obj (.text)
                  00000f80    00000068     driverlib.lib : interrupt.obj (.text:IntEnable)
                  00000fe8    00000068     rtsv7M4_T_le_v4SPD16_eabi.lib : copy_decompress_lzss.c.obj (.text:decompress:lzss:__TI_decompress_lzss)
                  00001050    00000060     driverlib.lib : timer.obj (.text:TimerConfigure)
                  000010b0    00000050                   : adc.obj (.text:ADCSequenceConfigure)
                  00001100    00000048                   : gpio.obj (.text:GPIOPinConfigure)
                  00001148    00000044     rtsv7M4_T_le_v4SPD16_eabi.lib : autoinit.c.obj (.text:__TI_auto_init_nobinit_nopinit:__TI_auto_init_nobinit_nopinit)
                  0000118c    00000040                                   : u_divt2.asm.obj (.text)
                  000011cc    0000003c     driverlib.lib : ssi.obj (.text:SSIConfigSetExpClk)
                  00001208    00000038                   : sysctl.obj (.text:SysCtlPeripheralReady)
                  00001240    00000038     rtsv7M4_T_le_v4SPD16_eabi.lib : fs_tod_t2.asm.obj (.text)
                  00001278    00000034     driverlib.lib : sysctl.obj (.text:SysCtlPeripheralEnable)
                  000012ac    00000034     rtsv7M4_T_le_v4SPD16_eabi.lib : boot_cortex_m.c.obj (.text:_c_int00_noargs:_c_int00_noargs)
                  000012e0    0000002e     driverlib.lib : adc.obj (.text:ADCIntStatus)
                  0000130e    0000002a                   : gpio.obj (.text:GPIODirModeSet)
                  00001338    0000001e                   : adc.obj (.text:ADCSequenceDataGet)
                  00001356    00000018                   : adc.obj (.text:ADCProcessorTrigger)
                  0000136e    00000018                   : gpio.obj (.text:GPIOPinTypeGPIOOutput)
                  00001386    00000012                   : gpio.obj (.text:GPIOPinTypeADC)
                  00001398    00000012                   : gpio.obj (.text:GPIOPinTypeGPIOInput)
                  000013aa    00000012                   : gpio.obj (.text:GPIOPinTypeSSI)
                  000013bc    00000012                   : gpio.obj (.text:GPIOPinTypeUART)
                  000013ce    00000012                   : ssi.obj (.text:SSIDataGetNonBlocking)
                  000013e0    00000012                   : timer.obj (.text:TimerLoadSet)
                  000013f2    00000010                   : interrupt.obj (.text:IntMasterEnable)
                  00001402    0000000e                   : adc.obj (.text:ADCSequenceEnable)
                  00001410    0000000e                   : timer.obj (.text:TimerEnable)
                  0000141e    0000000e     rtsv7M4_T_le_v4SPD16_eabi.lib : copy_decompress_none.c.obj (.text:decompress:none:__TI_decompress_none)
                  0000142c    0000000c     driverlib.lib : cpu.obj (.text:CPUcpsie)
                  00001438    0000000c     rtsv7M4_T_le_v4SPD16_eabi.lib : copy_zero_init.c.obj (.text:decompress:ZI:__TI_zero_init)
                  00001444    0000000c     tm4c123gh6pm_startup_ccs.obj (.text)
                  00001450    0000000a     driverlib.lib : adc.obj (.text:ADCIntClear)
                  0000145a    0000000a                   : ssi.obj (.text:SSIDataPut)
                  00001464    0000000a                   : ssi.obj (.text:SSIEnable)
                  0000146e    00000008                   : ssi.obj (.text:SSIBusy)
                  00001476    00000008                   : timer.obj (.text:TimerIntEnable)
                  0000147e    00000006                   : sysctl.obj (.text:SysCtlDelay)
                  00001484    00000006                   : uart.obj (.text:UARTClockSourceSet)
                  0000148a    00000004                   : timer.obj (.text:TimerIntClear)
                  0000148e    00000004     rtsv7M4_T_le_v4SPD16_eabi.lib : pre_init.c.obj (.text:_system_pre_init)
                  00001492    00000004                                   : exit.c.obj (.text:abort:abort)

.const     0    00001498    0000019c     
                  00001498    00000090     driverlib.lib : gpio.obj (.const:g_pui32GPIOBaseAddrs)
                  00001528    00000070                   : interrupt.obj (.const)
                  00001598    0000006c                   : sysctl.obj (.const:g_pui32Xtals)
                  00001604    00000012     uartstdio.obj (.const:.string)
                  00001616    00000002     --HOLE-- [fill = 0]
                  00001618    0000000c     uartstdio.obj (.const:g_ui32UARTBase)
                  00001624    0000000c     uartstdio.obj (.const:g_ui32UARTPeriph)
                  00001630    00000004     uartstdio.obj (.const)

.cinit     0    00001638    00000038     
                  00001638    00000012     (.cinit..data.load) [load image, compression = lzss]
                  0000164a    00000002     --HOLE-- [fill = 0]
                  0000164c    0000000c     (__TI_handler_table)
                  00001658    00000008     (.cinit..bss.load) [load image, compression = zero_init]
                  00001660    00000010     (__TI_cinit_table)

.init_array 
*          0    00000000    00000000     UNINITIALIZED

.bss       0    20000000    000007d4     UNINITIALIZED
                  20000000    000007d0     (.common:buffer)
                  200007d0    00000004     (.common:var)

.data      0    200009d8    00000025     UNINITIALIZED
                  200009d8    00000020     proyecto.obj (.data)
                  200009f8    00000005     uartstdio.obj (.data)

.stack     0    200007d8    00000200     UNINITIALIZED
                  200007d8    00000004     rtsv7M4_T_le_v4SPD16_eabi.lib : boot_cortex_m.c.obj (.stack)
                  200007dc    000001fc     --HOLE--

__llvm_prf_cnts 
*          0    20000000    00000000     UNINITIALIZED

MODULE SUMMARY

       Module                         code   ro data   rw data
       ------                         ----   -------   -------
    .\
       proyecto.obj                   880    0         2036   
       uartstdio.obj                  1244   46        5      
       tm4c123gh6pm_startup_ccs.obj   12     620       0      
    +--+------------------------------+------+---------+---------+
       Total:                         2136   666       2041   
                                                              
    C:/ti/TivaWare_C_Series-2.1.4.178/driverlib/ccs/Debug/driverlib.lib
       sysctl.obj                     630    108       0      
       gpio.obj                       516    144       0      
       adc.obj                        326    0         0      
       interrupt.obj                  120    112       0      
       timer.obj                      140    0         0      
       ssi.obj                        106    0         0      
       cpu.obj                        12     0         0      
       uart.obj                       6      0         0      
    +--+------------------------------+------+---------+---------+
       Total:                         1856   364       0      
                                                              
    C:\ti\ccs1031\ccs\tools\compiler\ti-cgt-arm_20.2.5.LTS\lib\rtsv7M4_T_le_v4SPD16_eabi.lib
       memcpy_t2.asm.obj              156    0         0      
       memset_t2.asm.obj              122    0         0      
       copy_decompress_lzss.c.obj     104    0         0      
       autoinit.c.obj                 68     0         0      
       u_divt2.asm.obj                64     0         0      
       fs_tod_t2.asm.obj              56     0         0      
       boot_cortex_m.c.obj            52     0         0      
       copy_decompress_none.c.obj     14     0         0      
       copy_zero_init.c.obj           12     0         0      
       exit.c.obj                     4      0         0      
       pre_init.c.obj                 4      0         0      
       div0.asm.obj                   2      0         0      
    +--+------------------------------+------+---------+---------+
       Total:                         658    0         0      
                                                              
       Stack:                         0      0         512    
       Linker Generated:              0      54        0      
    +--+------------------------------+------+---------+---------+
       Grand Total:                   4650   1084      2553   


LINKER GENERATED COPY TABLES

__TI_cinit_table @ 00001660 records: 2, size/record: 8, table size: 16
	.data: load addr=00001638, load size=00000012 bytes, run addr=200009d8, run size=00000025 bytes, compression=lzss
	.bss: load addr=00001658, load size=00000008 bytes, run addr=20000000, run size=000007d4 bytes, compression=zero_init


LINKER GENERATED HANDLER TABLE

__TI_handler_table @ 0000164c records: 3, size/record: 4, table size: 12
	index: 0, handler: __TI_decompress_lzss
	index: 1, handler: __TI_decompress_none
	index: 2, handler: __TI_zero_init


GLOBAL SYMBOLS: SORTED ALPHABETICALLY BY Name 

address   name                          
-------   ----                          
00001451  ADCIntClear                   
000012e1  ADCIntStatus                  
00001357  ADCProcessorTrigger           
000010b1  ADCSequenceConfigure          
00001339  ADCSequenceDataGet            
00001403  ADCSequenceEnable             
00000e8d  ADCSequenceStepConfigure      
00001493  C$$EXIT                       
0000142d  CPUcpsie                      
0000130f  GPIODirModeSet                
00000ab9  GPIOPadConfigSet              
00001101  GPIOPinConfigure              
00001387  GPIOPinTypeADC                
00001399  GPIOPinTypeGPIOInput          
0000136f  GPIOPinTypeGPIOOutput         
000013ab  GPIOPinTypeSSI                
000013bd  GPIOPinTypeUART               
00000855  InitConsole                   
00000f81  IntEnable                     
000013f3  IntMasterEnable               
00001445  ResetISR                      
0000146f  SSIBusy                       
000011cd  SSIConfigSetExpClk            
000013cf  SSIDataGetNonBlocking         
0000145b  SSIDataPut                    
00001465  SSIEnable                     
00000bed  SysCtlClockGet                
00000cfd  SysCtlClockSet                
0000147f  SysCtlDelay                   
00001279  SysCtlPeripheralEnable        
00001209  SysCtlPeripheralReady         
00000749  Timer0IntHandler              
000007c5  Timer1IntHandler              
00001051  TimerConfigure                
00001411  TimerEnable                   
0000148b  TimerIntClear                 
00001477  TimerIntEnable                
000013e1  TimerLoadSet                  
00001485  UARTClockSourceSet            
0000026d  UARTStdioConfig               
000003e5  UARTgetc                      
0000031f  UARTgets                      
00000713  UARTprintf                    
00000419  UARTvprintf                   
000002cd  UARTwrite                     
200009d8  __STACK_END                   
00000200  __STACK_SIZE                  
200009d8  __STACK_TOP                   
00001660  __TI_CINIT_Base               
00001670  __TI_CINIT_Limit              
0000164c  __TI_Handler_Table_Base       
00001658  __TI_Handler_Table_Limit      
00001149  __TI_auto_init_nobinit_nopinit
00000fe9  __TI_decompress_lzss          
0000141f  __TI_decompress_none          
ffffffff  __TI_pprof_out_hndl           
ffffffff  __TI_prof_data_size           
ffffffff  __TI_prof_data_start          
00000000  __TI_static_base__            
00001439  __TI_zero_init                
00001241  __aeabi_f2d                   
00000beb  __aeabi_idiv0                 
00000beb  __aeabi_ldiv0                 
00000f07  __aeabi_memclr                
00000f07  __aeabi_memclr4               
00000f07  __aeabi_memclr8               
00000df1  __aeabi_memcpy                
00000df1  __aeabi_memcpy4               
00000df1  __aeabi_memcpy8               
00000f09  __aeabi_memset                
00000f09  __aeabi_memset4               
00000f09  __aeabi_memset8               
0000118d  __aeabi_uidiv                 
0000118d  __aeabi_uidivmod              
ffffffff  __binit__                     
ffffffff  __c_args__                    
UNDEFED   __mpu_init                    
200007d8  __stack                       
20000000  __start___llvm_prf_cnts       
20000000  __stop___llvm_prf_cnts        
000012ad  _c_int00_noargs               
UNDEFED   _system_post_cinit            
0000148f  _system_pre_init              
00001493  abort                         
ffffffff  binit                         
20000000  buffer                        
200009e4  cont                          
00000000  g_pfnVectors                  
200009e0  i                             
00000891  main                          
00000df1  memcpy                        
00000f0f  memset                        
200009e8  modo                          
200009ec  num_coef_grab                 
200009f4  num_muestras_grab             
200009f0  num_muestras_ond              
200009e6  salida                        
200007d0  var                           
200009dc  x_n                           
200009d8  y_n                           


GLOBAL SYMBOLS: SORTED BY Symbol Address 

address   name                          
-------   ----                          
00000000  __TI_static_base__            
00000000  g_pfnVectors                  
00000200  __STACK_SIZE                  
0000026d  UARTStdioConfig               
000002cd  UARTwrite                     
0000031f  UARTgets                      
000003e5  UARTgetc                      
00000419  UARTvprintf                   
00000713  UARTprintf                    
00000749  Timer0IntHandler              
000007c5  Timer1IntHandler              
00000855  InitConsole                   
00000891  main                          
00000ab9  GPIOPadConfigSet              
00000beb  __aeabi_idiv0                 
00000beb  __aeabi_ldiv0                 
00000bed  SysCtlClockGet                
00000cfd  SysCtlClockSet                
00000df1  __aeabi_memcpy                
00000df1  __aeabi_memcpy4               
00000df1  __aeabi_memcpy8               
00000df1  memcpy                        
00000e8d  ADCSequenceStepConfigure      
00000f07  __aeabi_memclr                
00000f07  __aeabi_memclr4               
00000f07  __aeabi_memclr8               
00000f09  __aeabi_memset                
00000f09  __aeabi_memset4               
00000f09  __aeabi_memset8               
00000f0f  memset                        
00000f81  IntEnable                     
00000fe9  __TI_decompress_lzss          
00001051  TimerConfigure                
000010b1  ADCSequenceConfigure          
00001101  GPIOPinConfigure              
00001149  __TI_auto_init_nobinit_nopinit
0000118d  __aeabi_uidiv                 
0000118d  __aeabi_uidivmod              
000011cd  SSIConfigSetExpClk            
00001209  SysCtlPeripheralReady         
00001241  __aeabi_f2d                   
00001279  SysCtlPeripheralEnable        
000012ad  _c_int00_noargs               
000012e1  ADCIntStatus                  
0000130f  GPIODirModeSet                
00001339  ADCSequenceDataGet            
00001357  ADCProcessorTrigger           
0000136f  GPIOPinTypeGPIOOutput         
00001387  GPIOPinTypeADC                
00001399  GPIOPinTypeGPIOInput          
000013ab  GPIOPinTypeSSI                
000013bd  GPIOPinTypeUART               
000013cf  SSIDataGetNonBlocking         
000013e1  TimerLoadSet                  
000013f3  IntMasterEnable               
00001403  ADCSequenceEnable             
00001411  TimerEnable                   
0000141f  __TI_decompress_none          
0000142d  CPUcpsie                      
00001439  __TI_zero_init                
00001445  ResetISR                      
00001451  ADCIntClear                   
0000145b  SSIDataPut                    
00001465  SSIEnable                     
0000146f  SSIBusy                       
00001477  TimerIntEnable                
0000147f  SysCtlDelay                   
00001485  UARTClockSourceSet            
0000148b  TimerIntClear                 
0000148f  _system_pre_init              
00001493  C$$EXIT                       
00001493  abort                         
0000164c  __TI_Handler_Table_Base       
00001658  __TI_Handler_Table_Limit      
00001660  __TI_CINIT_Base               
00001670  __TI_CINIT_Limit              
20000000  __start___llvm_prf_cnts       
20000000  __stop___llvm_prf_cnts        
20000000  buffer                        
200007d0  var                           
200007d8  __stack                       
200009d8  __STACK_END                   
200009d8  __STACK_TOP                   
200009d8  y_n                           
200009dc  x_n                           
200009e0  i                             
200009e4  cont                          
200009e6  salida                        
200009e8  modo                          
200009ec  num_coef_grab                 
200009f0  num_muestras_ond              
200009f4  num_muestras_grab             
ffffffff  __TI_pprof_out_hndl           
ffffffff  __TI_prof_data_size           
ffffffff  __TI_prof_data_start          
ffffffff  __binit__                     
ffffffff  __c_args__                    
ffffffff  binit                         
UNDEFED   __mpu_init                    
UNDEFED   _system_post_cinit            

[100 symbols]
