******************************************************************************
                  TI ARM Linker PC v20.2.5                     
******************************************************************************
>> Linked Tue Mar  1 01:49:16 2022

OUTPUT FILE NAME:   <lab6-1.out>
ENTRY POINT SYMBOL: "_c_int00_noargs"  address: 00000ecd


MEMORY CONFIGURATION

         name            origin    length      used     unused   attr    fill
----------------------  --------  ---------  --------  --------  ----  --------
  FLASH                 00000000   00040000  0000113c  0003eec4  R  X
  SRAM                  20000000   00008000  00000205  00007dfb  RW X


SEGMENT ALLOCATION MAP

run origin  load origin   length   init length attrs members
----------  ----------- ---------- ----------- ----- -------
00000000    00000000    00001140   00001140    r-x
  00000000    00000000    0000026c   0000026c    r-- .intvecs
  0000026c    0000026c    00000d8c   00000d8c    r-x .text
  00000ff8    00000ff8    0000012c   0000012c    r-- .const
  00001128    00001128    00000018   00000018    r-- .cinit
20000000    20000000    00000205   00000000    rw-
  20000000    20000000    00000200   00000000    rw- .stack
  20000200    20000200    00000005   00000000    rw- .data


SECTION ALLOCATION MAP

 output                                  attributes/
section   page    origin      length       input sections
--------  ----  ----------  ----------   ----------------
.intvecs   0    00000000    0000026c     
                  00000000    0000026c     tm4c123gh6pm_startup_ccs.obj (.intvecs)

.text      0    0000026c    00000d8c     
                  0000026c    000004dc     uartstdio.obj (.text)
                  00000748    0000017c     main.obj (.text)
                  000008c4    00000132     driverlib.lib : gpio.obj (.text:GPIOPadConfigSet)
                  000009f6    00000002     rtsv7M4_T_le_v4SPD16_eabi.lib : div0.asm.obj (.text)
                  000009f8    00000110     driverlib.lib : sysctl.obj (.text:SysCtlClockGet)
                  00000b08    000000f4                   : sysctl.obj (.text:SysCtlClockSet)
                  00000bfc    0000009c     rtsv7M4_T_le_v4SPD16_eabi.lib : memcpy_t2.asm.obj (.text)
                  00000c98    0000007a     driverlib.lib : adc.obj (.text:ADCSequenceStepConfigure)
                  00000d12    00000068     rtsv7M4_T_le_v4SPD16_eabi.lib : copy_decompress_lzss.c.obj (.text:decompress:lzss:__TI_decompress_lzss)
                  00000d7a    00000050     driverlib.lib : adc.obj (.text:ADCSequenceConfigure)
                  00000dca    00000002     --HOLE-- [fill = 0]
                  00000dcc    00000048                   : gpio.obj (.text:GPIOPinConfigure)
                  00000e14    00000044     rtsv7M4_T_le_v4SPD16_eabi.lib : autoinit.c.obj (.text:__TI_auto_init_nobinit_nopinit:__TI_auto_init_nobinit_nopinit)
                  00000e58    00000040                                   : u_divt2.asm.obj (.text)
                  00000e98    00000034     driverlib.lib : sysctl.obj (.text:SysCtlPeripheralEnable)
                  00000ecc    00000034     rtsv7M4_T_le_v4SPD16_eabi.lib : boot_cortex_m.c.obj (.text:_c_int00_noargs:_c_int00_noargs)
                  00000f00    0000002e     driverlib.lib : adc.obj (.text:ADCIntStatus)
                  00000f2e    0000002a                   : gpio.obj (.text:GPIODirModeSet)
                  00000f58    0000001e                   : adc.obj (.text:ADCSequenceDataGet)
                  00000f76    00000018                   : adc.obj (.text:ADCProcessorTrigger)
                  00000f8e    00000012                   : gpio.obj (.text:GPIOPinTypeADC)
                  00000fa0    00000012                   : gpio.obj (.text:GPIOPinTypeUART)
                  00000fb2    0000000e                   : adc.obj (.text:ADCSequenceEnable)
                  00000fc0    0000000e     rtsv7M4_T_le_v4SPD16_eabi.lib : copy_decompress_none.c.obj (.text:decompress:none:__TI_decompress_none)
                  00000fce    0000000c     tm4c123gh6pm_startup_ccs.obj (.text)
                  00000fda    0000000a     driverlib.lib : adc.obj (.text:ADCIntClear)
                  00000fe4    00000006                   : sysctl.obj (.text:SysCtlDelay)
                  00000fea    00000006                   : uart.obj (.text:UARTClockSourceSet)
                  00000ff0    00000004     rtsv7M4_T_le_v4SPD16_eabi.lib : pre_init.c.obj (.text:_system_pre_init)
                  00000ff4    00000004                                   : exit.c.obj (.text:abort:abort)

.const     0    00000ff8    0000012c     
                  00000ff8    00000090     driverlib.lib : gpio.obj (.const:g_pui32GPIOBaseAddrs)
                  00001088    0000006c                   : sysctl.obj (.const:g_pui32Xtals)
                  000010f4    00000012     uartstdio.obj (.const:.string)
                  00001106    00000002     --HOLE-- [fill = 0]
                  00001108    0000000c     uartstdio.obj (.const:g_ui32UARTBase)
                  00001114    0000000c     uartstdio.obj (.const:g_ui32UARTPeriph)
                  00001120    00000004     uartstdio.obj (.const)

.cinit     0    00001128    00000018     
                  00001128    00000008     (__TI_handler_table)
                  00001130    00000007     (.cinit..data.load) [load image, compression = lzss]
                  00001137    00000001     --HOLE-- [fill = 0]
                  00001138    00000008     (__TI_cinit_table)

.init_array 
*          0    00000000    00000000     UNINITIALIZED

.data      0    20000200    00000005     UNINITIALIZED
                  20000200    00000005     uartstdio.obj (.data)

.stack     0    20000000    00000200     UNINITIALIZED
                  20000000    00000004     rtsv7M4_T_le_v4SPD16_eabi.lib : boot_cortex_m.c.obj (.stack)
                  20000004    000001fc     --HOLE--

__llvm_prf_cnts 
*          0    20000000    00000000     UNINITIALIZED

MODULE SUMMARY

       Module                         code   ro data   rw data
       ------                         ----   -------   -------
    .\
       uartstdio.obj                  1244   46        5      
       tm4c123gh6pm_startup_ccs.obj   12     620       0      
       main.obj                       380    0         0      
    +--+------------------------------+------+---------+---------+
       Total:                         1636   666       5      
                                                              
    C:/ti/TivaWare_C_Series-2.1.4.178/driverlib/ccs/Debug/driverlib.lib
       sysctl.obj                     574    108       0      
       gpio.obj                       456    144       0      
       adc.obj                        326    0         0      
       uart.obj                       6      0         0      
    +--+------------------------------+------+---------+---------+
       Total:                         1362   252       0      
                                                              
    C:\ti\ccs1031\ccs\tools\compiler\ti-cgt-arm_20.2.5.LTS\lib\rtsv7M4_T_le_v4SPD16_eabi.lib
       memcpy_t2.asm.obj              156    0         0      
       copy_decompress_lzss.c.obj     104    0         0      
       autoinit.c.obj                 68     0         0      
       u_divt2.asm.obj                64     0         0      
       boot_cortex_m.c.obj            52     0         0      
       copy_decompress_none.c.obj     14     0         0      
       exit.c.obj                     4      0         0      
       pre_init.c.obj                 4      0         0      
       div0.asm.obj                   2      0         0      
    +--+------------------------------+------+---------+---------+
       Total:                         468    0         0      
                                                              
       Stack:                         0      0         512    
       Linker Generated:              0      23        0      
    +--+------------------------------+------+---------+---------+
       Grand Total:                   3466   941       517    


LINKER GENERATED COPY TABLES

__TI_cinit_table @ 00001138 records: 1, size/record: 8, table size: 8
	.data: load addr=00001130, load size=00000007 bytes, run addr=20000200, run size=00000005 bytes, compression=lzss


LINKER GENERATED HANDLER TABLE

__TI_handler_table @ 00001128 records: 2, size/record: 4, table size: 8
	index: 0, handler: __TI_decompress_lzss
	index: 1, handler: __TI_decompress_none


GLOBAL SYMBOLS: SORTED ALPHABETICALLY BY Name 

address   name                          
-------   ----                          
00000fdb  ADCIntClear                   
00000f01  ADCIntStatus                  
00000f77  ADCProcessorTrigger           
00000d7b  ADCSequenceConfigure          
00000f59  ADCSequenceDataGet            
00000fb3  ADCSequenceEnable             
00000c99  ADCSequenceStepConfigure      
00000ff5  C$$EXIT                       
00000f2f  GPIODirModeSet                
000008c5  GPIOPadConfigSet              
00000dcd  GPIOPinConfigure              
00000f8f  GPIOPinTypeADC                
00000fa1  GPIOPinTypeUART               
00000749  InitConsole                   
00000fcf  ResetISR                      
000009f9  SysCtlClockGet                
00000b09  SysCtlClockSet                
00000fe5  SysCtlDelay                   
00000e99  SysCtlPeripheralEnable        
UNDEFED   Timer0IntHandler              
UNDEFED   Timer1IntHandler              
00000feb  UARTClockSourceSet            
0000026d  UARTStdioConfig               
000003e5  UARTgetc                      
0000031f  UARTgets                      
00000713  UARTprintf                    
00000419  UARTvprintf                   
000002cd  UARTwrite                     
20000200  __STACK_END                   
00000200  __STACK_SIZE                  
20000200  __STACK_TOP                   
00001138  __TI_CINIT_Base               
00001140  __TI_CINIT_Limit              
00001128  __TI_Handler_Table_Base       
00001130  __TI_Handler_Table_Limit      
00000e15  __TI_auto_init_nobinit_nopinit
00000d13  __TI_decompress_lzss          
00000fc1  __TI_decompress_none          
ffffffff  __TI_pprof_out_hndl           
ffffffff  __TI_prof_data_size           
ffffffff  __TI_prof_data_start          
00000000  __TI_static_base__            
000009f7  __aeabi_idiv0                 
000009f7  __aeabi_ldiv0                 
00000bfd  __aeabi_memcpy                
00000bfd  __aeabi_memcpy4               
00000bfd  __aeabi_memcpy8               
00000e59  __aeabi_uidiv                 
00000e59  __aeabi_uidivmod              
ffffffff  __binit__                     
ffffffff  __c_args__                    
UNDEFED   __mpu_init                    
20000000  __stack                       
20000000  __start___llvm_prf_cnts       
20000000  __stop___llvm_prf_cnts        
00000ecd  _c_int00_noargs               
UNDEFED   _system_post_cinit            
00000ff1  _system_pre_init              
00000ff5  abort                         
ffffffff  binit                         
00000000  g_pfnVectors                  
00000785  main                          
00000bfd  memcpy                        


GLOBAL SYMBOLS: SORTED BY Symbol Address 

address   name                          
-------   ----                          
00000000  __TI_static_base__            
00000000  g_pfnVectors                  
00000200  __STACK_SIZE                  
0000026d  UARTStdioConfig               
000002cd  UARTwrite                     
0000031f  UARTgets                      
000003e5  UARTgetc                      
00000419  UARTvprintf                   
00000713  UARTprintf                    
00000749  InitConsole                   
00000785  main                          
000008c5  GPIOPadConfigSet              
000009f7  __aeabi_idiv0                 
000009f7  __aeabi_ldiv0                 
000009f9  SysCtlClockGet                
00000b09  SysCtlClockSet                
00000bfd  __aeabi_memcpy                
00000bfd  __aeabi_memcpy4               
00000bfd  __aeabi_memcpy8               
00000bfd  memcpy                        
00000c99  ADCSequenceStepConfigure      
00000d13  __TI_decompress_lzss          
00000d7b  ADCSequenceConfigure          
00000dcd  GPIOPinConfigure              
00000e15  __TI_auto_init_nobinit_nopinit
00000e59  __aeabi_uidiv                 
00000e59  __aeabi_uidivmod              
00000e99  SysCtlPeripheralEnable        
00000ecd  _c_int00_noargs               
00000f01  ADCIntStatus                  
00000f2f  GPIODirModeSet                
00000f59  ADCSequenceDataGet            
00000f77  ADCProcessorTrigger           
00000f8f  GPIOPinTypeADC                
00000fa1  GPIOPinTypeUART               
00000fb3  ADCSequenceEnable             
00000fc1  __TI_decompress_none          
00000fcf  ResetISR                      
00000fdb  ADCIntClear                   
00000fe5  SysCtlDelay                   
00000feb  UARTClockSourceSet            
00000ff1  _system_pre_init              
00000ff5  C$$EXIT                       
00000ff5  abort                         
00001128  __TI_Handler_Table_Base       
00001130  __TI_Handler_Table_Limit      
00001138  __TI_CINIT_Base               
00001140  __TI_CINIT_Limit              
20000000  __stack                       
20000000  __start___llvm_prf_cnts       
20000000  __stop___llvm_prf_cnts        
20000200  __STACK_END                   
20000200  __STACK_TOP                   
ffffffff  __TI_pprof_out_hndl           
ffffffff  __TI_prof_data_size           
ffffffff  __TI_prof_data_start          
ffffffff  __binit__                     
ffffffff  __c_args__                    
ffffffff  binit                         
UNDEFED   Timer0IntHandler              
UNDEFED   Timer1IntHandler              
UNDEFED   __mpu_init                    
UNDEFED   _system_post_cinit            

[63 symbols]
