******************************************************************************
                  TI ARM Linker PC v20.2.5                     
******************************************************************************
>> Linked Tue Mar  1 01:26:53 2022

OUTPUT FILE NAME:   <lab6.out>
ENTRY POINT SYMBOL: "_c_int00_noargs"  address: 00000f31


MEMORY CONFIGURATION

         name            origin    length      used     unused   attr    fill
----------------------  --------  ---------  --------  --------  ----  --------
  FLASH                 00000000   00040000  00001216  0003edea  R  X
  SRAM                  20000000   00008000  00000207  00007df9  RW X


SEGMENT ALLOCATION MAP

run origin  load origin   length   init length attrs members
----------  ----------- ---------- ----------- ----- -------
00000000    00000000    00001218   00001218    r-x
  00000000    00000000    0000026c   0000026c    r-- .intvecs
  0000026c    0000026c    00000df6   00000df6    r-x .text
  00001064    00001064    0000019c   0000019c    r-- .const
  00001200    00001200    00000018   00000018    r-- .cinit
20000000    20000000    00000207   00000000    rw-
  20000000    20000000    00000200   00000000    rw- .stack
  20000200    20000200    00000007   00000000    rw- .data


SECTION ALLOCATION MAP

 output                                  attributes/
section   page    origin      length       input sections
--------  ----  ----------  ----------   ----------------
.intvecs   0    00000000    0000026c     
                  00000000    0000026c     tm4c123gh6pm_startup_ccs.obj (.intvecs)

.text      0    0000026c    00000df6     
                  0000026c    000004dc     uartstdio.obj (.text)
                  00000748    000001e4     main.obj (.text)
                  0000092c    00000132     driverlib.lib : gpio.obj (.text:GPIOPadConfigSet)
                  00000a5e    00000002     rtsv7M4_T_le_v4SPD16_eabi.lib : div0.asm.obj (.text)
                  00000a60    00000110     driverlib.lib : sysctl.obj (.text:SysCtlClockGet)
                  00000b70    000000f4                   : sysctl.obj (.text:SysCtlClockSet)
                  00000c64    0000009c     rtsv7M4_T_le_v4SPD16_eabi.lib : memcpy_t2.asm.obj (.text)
                  00000d00    00000068     driverlib.lib : interrupt.obj (.text:IntEnable)
                  00000d68    00000068     rtsv7M4_T_le_v4SPD16_eabi.lib : copy_decompress_lzss.c.obj (.text:decompress:lzss:__TI_decompress_lzss)
                  00000dd0    00000060     driverlib.lib : timer.obj (.text:TimerConfigure)
                  00000e30    00000048                   : gpio.obj (.text:GPIOPinConfigure)
                  00000e78    00000044     rtsv7M4_T_le_v4SPD16_eabi.lib : autoinit.c.obj (.text:__TI_auto_init_nobinit_nopinit:__TI_auto_init_nobinit_nopinit)
                  00000ebc    00000040                                   : u_divt2.asm.obj (.text)
                  00000efc    00000034     driverlib.lib : sysctl.obj (.text:SysCtlPeripheralEnable)
                  00000f30    00000034     rtsv7M4_T_le_v4SPD16_eabi.lib : boot_cortex_m.c.obj (.text:_c_int00_noargs:_c_int00_noargs)
                  00000f64    0000002a     driverlib.lib : gpio.obj (.text:GPIODirModeSet)
                  00000f8e    00000018                   : gpio.obj (.text:GPIOPinTypeGPIOOutput)
                  00000fa6    00000012                   : gpio.obj (.text:GPIOPinTypeUART)
                  00000fb8    00000012                   : timer.obj (.text:TimerLoadSet)
                  00000fca    00000002     --HOLE-- [fill = 0]
                  00000fcc    00000010                   : fpu.obj (.text:FPULazyStackingEnable)
                  00000fdc    00000010                   : interrupt.obj (.text:IntMasterDisable)
                  00000fec    00000010                   : interrupt.obj (.text:IntMasterEnable)
                  00000ffc    0000000e                   : timer.obj (.text:TimerEnable)
                  0000100a    0000000e     rtsv7M4_T_le_v4SPD16_eabi.lib : copy_decompress_none.c.obj (.text:decompress:none:__TI_decompress_none)
                  00001018    0000000c     driverlib.lib : cpu.obj (.text:CPUcpsid)
                  00001024    0000000c                   : cpu.obj (.text:CPUcpsie)
                  00001030    0000000c     tm4c123gh6pm_startup_ccs.obj (.text)
                  0000103c    00000008     driverlib.lib : timer.obj (.text:TimerIntEnable)
                  00001044    00000006                   : gpio.obj (.text:GPIOPinWrite)
                  0000104a    00000006                   : sysctl.obj (.text:SysCtlDelay)
                  00001050    00000006                   : uart.obj (.text:UARTClockSourceSet)
                  00001056    00000004                   : timer.obj (.text:TimerIntClear)
                  0000105a    00000004     rtsv7M4_T_le_v4SPD16_eabi.lib : pre_init.c.obj (.text:_system_pre_init)
                  0000105e    00000004                                   : exit.c.obj (.text:abort:abort)

.const     0    00001064    0000019c     
                  00001064    00000090     driverlib.lib : gpio.obj (.const:g_pui32GPIOBaseAddrs)
                  000010f4    00000070                   : interrupt.obj (.const)
                  00001164    0000006c                   : sysctl.obj (.const:g_pui32Xtals)
                  000011d0    00000012     uartstdio.obj (.const:.string)
                  000011e2    00000002     --HOLE-- [fill = 0]
                  000011e4    0000000c     uartstdio.obj (.const:g_ui32UARTBase)
                  000011f0    0000000c     uartstdio.obj (.const:g_ui32UARTPeriph)
                  000011fc    00000004     uartstdio.obj (.const)

.cinit     0    00001200    00000018     
                  00001200    00000008     (__TI_handler_table)
                  00001208    00000007     (.cinit..data.load) [load image, compression = lzss]
                  0000120f    00000001     --HOLE-- [fill = 0]
                  00001210    00000008     (__TI_cinit_table)

.init_array 
*          0    00000000    00000000     UNINITIALIZED

.data      0    20000200    00000007     UNINITIALIZED
                  20000200    00000005     uartstdio.obj (.data)
                  20000205    00000002     main.obj (.data)

.stack     0    20000000    00000200     UNINITIALIZED
                  20000000    00000004     rtsv7M4_T_le_v4SPD16_eabi.lib : boot_cortex_m.c.obj (.stack)
                  20000004    000001fc     --HOLE--

__llvm_prf_cnts 
*          0    20000000    00000000     UNINITIALIZED

MODULE SUMMARY

       Module                         code   ro data   rw data
       ------                         ----   -------   -------
    .\
       uartstdio.obj                  1244   46        5      
       tm4c123gh6pm_startup_ccs.obj   12     620       0      
       main.obj                       484    0         2      
    +--+------------------------------+------+---------+---------+
       Total:                         1740   666       7      
                                                              
    C:/ti/TivaWare_C_Series-2.1.4.178/driverlib/ccs/Debug/driverlib.lib
       sysctl.obj                     574    108       0      
       gpio.obj                       468    144       0      
       interrupt.obj                  136    112       0      
       timer.obj                      140    0         0      
       cpu.obj                        24     0         0      
       fpu.obj                        16     0         0      
       uart.obj                       6      0         0      
    +--+------------------------------+------+---------+---------+
       Total:                         1364   364       0      
                                                              
    C:\ti\ccs1031\ccs\tools\compiler\ti-cgt-arm_20.2.5.LTS\lib\rtsv7M4_T_le_v4SPD16_eabi.lib
       memcpy_t2.asm.obj              156    0         0      
       copy_decompress_lzss.c.obj     104    0         0      
       autoinit.c.obj                 68     0         0      
       u_divt2.asm.obj                64     0         0      
       boot_cortex_m.c.obj            52     0         0      
       copy_decompress_none.c.obj     14     0         0      
       exit.c.obj                     4      0         0      
       pre_init.c.obj                 4      0         0      
       div0.asm.obj                   2      0         0      
    +--+------------------------------+------+---------+---------+
       Total:                         468    0         0      
                                                              
       Stack:                         0      0         512    
       Linker Generated:              0      23        0      
    +--+------------------------------+------+---------+---------+
       Grand Total:                   3572   1053      519    


LINKER GENERATED COPY TABLES

__TI_cinit_table @ 00001210 records: 1, size/record: 8, table size: 8
	.data: load addr=00001208, load size=00000007 bytes, run addr=20000200, run size=00000007 bytes, compression=lzss


LINKER GENERATED HANDLER TABLE

__TI_handler_table @ 00001200 records: 2, size/record: 4, table size: 8
	index: 0, handler: __TI_decompress_lzss
	index: 1, handler: __TI_decompress_none


GLOBAL SYMBOLS: SORTED ALPHABETICALLY BY Name 

address   name                          
-------   ----                          
0000105f  C$$EXIT                       
00001019  CPUcpsid                      
00001025  CPUcpsie                      
00000801  ConfigureUART                 
00000fcd  FPULazyStackingEnable         
00000f65  GPIODirModeSet                
0000092d  GPIOPadConfigSet              
00000e31  GPIOPinConfigure              
00000f8f  GPIOPinTypeGPIOOutput         
00000fa7  GPIOPinTypeUART               
00001045  GPIOPinWrite                  
00000d01  IntEnable                     
00000fdd  IntMasterDisable              
00000fed  IntMasterEnable               
00001031  ResetISR                      
00000a61  SysCtlClockGet                
00000b71  SysCtlClockSet                
0000104b  SysCtlDelay                   
00000efd  SysCtlPeripheralEnable        
00000749  Timer0IntHandler              
000007a5  Timer1IntHandler              
00000dd1  TimerConfigure                
00000ffd  TimerEnable                   
00001057  TimerIntClear                 
0000103d  TimerIntEnable                
00000fb9  TimerLoadSet                  
00001051  UARTClockSourceSet            
0000026d  UARTStdioConfig               
000003e5  UARTgetc                      
0000031f  UARTgets                      
00000713  UARTprintf                    
00000419  UARTvprintf                   
000002cd  UARTwrite                     
20000200  __STACK_END                   
00000200  __STACK_SIZE                  
20000200  __STACK_TOP                   
00001210  __TI_CINIT_Base               
00001218  __TI_CINIT_Limit              
00001200  __TI_Handler_Table_Base       
00001208  __TI_Handler_Table_Limit      
00000e79  __TI_auto_init_nobinit_nopinit
00000d69  __TI_decompress_lzss          
0000100b  __TI_decompress_none          
ffffffff  __TI_pprof_out_hndl           
ffffffff  __TI_prof_data_size           
ffffffff  __TI_prof_data_start          
00000000  __TI_static_base__            
00000a5f  __aeabi_idiv0                 
00000a5f  __aeabi_ldiv0                 
00000c65  __aeabi_memcpy                
00000c65  __aeabi_memcpy4               
00000c65  __aeabi_memcpy8               
00000ebd  __aeabi_uidiv                 
00000ebd  __aeabi_uidivmod              
ffffffff  __binit__                     
ffffffff  __c_args__                    
UNDEFED   __mpu_init                    
20000000  __stack                       
20000000  __start___llvm_prf_cnts       
20000000  __stop___llvm_prf_cnts        
00000f31  _c_int00_noargs               
UNDEFED   _system_post_cinit            
0000105b  _system_pre_init              
0000105f  abort                         
ffffffff  binit                         
20000205  cont0                         
20000206  cont1                         
00000000  g_pfnVectors                  
0000083d  main                          
00000c65  memcpy                        


GLOBAL SYMBOLS: SORTED BY Symbol Address 

address   name                          
-------   ----                          
00000000  __TI_static_base__            
00000000  g_pfnVectors                  
00000200  __STACK_SIZE                  
0000026d  UARTStdioConfig               
000002cd  UARTwrite                     
0000031f  UARTgets                      
000003e5  UARTgetc                      
00000419  UARTvprintf                   
00000713  UARTprintf                    
00000749  Timer0IntHandler              
000007a5  Timer1IntHandler              
00000801  ConfigureUART                 
0000083d  main                          
0000092d  GPIOPadConfigSet              
00000a5f  __aeabi_idiv0                 
00000a5f  __aeabi_ldiv0                 
00000a61  SysCtlClockGet                
00000b71  SysCtlClockSet                
00000c65  __aeabi_memcpy                
00000c65  __aeabi_memcpy4               
00000c65  __aeabi_memcpy8               
00000c65  memcpy                        
00000d01  IntEnable                     
00000d69  __TI_decompress_lzss          
00000dd1  TimerConfigure                
00000e31  GPIOPinConfigure              
00000e79  __TI_auto_init_nobinit_nopinit
00000ebd  __aeabi_uidiv                 
00000ebd  __aeabi_uidivmod              
00000efd  SysCtlPeripheralEnable        
00000f31  _c_int00_noargs               
00000f65  GPIODirModeSet                
00000f8f  GPIOPinTypeGPIOOutput         
00000fa7  GPIOPinTypeUART               
00000fb9  TimerLoadSet                  
00000fcd  FPULazyStackingEnable         
00000fdd  IntMasterDisable              
00000fed  IntMasterEnable               
00000ffd  TimerEnable                   
0000100b  __TI_decompress_none          
00001019  CPUcpsid                      
00001025  CPUcpsie                      
00001031  ResetISR                      
0000103d  TimerIntEnable                
00001045  GPIOPinWrite                  
0000104b  SysCtlDelay                   
00001051  UARTClockSourceSet            
00001057  TimerIntClear                 
0000105b  _system_pre_init              
0000105f  C$$EXIT                       
0000105f  abort                         
00001200  __TI_Handler_Table_Base       
00001208  __TI_Handler_Table_Limit      
00001210  __TI_CINIT_Base               
00001218  __TI_CINIT_Limit              
20000000  __stack                       
20000000  __start___llvm_prf_cnts       
20000000  __stop___llvm_prf_cnts        
20000200  __STACK_END                   
20000200  __STACK_TOP                   
20000205  cont0                         
20000206  cont1                         
ffffffff  __TI_pprof_out_hndl           
ffffffff  __TI_prof_data_size           
ffffffff  __TI_prof_data_start          
ffffffff  __binit__                     
ffffffff  __c_args__                    
ffffffff  binit                         
UNDEFED   __mpu_init                    
UNDEFED   _system_post_cinit            

[70 symbols]
